../Core/Src/lcd.c:25:10:LCD_RD_DATA	8	static
../Core/Src/lcd.c:15:6:LCD_WR_REG	0	static
../Core/Src/lcd.c:33:6:lcd_AddressSet	12	static
../Core/Src/lcd.c:49:6:lcd_SetCursor	0	static
../Core/Src/lcd.c:59:6:lcd_DisplayOn	0	static
../Core/Src/lcd.c:64:6:lcd_DisplayOff	0	static
../Core/Src/lcd.c:69:10:lcd_ReadPoint	8	static
../Core/Src/lcd.c:87:6:lcd_Clear	16	static
../Core/Src/lcd.c:109:6:lcd_Fill	24	static
../Core/Src/lcd.c:129:6:lcd_DrawPoint	8	static
../Core/Src/lcd.c:423:13:_draw_circle_8	40	static
../Core/Src/lcd.c:144:6:lcd_DrawLine	56	static
../Core/Src/lcd.c:180:6:lcd_DrawRectangle	32	static
../Core/Src/lcd.c:188:6:lcd_show_char	72	static
../Core/Src/lcd.c:232:10:mypow	0	static
../Core/Src/lcd.c:239:6:lcd_show_int_num	72	static
../Core/Src/lcd.c:261:6:lcd_show_float_num	72	static
../Core/Src/lcd.c:280:6:lcd_show_picture	24	static
../Core/Src/lcd.c:299:6:lcd_set_direction	0	static
../Core/Src/lcd.c:313:6:lcd_init	24	static
../Core/Src/lcd.c:442:6:lcd_draw_circle	40	static
../Core/Src/lcd.c:478:6:lcd_show_string	64	static
../Core/Src/lcd.c:506:6:lcd_show_string_center	40	static
