Archive member included to satisfy reference by file (symbol)

C:/ST/STM32CubeIDE_1.13.2/STM32CubeIDE/plugins/com.st.stm32cube.ide.mcu.externaltools.gnu-tools-for-stm32.11.3.rel1.win32_1.1.100.202309141235/tools/bin/../lib/gcc/arm-none-eabi/11.3.1/../../../../arm-none-eabi/lib/thumb/v7e-m+fp/hard\libc_nano.a(libc_a-exit.o)
                              C:/ST/STM32CubeIDE_1.13.2/STM32CubeIDE/plugins/com.st.stm32cube.ide.mcu.externaltools.gnu-tools-for-stm32.11.3.rel1.win32_1.1.100.202309141235/tools/bin/../lib/gcc/arm-none-eabi/11.3.1/../../../../arm-none-eabi/lib/thumb/v7e-m+fp/hard/crt0.o (exit)
C:/ST/STM32CubeIDE_1.13.2/STM32CubeIDE/plugins/com.st.stm32cube.ide.mcu.externaltools.gnu-tools-for-stm32.11.3.rel1.win32_1.1.100.202309141235/tools/bin/../lib/gcc/arm-none-eabi/11.3.1/../../../../arm-none-eabi/lib/thumb/v7e-m+fp/hard\libc_nano.a(libc_a-findfp.o)
                              C:/ST/STM32CubeIDE_1.13.2/STM32CubeIDE/plugins/com.st.stm32cube.ide.mcu.externaltools.gnu-tools-for-stm32.11.3.rel1.win32_1.1.100.202309141235/tools/bin/../lib/gcc/arm-none-eabi/11.3.1/../../../../arm-none-eabi/lib/thumb/v7e-m+fp/hard\libc_nano.a(libc_a-exit.o) (__stdio_exit_handler)
C:/ST/STM32CubeIDE_1.13.2/STM32CubeIDE/plugins/com.st.stm32cube.ide.mcu.externaltools.gnu-tools-for-stm32.11.3.rel1.win32_1.1.100.202309141235/tools/bin/../lib/gcc/arm-none-eabi/11.3.1/../../../../arm-none-eabi/lib/thumb/v7e-m+fp/hard\libc_nano.a(libc_a-fwalk.o)
                              C:/ST/STM32CubeIDE_1.13.2/STM32CubeIDE/plugins/com.st.stm32cube.ide.mcu.externaltools.gnu-tools-for-stm32.11.3.rel1.win32_1.1.100.202309141235/tools/bin/../lib/gcc/arm-none-eabi/11.3.1/../../../../arm-none-eabi/lib/thumb/v7e-m+fp/hard\libc_nano.a(libc_a-findfp.o) (_fwalk_sglue)
C:/ST/STM32CubeIDE_1.13.2/STM32CubeIDE/plugins/com.st.stm32cube.ide.mcu.externaltools.gnu-tools-for-stm32.11.3.rel1.win32_1.1.100.202309141235/tools/bin/../lib/gcc/arm-none-eabi/11.3.1/../../../../arm-none-eabi/lib/thumb/v7e-m+fp/hard\libc_nano.a(libc_a-stdio.o)
                              C:/ST/STM32CubeIDE_1.13.2/STM32CubeIDE/plugins/com.st.stm32cube.ide.mcu.externaltools.gnu-tools-for-stm32.11.3.rel1.win32_1.1.100.202309141235/tools/bin/../lib/gcc/arm-none-eabi/11.3.1/../../../../arm-none-eabi/lib/thumb/v7e-m+fp/hard\libc_nano.a(libc_a-findfp.o) (__sread)
C:/ST/STM32CubeIDE_1.13.2/STM32CubeIDE/plugins/com.st.stm32cube.ide.mcu.externaltools.gnu-tools-for-stm32.11.3.rel1.win32_1.1.100.202309141235/tools/bin/../lib/gcc/arm-none-eabi/11.3.1/../../../../arm-none-eabi/lib/thumb/v7e-m+fp/hard\libc_nano.a(libc_a-memset.o)
                              C:/ST/STM32CubeIDE_1.13.2/STM32CubeIDE/plugins/com.st.stm32cube.ide.mcu.externaltools.gnu-tools-for-stm32.11.3.rel1.win32_1.1.100.202309141235/tools/bin/../lib/gcc/arm-none-eabi/11.3.1/../../../../arm-none-eabi/lib/thumb/v7e-m+fp/hard/crt0.o (memset)
C:/ST/STM32CubeIDE_1.13.2/STM32CubeIDE/plugins/com.st.stm32cube.ide.mcu.externaltools.gnu-tools-for-stm32.11.3.rel1.win32_1.1.100.202309141235/tools/bin/../lib/gcc/arm-none-eabi/11.3.1/../../../../arm-none-eabi/lib/thumb/v7e-m+fp/hard\libc_nano.a(libc_a-closer.o)
                              C:/ST/STM32CubeIDE_1.13.2/STM32CubeIDE/plugins/com.st.stm32cube.ide.mcu.externaltools.gnu-tools-for-stm32.11.3.rel1.win32_1.1.100.202309141235/tools/bin/../lib/gcc/arm-none-eabi/11.3.1/../../../../arm-none-eabi/lib/thumb/v7e-m+fp/hard\libc_nano.a(libc_a-stdio.o) (_close_r)
C:/ST/STM32CubeIDE_1.13.2/STM32CubeIDE/plugins/com.st.stm32cube.ide.mcu.externaltools.gnu-tools-for-stm32.11.3.rel1.win32_1.1.100.202309141235/tools/bin/../lib/gcc/arm-none-eabi/11.3.1/../../../../arm-none-eabi/lib/thumb/v7e-m+fp/hard\libc_nano.a(libc_a-reent.o)
                              C:/ST/STM32CubeIDE_1.13.2/STM32CubeIDE/plugins/com.st.stm32cube.ide.mcu.externaltools.gnu-tools-for-stm32.11.3.rel1.win32_1.1.100.202309141235/tools/bin/../lib/gcc/arm-none-eabi/11.3.1/../../../../arm-none-eabi/lib/thumb/v7e-m+fp/hard\libc_nano.a(libc_a-closer.o) (errno)
C:/ST/STM32CubeIDE_1.13.2/STM32CubeIDE/plugins/com.st.stm32cube.ide.mcu.externaltools.gnu-tools-for-stm32.11.3.rel1.win32_1.1.100.202309141235/tools/bin/../lib/gcc/arm-none-eabi/11.3.1/../../../../arm-none-eabi/lib/thumb/v7e-m+fp/hard\libc_nano.a(libc_a-impure.o)
                              C:/ST/STM32CubeIDE_1.13.2/STM32CubeIDE/plugins/com.st.stm32cube.ide.mcu.externaltools.gnu-tools-for-stm32.11.3.rel1.win32_1.1.100.202309141235/tools/bin/../lib/gcc/arm-none-eabi/11.3.1/../../../../arm-none-eabi/lib/thumb/v7e-m+fp/hard\libc_nano.a(libc_a-reent.o) (_impure_ptr)
C:/ST/STM32CubeIDE_1.13.2/STM32CubeIDE/plugins/com.st.stm32cube.ide.mcu.externaltools.gnu-tools-for-stm32.11.3.rel1.win32_1.1.100.202309141235/tools/bin/../lib/gcc/arm-none-eabi/11.3.1/../../../../arm-none-eabi/lib/thumb/v7e-m+fp/hard\libc_nano.a(libc_a-lseekr.o)
[...]
Memory Configuration

Name             Origin             Length             Attributes
CCMRAM           0x0000000010000000 0x0000000000010000 xrw
RAM              0x0000000020000000 0x0000000000020000 xrw
FLASH            0x0000000008000000 0x0000000000100000 xr
*default*        0x0000000000000000 0xffffffffffffffff

Linker script and memory map

LOAD C:/ST/STM32CubeIDE_1.13.2/STM32CubeIDE/plugins/com.st.stm32cube.ide.mcu.externaltools.gnu-tools-for-stm32.11.3.rel1.win32_1.1.100.202309141235/tools/bin/../lib/gcc/arm-none-eabi/11.3.1/thumb/v7e-m+fp/hard/crti.o
LOAD C:/ST/STM32CubeIDE_1.13.2/STM32CubeIDE/plugins/com.st.stm32cube.ide.mcu.externaltools.gnu-tools-for-stm32.11.3.rel1.win32_1.1.100.202309141235/tools/bin/../lib/gcc/arm-none-eabi/11.3.1/thumb/v7e-m+fp/hard/crtbegin.o
LOAD C:/ST/STM32CubeIDE_1.13.2/STM32CubeIDE/plugins/com.st.stm32cube.ide.mcu.externaltools.gnu-tools-for-stm32.11.3.rel1.win32_1.1.100.202309141235/tools/bin/../lib/gcc/arm-none-eabi/11.3.1/../../../../arm-none-eabi/lib/thumb/v7e-m+fp/hard/crt0.o
LOAD ./Core/Src/button.o
LOAD ./Core/Src/ds3231.o
LOAD ./Core/Src/fsmc.o
LOAD ./Core/Src/gpio.o
LOAD ./Core/Src/i2c.o
LOAD ./Core/Src/lcd.o
LOAD ./Core/Src/led_7seg.o
LOAD ./Core/Src/main.o
LOAD ./Core/Src/picture.o
LOAD ./Core/Src/software_timer.o
LOAD ./Core/Src/spi.o
LOAD ./Core/Src/stm32f4xx_hal_msp.o
LOAD ./Core/Src/stm32f4xx_it.o
LOAD ./Core/Src/syscalls.o
LOAD ./Core/Src/sysmem.o
LOAD ./Core/Src/system_stm32f4xx.o
LOAD ./Core/Src/tim.o
LOAD ./Core/Src/utils.o
LOAD ./Core/Startup/startup_stm32f407zetx.o
LOAD ./Drivers/STM32F4xx_HAL_Driver/Src/stm32f4xx_hal.o
LOAD ./Drivers/STM32F4xx_HAL_Driver/Src/stm32f4xx_hal_cortex.o
LOAD ./Drivers/STM32F4xx_HAL_Driver/Src/stm32f4xx_hal_dma.o
LOAD ./Drivers/STM32F4xx_HAL_Driver/Src/stm32f4xx_hal_dma_ex.o
LOAD ./Drivers/STM32F4xx_HAL_Driver/Src/stm32f4xx_hal_exti.o
LOAD ./Drivers/STM32F4xx_HAL_Driver/Src/stm32f4xx_hal_flash.o
LOAD ./Drivers/STM32F4xx_HAL_Driver/Src/stm32f4xx_hal_flash_ex.o
LOAD ./Drivers/STM32F4xx_HAL_Driver/Src/stm32f4xx_hal_flash_ramfunc.o
LOAD ./Drivers/STM32F4xx_HAL_Driver/Src/stm32f4xx_hal_gpio.o
LOAD ./Drivers/STM32F4xx_HAL_Driver/Src/stm32f4xx_hal_i2c.o
LOAD ./Drivers/STM32F4xx_HAL_Driver/Src/stm32f4xx_hal_i2c_ex.o
LOAD ./Drivers/STM32F4xx_HAL_Driver/Src/stm32f4xx_hal_pwr.o
LOAD ./Drivers/STM32F4xx_HAL_Driver/Src/stm32f4xx_hal_pwr_ex.o
LOAD ./Drivers/STM32F4xx_HAL_Driver/Src/stm32f4xx_hal_rcc.o
LOAD ./Drivers/STM32F4xx_HAL_Driver/Src/stm32f4xx_hal_rcc_ex.o
LOAD ./Drivers/STM32F4xx_HAL_Driver/Src/stm32f4xx_hal_spi.o
LOAD ./Drivers/STM32F4xx_HAL_Driver/Src/stm32f4xx_hal_sram.o
LOAD ./Drivers/STM32F4xx_HAL_Driver/Src/stm32f4xx_hal_tim.o
LOAD ./Drivers/STM32F4xx_HAL_Driver/Src/stm32f4xx_hal_tim_ex.o
LOAD ./Drivers/STM32F4xx_HAL_Driver/Src/stm32f4xx_ll_fsmc.o
START GROUP
LOAD C:/ST/STM32CubeIDE_1.13.2/STM32CubeIDE/plugins/com.st.stm32cube.ide.mcu.externaltools.gnu-tools-for-stm32.11.3.rel1.win32_1.1.100.202309141235/tools/bin/../lib/gcc/arm-none-eabi/11.3.1/../../../../arm-none-eabi/lib/thumb/v7e-m+fp/hard\libc_nano.a
LOAD C:/ST/STM32CubeIDE_1.13.2/STM32CubeIDE/plugins/com.st.stm32cube.ide.mcu.externaltools.gnu-tools-for-stm32.11.3.rel1.win32_1.1.100.202309141235/tools/bin/../lib/gcc/arm-none-eabi/11.3.1/../../../../arm-none-eabi/lib/thumb/v7e-m+fp/hard\libm.a
END GROUP
START GROUP
LOAD C:/ST/STM32CubeIDE_1.13.2/STM32CubeIDE/plugins/com.st.stm32cube.ide.mcu.externaltools.gnu-tools-for-stm32.11.3.rel1.win32_1.1.100.202309141235/tools/bin/../lib/gcc/arm-none-eabi/11.3.1/thumb/v7e-m+fp/hard\libgcc.a
LOAD C:/ST/STM32CubeIDE_1.13.2/STM32CubeIDE/plugins/com.st.stm32cube.ide.mcu.externaltools.gnu-tools-for-stm32.11.3.rel1.win32_1.1.100.202309141235/tools/bin/../lib/gcc/arm-none-eabi/11.3.1/../../../../arm-none-eabi/lib/thumb/v7e-m+fp/hard\libc_nano.a
END GROUP
START GROUP
LOAD C:/ST/STM32CubeIDE_1.13.2/STM32CubeIDE/plugins/com.st.stm32cube.ide.mcu.externaltools.gnu-tools-for-stm32.11.3.rel1.win32_1.1.100.202309141235/tools/bin/../lib/gcc/arm-none-eabi/11.3.1/thumb/v7e-m+fp/hard\libgcc.a
LOAD C:/ST/STM32CubeIDE_1.13.2/STM32CubeIDE/plugins/com.st.stm32cube.ide.mcu.externaltools.gnu-tools-for-stm32.11.3.rel1.win32_1.1.100.202309141235/tools/bin/../lib/gcc/arm-none-eabi/11.3.1/../../../../arm-none-eabi/lib/thumb/v7e-m+fp/hard\libc_nano.a
LOAD C:/ST/STM32CubeIDE_1.13.2/STM32CubeIDE/plugins/com.st.stm32cube.ide.mcu.externaltools.gnu-tools-for-stm32.11.3.rel1.win32_1.1.100.202309141235/tools/bin/../lib/gcc/arm-none-eabi/11.3.1/../../../../arm-none-eabi/lib/thumb/v7e-m+fp/hard\libnosys.a
END GROUP
START GROUP
LOAD C:/ST/STM32CubeIDE_1.13.2/STM32CubeIDE/plugins/com.st.stm32cube.ide.mcu.externaltools.gnu-tools-for-stm32.11.3.rel1.win32_1.1.100.202309141235/tools/bin/../lib/gcc/arm-none-eabi/11.3.1/thumb/v7e-m+fp/hard\libgcc.a
LOAD C:/ST/STM32CubeIDE_1.13.2/STM32CubeIDE/plugins/com.st.stm32cube.ide.mcu.externaltools.gnu-tools-for-stm32.11.3.rel1.win32_1.1.100.202309141235/tools/bin/../lib/gcc/arm-none-eabi/11.3.1/../../../../arm-none-eabi/lib/thumb/v7e-m+fp/hard\libc_nano.a
LOAD C:/ST/STM32CubeIDE_1.13.2/STM32CubeIDE/plugins/com.st.stm32cube.ide.mcu.externaltools.gnu-tools-for-stm32.11.3.rel1.win32_1.1.100.202309141235/tools/bin/../lib/gcc/arm-none-eabi/11.3.1/../../../../arm-none-eabi/lib/thumb/v7e-m+fp/hard\libnosys.a
END GROUP
LOAD C:/ST/STM32CubeIDE_1.13.2/STM32CubeIDE/plugins/com.st.stm32cube.ide.mcu.externaltools.gnu-tools-for-stm32.11.3.rel1.win32_1.1.100.202309141235/tools/bin/../lib/gcc/arm-none-eabi/11.3.1/thumb/v7e-m+fp/hard/crtend.o
LOAD C:/ST/STM32CubeIDE_1.13.2/STM32CubeIDE/plugins/com.st.stm32cube.ide.mcu.externaltools.gnu-tools-for-stm32.11.3.rel1.win32_1.1.100.202309141235/tools/bin/../lib/gcc/arm-none-eabi/11.3.1/thumb/v7e-m+fp/hard/crtn.o
                0x0000000020020000                _estack = (ORIGIN (RAM) + LENGTH (RAM))
                0x0000000000000200                _Min_Heap_Size = 0x200
                0x0000000000000400                _Min_Stack_Size = 0x400

.isr_vector     0x0000000008000000      0x188
                0x0000000008000000                . = ALIGN (0x4)
 *(.isr_vector)
 .isr_vector    0x0000000008000000      0x188 ./Core/Startup/startup_stm32f407zetx.o
                0x0000000008000000                g_pfnVectors
                0x0000000008000188                . = ALIGN (0x4)

.text           0x0000000008000188     0x4c30
                0x0000000008000188                . = ALIGN (0x4)
 *(.text)
 .text          0x0000000008000188       0x40 C:/ST/STM32CubeIDE_1.13.2/STM32CubeIDE/plugins/com.st.stm32cube.ide.mcu.externaltools.gnu-tools-for-stm32.11.3.rel1.win32_1.1.100.202309141235/tools/bin/../lib/gcc/arm-none-eabi/11.3.1/thumb/v7e-m+fp/hard/crtbegin.o
 .text          0x00000000080001c8       0x30 C:/ST/STM32CubeIDE_1.13.2/STM32CubeIDE/plugins/com.st.stm32cube.ide.mcu.externaltools.gnu-tools-for-stm32.11.3.rel1.win32_1.1.100.202309141235/tools/bin/../lib/gcc/arm-none-eabi/11.3.1/thumb/v7e-m+fp/hard\libgcc.a(_aeabi_uldivmod.o)
                0x00000000080001c8                __aeabi_uldivmod
 .text          0x00000000080001f8      0x2c8 C:/ST/STM32CubeIDE_1.13.2/STM32CubeIDE/plugins/com.st.stm32cube.ide.mcu.externaltools.gnu-tools-for-stm32.11.3.rel1.win32_1.1.100.202309141235/tools/bin/../lib/gcc/arm-none-eabi/11.3.1/thumb/v7e-m+fp/hard\libgcc.a(_udivmoddi4.o)
                0x00000000080001f8                __udivmoddi4
 .text          0x00000000080004c0        0x4 C:/ST/STM32CubeIDE_1.13.2/STM32CubeIDE/plugins/com.st.stm32cube.ide.mcu.externaltools.gnu-tools-for-stm32.11.3.rel1.win32_1.1.100.202309141235/tools/bin/../lib/gcc/arm-none-eabi/11.3.1/thumb/v7e-m+fp/hard\libgcc.a(_dvmd_tls.o)
                0x00000000080004c0                __aeabi_idiv0
                0x00000000080004c0                __aeabi_ldiv0
 *(.text*)
 .text.ds3231_init
                0x00000000080004c4       0x88 ./Core/Src/ds3231.o
                0x00000000080004c4                ds3231_init
 .text.ds3231_write
                0x000000000800054c       0x44 ./Core/Src/ds3231.o
                0x000000000800054c                ds3231_write
 .text.ds3231_read_time
                0x0000000008000590       0xc8 ./Core/Src/ds3231.o
                0x0000000008000590                ds3231_read_time
 .text.MX_FSMC_Init
                0x0000000008000658       0xf4 ./Core/Src/fsmc.o
                0x0000000008000658                MX_FSMC_Init
 .text.HAL_FSMC_MspInit
                0x000000000800074c       0x98 ./Core/Src/fsmc.o
 .text.HAL_SRAM_MspInit
                0x00000000080007e4       0x14 ./Core/Src/fsmc.o
                0x00000000080007e4                HAL_SRAM_MspInit
 .text.MX_GPIO_Init
                0x00000000080007f8      0x1f0 ./Core/Src/gpio.o
                0x00000000080007f8                MX_GPIO_Init
 .text.MX_I2C1_Init
                0x00000000080009e8       0x5c ./Core/Src/i2c.o
                0x00000000080009e8                MX_I2C1_Init
 .text.HAL_I2C_MspInit
                0x0000000008000a44       0x90 ./Core/Src/i2c.o
                0x0000000008000a44                HAL_I2C_MspInit
 .text.LCD_WR_REG
                0x0000000008000ad4       0x20 ./Core/Src/lcd.o
                0x0000000008000ad4                LCD_WR_REG
 .text.LCD_WR_DATA
                0x0000000008000af4       0x20 ./Core/Src/lcd.o
 .text.LCD_RD_DATA
                0x0000000008000b14       0x24 ./Core/Src/lcd.o
 .text.lcd_set_address
                0x0000000008000b38       0x98 ./Core/Src/lcd.o
                0x0000000008000b38                lcd_set_address
 .text.lcd_clear
                0x0000000008000bd0       0x64 ./Core/Src/lcd.o
                0x0000000008000bd0                lcd_clear
 .text.lcd_draw_point
                0x0000000008000c34       0x2e ./Core/Src/lcd.o
                0x0000000008000c34                lcd_draw_point
 *fill*         0x0000000008000c62        0x2 
 .text.lcd_show_char
                0x0000000008000c64      0x1a0 ./Core/Src/lcd.o
                0x0000000008000c64                lcd_show_char
 .text.mypow    0x0000000008000e04       0x38 ./Core/Src/lcd.o
 .text.lcd_show_int_num
                0x0000000008000e3c       0xfc ./Core/Src/lcd.o
                0x0000000008000e3c                lcd_show_int_num
 .text.lcd_set_direction
                0x0000000008000f38       0x48 ./Core/Src/lcd.o
                0x0000000008000f38                lcd_set_direction
 .text.lcd_init
                0x0000000008000f80      0x2c0 ./Core/Src/lcd.o
                0x0000000008000f80                lcd_init
 .text.led_7seg_display
                0x0000000008001240      0x118 ./Core/Src/led_7seg.o
                0x0000000008001240                led_7seg_display
 .text.main     0x0000000008001358       0x50 ./Core/Src/main.o
                0x0000000008001358                main
 .text.SystemClock_Config
                0x00000000080013a8       0xd4 ./Core/Src/main.o
                0x00000000080013a8                SystemClock_Config
 .text.system_init
                0x000000000800147c       0x3c ./Core/Src/main.o
                0x000000000800147c                system_init
 .text.updateTime
                0x00000000080014b8       0x40 ./Core/Src/main.o
                0x00000000080014b8                updateTime
 .text.displayTime
                0x00000000080014f8       0xfc ./Core/Src/main.o
                0x00000000080014f8                displayTime
 .text.Error_Handler
                0x00000000080015f4        0xa ./Core/Src/main.o
                0x00000000080015f4                Error_Handler
 *fill*         0x00000000080015fe        0x2 
 .text.timer2_init
                0x0000000008001600       0x14 ./Core/Src/software_timer.o
                0x0000000008001600                timer2_init
 .text.timer2_set
                0x0000000008001614       0x38 ./Core/Src/software_timer.o
                0x0000000008001614                timer2_set
 .text.HAL_TIM_PeriodElapsedCallback
                0x000000000800164c       0x98 ./Core/Src/software_timer.o
                0x000000000800164c                HAL_TIM_PeriodElapsedCallback
 .text.MX_SPI1_Init
                0x00000000080016e4       0x6c ./Core/Src/spi.o
                0x00000000080016e4                MX_SPI1_Init
 .text.HAL_SPI_MspInit
                0x0000000008001750       0x90 ./Core/Src/spi.o
                0x0000000008001750                HAL_SPI_MspInit
 .text.HAL_MspInit
                0x00000000080017e0       0x50 ./Core/Src/stm32f4xx_hal_msp.o
                0x00000000080017e0                HAL_MspInit
 .text.NMI_Handler
                0x0000000008001830        0x6 ./Core/Src/stm32f4xx_it.o
                0x0000000008001830                NMI_Handler
 .text.HardFault_Handler
                0x0000000008001836        0x6 ./Core/Src/stm32f4xx_it.o
                0x0000000008001836                HardFault_Handler
 .text.MemManage_Handler
                0x000000000800183c        0x6 ./Core/Src/stm32f4xx_it.o
                0x000000000800183c                MemManage_Handler
 .text.BusFault_Handler
                0x0000000008001842        0x6 ./Core/Src/stm32f4xx_it.o
                0x0000000008001842                BusFault_Handler
 .text.UsageFault_Handler
                0x0000000008001848        0x6 ./Core/Src/stm32f4xx_it.o
                0x0000000008001848                UsageFault_Handler
 .text.SVC_Handler
                0x000000000800184e        0xe ./Core/Src/stm32f4xx_it.o
                0x000000000800184e                SVC_Handler
 .text.DebugMon_Handler
                0x000000000800185c        0xe ./Core/Src/stm32f4xx_it.o
                0x000000000800185c                DebugMon_Handler
 .text.PendSV_Handler
                0x000000000800186a        0xe ./Core/Src/stm32f4xx_it.o
                0x000000000800186a                PendSV_Handler
 .text.SysTick_Handler
                0x0000000008001878        0xc ./Core/Src/stm32f4xx_it.o
                0x0000000008001878                SysTick_Handler
 .text.TIM2_IRQHandler
                0x0000000008001884       0x14 ./Core/Src/stm32f4xx_it.o
                0x0000000008001884                TIM2_IRQHandler
 .text.TIM4_IRQHandler
                0x0000000008001898       0x14 ./Core/Src/stm32f4xx_it.o
                0x0000000008001898                TIM4_IRQHandler
 .text.SystemInit
                0x00000000080018ac       0x24 ./Core/Src/system_stm32f4xx.o
                0x00000000080018ac                SystemInit
 .text.MX_TIM2_Init
                0x00000000080018d0       0x98 ./Core/Src/tim.o
                0x00000000080018d0                MX_TIM2_Init
 .text.MX_TIM4_Init
                0x0000000008001968       0x9c ./Core/Src/tim.o
                0x0000000008001968                MX_TIM4_Init
 .text.HAL_TIM_Base_MspInit
                0x0000000008001a04       0x88 ./Core/Src/tim.o
                0x0000000008001a04                HAL_TIM_Base_MspInit
 .text.BCD2DEC  0x0000000008001a8c       0x32 ./Core/Src/utils.o
                0x0000000008001a8c                BCD2DEC
 *fill*         0x0000000008001abe        0x2 
 .text.DEC2BCD  0x0000000008001ac0       0x48 ./Core/Src/utils.o
                0x0000000008001ac0                DEC2BCD
 .text.Reset_Handler
                0x0000000008001b08       0x50 ./Core/Startup/startup_stm32f407zetx.o
                0x0000000008001b08                Reset_Handler
 .text.Default_Handler
                0x0000000008001b58        0x2 ./Core/Startup/startup_stm32f407zetx.o
                0x0000000008001b58                RTC_Alarm_IRQHandler
                0x0000000008001b58                HASH_RNG_IRQHandler
                0x0000000008001b58                EXTI2_IRQHandler
                0x0000000008001b58                TIM8_CC_IRQHandler
                0x0000000008001b58                TIM1_CC_IRQHandler
                0x0000000008001b58                DMA2_Stream5_IRQHandler
                0x0000000008001b58                DMA1_Stream5_IRQHandler
                0x0000000008001b58                PVD_IRQHandler
                0x0000000008001b58                SDIO_IRQHandler
                0x0000000008001b58                TAMP_STAMP_IRQHandler
                0x0000000008001b58                CAN2_RX1_IRQHandler
                0x0000000008001b58                EXTI3_IRQHandler
                0x0000000008001b58                TIM8_TRG_COM_TIM14_IRQHandler
                0x0000000008001b58                TIM1_UP_TIM10_IRQHandler
                0x0000000008001b58                TIM8_UP_TIM13_IRQHandler
                0x0000000008001b58                I2C3_ER_IRQHandler
                0x0000000008001b58                EXTI0_IRQHandler
                0x0000000008001b58                I2C2_EV_IRQHandler
                0x0000000008001b58                DMA1_Stream2_IRQHandler
                0x0000000008001b58                CAN1_RX0_IRQHandler
                0x0000000008001b58                FPU_IRQHandler
                0x0000000008001b58                OTG_HS_WKUP_IRQHandler
                0x0000000008001b58                CAN2_SCE_IRQHandler
                0x0000000008001b58                DMA2_Stream2_IRQHandler
                0x0000000008001b58                SPI1_IRQHandler
                0x0000000008001b58                TIM6_DAC_IRQHandler
                0x0000000008001b58                TIM1_BRK_TIM9_IRQHandler
                0x0000000008001b58                DCMI_IRQHandler
                0x0000000008001b58                CAN2_RX0_IRQHandler
                0x0000000008001b58                DMA2_Stream3_IRQHandler
                0x0000000008001b58                USART6_IRQHandler
                0x0000000008001b58                USART3_IRQHandler
                0x0000000008001b58                CAN1_RX1_IRQHandler
                0x0000000008001b58                UART5_IRQHandler
                0x0000000008001b58                DMA2_Stream0_IRQHandler
                0x0000000008001b58                I2C1_EV_IRQHandler
                0x0000000008001b58                DMA1_Stream6_IRQHandler
                0x0000000008001b58                DMA1_Stream1_IRQHandler
                0x0000000008001b58                UART4_IRQHandler
                0x0000000008001b58                TIM3_IRQHandler
                0x0000000008001b58                RCC_IRQHandler
                0x0000000008001b58                TIM8_BRK_TIM12_IRQHandler
                0x0000000008001b58                Default_Handler
                0x0000000008001b58                EXTI15_10_IRQHandler
                0x0000000008001b58                ADC_IRQHandler
                0x0000000008001b58                DMA1_Stream7_IRQHandler
                0x0000000008001b58                TIM7_IRQHandler
                0x0000000008001b58                CAN2_TX_IRQHandler
                0x0000000008001b58                TIM5_IRQHandler
                0x0000000008001b58                DMA2_Stream7_IRQHandler
                0x0000000008001b58                I2C3_EV_IRQHandler
                0x0000000008001b58                EXTI9_5_IRQHandler
                0x0000000008001b58                RTC_WKUP_IRQHandler
                0x0000000008001b58                ETH_WKUP_IRQHandler
                0x0000000008001b58                SPI2_IRQHandler
                0x0000000008001b58                OTG_HS_EP1_IN_IRQHandler
                0x0000000008001b58                DMA1_Stream0_IRQHandler
                0x0000000008001b58                CAN1_TX_IRQHandler
                0x0000000008001b58                EXTI4_IRQHandler
                0x0000000008001b58                FSMC_IRQHandler
                0x0000000008001b58                ETH_IRQHandler
                0x0000000008001b58                OTG_HS_EP1_OUT_IRQHandler
                0x0000000008001b58                WWDG_IRQHandler
                0x0000000008001b58                OTG_FS_WKUP_IRQHandler
                0x0000000008001b58                TIM1_TRG_COM_TIM11_IRQHandler
                0x0000000008001b58                OTG_HS_IRQHandler
                0x0000000008001b58                EXTI1_IRQHandler
                0x0000000008001b58                USART2_IRQHandler
                0x0000000008001b58                I2C2_ER_IRQHandler
                0x0000000008001b58                DMA2_Stream1_IRQHandler
                0x0000000008001b58                CAN1_SCE_IRQHandler
                0x0000000008001b58                FLASH_IRQHandler
                0x0000000008001b58                DMA2_Stream4_IRQHandler
                0x0000000008001b58                USART1_IRQHandler
                0x0000000008001b58                OTG_FS_IRQHandler
                0x0000000008001b58                SPI3_IRQHandler
                0x0000000008001b58                DMA1_Stream4_IRQHandler
                0x0000000008001b58                I2C1_ER_IRQHandler
                0x0000000008001b58                DMA2_Stream6_IRQHandler
                0x0000000008001b58                DMA1_Stream3_IRQHandler
 *fill*         0x0000000008001b5a        0x2 
 .text.HAL_Init
                0x0000000008001b5c       0x44 ./Drivers/STM32F4xx_HAL_Driver/Src/stm32f4xx_hal.o
                0x0000000008001b5c                HAL_Init
 .text.HAL_InitTick
                0x0000000008001ba0       0x60 ./Drivers/STM32F4xx_HAL_Driver/Src/stm32f4xx_hal.o
                0x0000000008001ba0                HAL_InitTick
 .text.HAL_IncTick
                0x0000000008001c00       0x28 ./Drivers/STM32F4xx_HAL_Driver/Src/stm32f4xx_hal.o
                0x0000000008001c00                HAL_IncTick
 .text.HAL_GetTick
                0x0000000008001c28       0x18 ./Drivers/STM32F4xx_HAL_Driver/Src/stm32f4xx_hal.o
                0x0000000008001c28                HAL_GetTick
 .text.HAL_Delay
                0x0000000008001c40       0x48 ./Drivers/STM32F4xx_HAL_Driver/Src/stm32f4xx_hal.o
                0x0000000008001c40                HAL_Delay
 .text.__NVIC_SetPriorityGrouping
                0x0000000008001c88       0x48 ./Drivers/STM32F4xx_HAL_Driver/Src/stm32f4xx_hal_cortex.o
 .text.__NVIC_GetPriorityGrouping
                0x0000000008001cd0       0x1c ./Drivers/STM32F4xx_HAL_Driver/Src/stm32f4xx_hal_cortex.o
 .text.__NVIC_EnableIRQ
                0x0000000008001cec       0x3c ./Drivers/STM32F4xx_HAL_Driver/Src/stm32f4xx_hal_cortex.o
 .text.__NVIC_SetPriority
                0x0000000008001d28       0x54 ./Drivers/STM32F4xx_HAL_Driver/Src/stm32f4xx_hal_cortex.o
 .text.NVIC_EncodePriority
                0x0000000008001d7c       0x66 ./Drivers/STM32F4xx_HAL_Driver/Src/stm32f4xx_hal_cortex.o
 *fill*         0x0000000008001de2        0x2 
 .text.SysTick_Config
                0x0000000008001de4       0x44 ./Drivers/STM32F4xx_HAL_Driver/Src/stm32f4xx_hal_cortex.o
 .text.HAL_NVIC_SetPriorityGrouping
                0x0000000008001e28       0x16 ./Drivers/STM32F4xx_HAL_Driver/Src/stm32f4xx_hal_cortex.o
                0x0000000008001e28                HAL_NVIC_SetPriorityGrouping
 .text.HAL_NVIC_SetPriority
                0x0000000008001e3e       0x38 ./Drivers/STM32F4xx_HAL_Driver/Src/stm32f4xx_hal_cortex.o
                0x0000000008001e3e                HAL_NVIC_SetPriority
 .text.HAL_NVIC_EnableIRQ
                0x0000000008001e76       0x1c ./Drivers/STM32F4xx_HAL_Driver/Src/stm32f4xx_hal_cortex.o
                0x0000000008001e76                HAL_NVIC_EnableIRQ
 .text.HAL_SYSTICK_Config
                0x0000000008001e92       0x18 ./Drivers/STM32F4xx_HAL_Driver/Src/stm32f4xx_hal_cortex.o
                0x0000000008001e92                HAL_SYSTICK_Config
 *fill*         0x0000000008001eaa        0x2 
 .text.HAL_GPIO_Init
                0x0000000008001eac      0x338 ./Drivers/STM32F4xx_HAL_Driver/Src/stm32f4xx_hal_gpio.o
                0x0000000008001eac                HAL_GPIO_Init
 .text.HAL_GPIO_WritePin
                0x00000000080021e4       0x32 ./Drivers/STM32F4xx_HAL_Driver/Src/stm32f4xx_hal_gpio.o
                0x00000000080021e4                HAL_GPIO_WritePin
 *fill*         0x0000000008002216        0x2 
 .text.HAL_I2C_Init
                0x0000000008002218      0x288 ./Drivers/STM32F4xx_HAL_Driver/Src/stm32f4xx_hal_i2c.o
                0x0000000008002218                HAL_I2C_Init
 .text.HAL_I2C_Mem_Write
                0x00000000080024a0      0x1f4 ./Drivers/STM32F4xx_HAL_Driver/Src/stm32f4xx_hal_i2c.o
                0x00000000080024a0                HAL_I2C_Mem_Write
 .text.HAL_I2C_Mem_Read
                0x0000000008002694      0x44c ./Drivers/STM32F4xx_HAL_Driver/Src/stm32f4xx_hal_i2c.o
                0x0000000008002694                HAL_I2C_Mem_Read
 .text.HAL_I2C_IsDeviceReady
                0x0000000008002ae0      0x25c ./Drivers/STM32F4xx_HAL_Driver/Src/stm32f4xx_hal_i2c.o
                0x0000000008002ae0                HAL_I2C_IsDeviceReady
 .text.I2C_RequestMemoryWrite
                0x0000000008002d3c      0x12c ./Drivers/STM32F4xx_HAL_Driver/Src/stm32f4xx_hal_i2c.o
 .text.I2C_RequestMemoryRead
                0x0000000008002e68      0x1d0 ./Drivers/STM32F4xx_HAL_Driver/Src/stm32f4xx_hal_i2c.o
 .text.I2C_WaitOnFlagUntilTimeout
                0x0000000008003038       0xae ./Drivers/STM32F4xx_HAL_Driver/Src/stm32f4xx_hal_i2c.o
 .text.I2C_WaitOnMasterAddressFlagUntilTimeout
                0x00000000080030e6       0xfe ./Drivers/STM32F4xx_HAL_Driver/Src/stm32f4xx_hal_i2c.o
 .text.I2C_WaitOnTXEFlagUntilTimeout
                0x00000000080031e4       0x82 ./Drivers/STM32F4xx_HAL_Driver/Src/stm32f4xx_hal_i2c.o
 .text.I2C_WaitOnBTFFlagUntilTimeout
                0x0000000008003266       0x82 ./Drivers/STM32F4xx_HAL_Driver/Src/stm32f4xx_hal_i2c.o
 .text.I2C_WaitOnRXNEFlagUntilTimeout
                0x00000000080032e8       0xac ./Drivers/STM32F4xx_HAL_Driver/Src/stm32f4xx_hal_i2c.o
 .text.I2C_IsAcknowledgeFailed
                0x0000000008003394       0x5e ./Drivers/STM32F4xx_HAL_Driver/Src/stm32f4xx_hal_i2c.o
 *fill*         0x00000000080033f2        0x2 
 .text.HAL_RCC_OscConfig
                0x00000000080033f4      0x4f0 ./Drivers/STM32F4xx_HAL_Driver/Src/stm32f4xx_hal_rcc.o
                0x00000000080033f4                HAL_RCC_OscConfig
 .text.HAL_RCC_ClockConfig
                0x00000000080038e4      0x1cc ./Drivers/STM32F4xx_HAL_Driver/Src/stm32f4xx_hal_rcc.o
                0x00000000080038e4                HAL_RCC_ClockConfig
 .text.HAL_RCC_GetSysClockFreq
                0x0000000008003ab0      0x20c ./Drivers/STM32F4xx_HAL_Driver/Src/stm32f4xx_hal_rcc.o
                0x0000000008003ab0                HAL_RCC_GetSysClockFreq
 .text.HAL_RCC_GetHCLKFreq
                0x0000000008003cbc       0x18 ./Drivers/STM32F4xx_HAL_Driver/Src/stm32f4xx_hal_rcc.o
                0x0000000008003cbc                HAL_RCC_GetHCLKFreq
 .text.HAL_RCC_GetPCLK1Freq
                0x0000000008003cd4       0x28 ./Drivers/STM32F4xx_HAL_Driver/Src/stm32f4xx_hal_rcc.o
                0x0000000008003cd4                HAL_RCC_GetPCLK1Freq
 .text.HAL_SPI_Init
                0x0000000008003cfc      0x112 ./Drivers/STM32F4xx_HAL_Driver/Src/stm32f4xx_hal_spi.o
                0x0000000008003cfc                HAL_SPI_Init
 .text.HAL_SPI_Transmit
                0x0000000008003e0e      0x278 ./Drivers/STM32F4xx_HAL_Driver/Src/stm32f4xx_hal_spi.o
                0x0000000008003e0e                HAL_SPI_Transmit
 *fill*         0x0000000008004086        0x2 
 .text.SPI_WaitFlagStateUntilTimeout
                0x0000000008004088      0x110 ./Drivers/STM32F4xx_HAL_Driver/Src/stm32f4xx_hal_spi.o
 .text.SPI_EndRxTxTransaction
                0x0000000008004198       0x84 ./Drivers/STM32F4xx_HAL_Driver/Src/stm32f4xx_hal_spi.o
 .text.HAL_SRAM_Init
                0x000000000800421c       0x88 ./Drivers/STM32F4xx_HAL_Driver/Src/stm32f4xx_hal_sram.o
                0x000000000800421c                HAL_SRAM_Init
 .text.HAL_TIM_Base_Init
                0x00000000080042a4       0x9e ./Drivers/STM32F4xx_HAL_Driver/Src/stm32f4xx_hal_tim.o
                0x00000000080042a4                HAL_TIM_Base_Init
 *fill*         0x0000000008004342        0x2 
 .text.HAL_TIM_Base_Start_IT
                0x0000000008004344       0xe0 ./Drivers/STM32F4xx_HAL_Driver/Src/stm32f4xx_hal_tim.o
                0x0000000008004344                HAL_TIM_Base_Start_IT
 .text.HAL_TIM_IRQHandler
                0x0000000008004424      0x210 ./Drivers/STM32F4xx_HAL_Driver/Src/stm32f4xx_hal_tim.o
                0x0000000008004424                HAL_TIM_IRQHandler
 .text.HAL_TIM_ConfigClockSource
                0x0000000008004634      0x18e ./Drivers/STM32F4xx_HAL_Driver/Src/stm32f4xx_hal_tim.o
                0x0000000008004634                HAL_TIM_ConfigClockSource
 .text.HAL_TIM_OC_DelayElapsedCallback
                0x00000000080047c2       0x14 ./Drivers/STM32F4xx_HAL_Driver/Src/stm32f4xx_hal_tim.o
                0x00000000080047c2                HAL_TIM_OC_DelayElapsedCallback
 .text.HAL_TIM_IC_CaptureCallback
                0x00000000080047d6       0x14 ./Drivers/STM32F4xx_HAL_Driver/Src/stm32f4xx_hal_tim.o
                0x00000000080047d6                HAL_TIM_IC_CaptureCallback
 .text.HAL_TIM_PWM_PulseFinishedCallback
                0x00000000080047ea       0x14 ./Drivers/STM32F4xx_HAL_Driver/Src/stm32f4xx_hal_tim.o
                0x00000000080047ea                HAL_TIM_PWM_PulseFinishedCallback
 .text.HAL_TIM_TriggerCallback
                0x00000000080047fe       0x14 ./Drivers/STM32F4xx_HAL_Driver/Src/stm32f4xx_hal_tim.o
                0x00000000080047fe                HAL_TIM_TriggerCallback
 *fill*         0x0000000008004812        0x2 
 .text.TIM_Base_SetConfig
                0x0000000008004814      0x140 ./Drivers/STM32F4xx_HAL_Driver/Src/stm32f4xx_hal_tim.o
                0x0000000008004814                TIM_Base_SetConfig
 .text.TIM_TI1_ConfigInputStage
                0x0000000008004954       0x5e ./Drivers/STM32F4xx_HAL_Driver/Src/stm32f4xx_hal_tim.o
 .text.TIM_TI2_ConfigInputStage
                0x00000000080049b2       0x60 ./Drivers/STM32F4xx_HAL_Driver/Src/stm32f4xx_hal_tim.o
 .text.TIM_ITRx_SetConfig
                0x0000000008004a12       0x36 ./Drivers/STM32F4xx_HAL_Driver/Src/stm32f4xx_hal_tim.o
 .text.TIM_ETR_SetConfig
                0x0000000008004a48       0x40 ./Drivers/STM32F4xx_HAL_Driver/Src/stm32f4xx_hal_tim.o
                0x0000000008004a48                TIM_ETR_SetConfig
 .text.HAL_TIMEx_MasterConfigSynchronization
                0x0000000008004a88       0xf8 ./Drivers/STM32F4xx_HAL_Driver/Src/stm32f4xx_hal_tim_ex.o
                0x0000000008004a88                HAL_TIMEx_MasterConfigSynchronization
 .text.HAL_TIMEx_CommutCallback
                0x0000000008004b80       0x14 ./Drivers/STM32F4xx_HAL_Driver/Src/stm32f4xx_hal_tim_ex.o
                0x0000000008004b80                HAL_TIMEx_CommutCallback
 .text.HAL_TIMEx_BreakCallback
                0x0000000008004b94       0x14 ./Drivers/STM32F4xx_HAL_Driver/Src/stm32f4xx_hal_tim_ex.o
                0x0000000008004b94                HAL_TIMEx_BreakCallback
 .text.FSMC_NORSRAM_Init
                0x0000000008004ba8       0xa4 ./Drivers/STM32F4xx_HAL_Driver/Src/stm32f4xx_ll_fsmc.o
                0x0000000008004ba8                FSMC_NORSRAM_Init
 .text.FSMC_NORSRAM_Timing_Init
                0x0000000008004c4c       0x7a ./Drivers/STM32F4xx_HAL_Driver/Src/stm32f4xx_ll_fsmc.o
                0x0000000008004c4c                FSMC_NORSRAM_Timing_Init
 *fill*         0x0000000008004cc6        0x2 
 .text.FSMC_NORSRAM_Extended_Timing_Init
                0x0000000008004cc8       0x80 ./Drivers/STM32F4xx_HAL_Driver/Src/stm32f4xx_ll_fsmc.o
                0x0000000008004cc8                FSMC_NORSRAM_Extended_Timing_Init
 .text.memset   0x0000000008004d48       0x10 C:/ST/STM32CubeIDE_1.13.2/STM32CubeIDE/plugins/com.st.stm32cube.ide.mcu.externaltools.gnu-tools-for-stm32.11.3.rel1.win32_1.1.100.202309141235/tools/bin/../lib/gcc/arm-none-eabi/11.3.1/../../../../arm-none-eabi/lib/thumb/v7e-m+fp/hard\libc_nano.a(libc_a-memset.o)
                0x0000000008004d48                memset
 .text.__libc_init_array
                0x0000000008004d58       0x48 C:/ST/STM32CubeIDE_1.13.2/STM32CubeIDE/plugins/com.st.stm32cube.ide.mcu.externaltools.gnu-tools-for-stm32.11.3.rel1.win32_1.1.100.202309141235/tools/bin/../lib/gcc/arm-none-eabi/11.3.1/../../../../arm-none-eabi/lib/thumb/v7e-m+fp/hard\libc_nano.a(libc_a-init.o)
                0x0000000008004d58                __libc_init_array
 *(.glue_7)
 .glue_7        0x0000000008004da0        0x0 linker stubs
 *(.glue_7t)
 .glue_7t       0x0000000008004da0        0x0 linker stubs
 *(.eh_frame)
 .eh_frame      0x0000000008004da0        0x0 C:/ST/STM32CubeIDE_1.13.2/STM32CubeIDE/plugins/com.st.stm32cube.ide.mcu.externaltools.gnu-tools-for-stm32.11.3.rel1.win32_1.1.100.202309141235/tools/bin/../lib/gcc/arm-none-eabi/11.3.1/thumb/v7e-m+fp/hard/crtbegin.o
 *(.init)
 .init          0x0000000008004da0        0x4 C:/ST/STM32CubeIDE_1.13.2/STM32CubeIDE/plugins/com.st.stm32cube.ide.mcu.externaltools.gnu-tools-for-stm32.11.3.rel1.win32_1.1.100.202309141235/tools/bin/../lib/gcc/arm-none-eabi/11.3.1/thumb/v7e-m+fp/hard/crti.o
                0x0000000008004da0                _init
 .init          0x0000000008004da4        0x8 C:/ST/STM32CubeIDE_1.13.2/STM32CubeIDE/plugins/com.st.stm32cube.ide.mcu.externaltools.gnu-tools-for-stm32.11.3.rel1.win32_1.1.100.202309141235/tools/bin/../lib/gcc/arm-none-eabi/11.3.1/thumb/v7e-m+fp/hard/crtn.o
 *(.fini)
 .fini          0x0000000008004dac        0x4 C:/ST/STM32CubeIDE_1.13.2/STM32CubeIDE/plugins/com.st.stm32cube.ide.mcu.externaltools.gnu-tools-for-stm32.11.3.rel1.win32_1.1.100.202309141235/tools/bin/../lib/gcc/arm-none-eabi/11.3.1/thumb/v7e-m+fp/hard/crti.o
                0x0000000008004dac                _fini
 .fini          0x0000000008004db0        0x8 C:/ST/STM32CubeIDE_1.13.2/STM32CubeIDE/plugins/com.st.stm32cube.ide.mcu.externaltools.gnu-tools-for-stm32.11.3.rel1.win32_1.1.100.202309141235/tools/bin/../lib/gcc/arm-none-eabi/11.3.1/thumb/v7e-m+fp/hard/crtn.o
                0x0000000008004db8                . = ALIGN (0x4)
                0x0000000008004db8                _etext = .

.vfp11_veneer   0x0000000008004db8        0x0
 .vfp11_veneer  0x0000000008004db8        0x0 linker stubs

.v4_bx          0x0000000008004db8        0x0
 .v4_bx         0x0000000008004db8        0x0 linker stubs

.iplt           0x0000000008004db8        0x0
 .iplt          0x0000000008004db8        0x0 C:/ST/STM32CubeIDE_1.13.2/STM32CubeIDE/plugins/com.st.stm32cube.ide.mcu.externaltools.gnu-tools-for-stm32.11.3.rel1.win32_1.1.100.202309141235/tools/bin/../lib/gcc/arm-none-eabi/11.3.1/thumb/v7e-m+fp/hard/crtbegin.o

.rodata         0x0000000008004db8     0x2f98
                0x0000000008004db8                . = ALIGN (0x4)
 *(.rodata)
 *(.rodata*)
 .rodata.ascii_1608
                0x0000000008004db8      0x5f0 ./Core/Src/lcd.o
                0x0000000008004db8                ascii_1608
 .rodata.ascii_2412
                0x00000000080053a8     0x11d0 ./Core/Src/lcd.o
                0x00000000080053a8                ascii_2412
 .rodata.ascii_3216
                0x0000000008006578     0x17c0 ./Core/Src/lcd.o
                0x0000000008006578                ascii_3216
 .rodata.AHBPrescTable
                0x0000000008007d38       0x10 ./Core/Src/system_stm32f4xx.o
                0x0000000008007d38                AHBPrescTable
 .rodata.APBPrescTable
                0x0000000008007d48        0x8 ./Core/Src/system_stm32f4xx.o
                0x0000000008007d48                APBPrescTable
                0x0000000008007d50                . = ALIGN (0x4)

.ARM.extab      0x0000000008007d50        0x0
                0x0000000008007d50                . = ALIGN (0x4)
 *(.ARM.extab* .gnu.linkonce.armextab.*)
                0x0000000008007d50                . = ALIGN (0x4)

.ARM            0x0000000008007d50        0x8
                0x0000000008007d50                . = ALIGN (0x4)
                0x0000000008007d50                __exidx_start = .
 *(.ARM.exidx*)
 .ARM.exidx     0x0000000008007d50        0x8 C:/ST/STM32CubeIDE_1.13.2/STM32CubeIDE/plugins/com.st.stm32cube.ide.mcu.externaltools.gnu-tools-for-stm32.11.3.rel1.win32_1.1.100.202309141235/tools/bin/../lib/gcc/arm-none-eabi/11.3.1/thumb/v7e-m+fp/hard\libgcc.a(_udivmoddi4.o)
                0x0000000008007d58                __exidx_end = .
                0x0000000008007d58                . = ALIGN (0x4)

.rel.dyn        0x0000000008007d58        0x0
 .rel.iplt      0x0000000008007d58        0x0 C:/ST/STM32CubeIDE_1.13.2/STM32CubeIDE/plugins/com.st.stm32cube.ide.mcu.externaltools.gnu-tools-for-stm32.11.3.rel1.win32_1.1.100.202309141235/tools/bin/../lib/gcc/arm-none-eabi/11.3.1/thumb/v7e-m+fp/hard/crtbegin.o

.preinit_array  0x0000000008007d58        0x0
                0x0000000008007d58                . = ALIGN (0x4)
                0x0000000008007d58                PROVIDE (__preinit_array_start = .)
 *(.preinit_array*)
                0x0000000008007d58                PROVIDE (__preinit_array_end = .)
                0x0000000008007d58                . = ALIGN (0x4)

.init_array     0x0000000008007d58        0x4
                0x0000000008007d58                . = ALIGN (0x4)
                0x0000000008007d58                PROVIDE (__init_array_start = .)
 *(SORT_BY_NAME(.init_array.*))
 *(.init_array*)
 .init_array    0x0000000008007d58        0x4 C:/ST/STM32CubeIDE_1.13.2/STM32CubeIDE/plugins/com.st.stm32cube.ide.mcu.externaltools.gnu-tools-for-stm32.11.3.rel1.win32_1.1.100.202309141235/tools/bin/../lib/gcc/arm-none-eabi/11.3.1/thumb/v7e-m+fp/hard/crtbegin.o
                0x0000000008007d5c                PROVIDE (__init_array_end = .)
                0x0000000008007d5c                . = ALIGN (0x4)

.fini_array     0x0000000008007d5c        0x4
                0x0000000008007d5c                . = ALIGN (0x4)
                [!provide]                        PROVIDE (__fini_array_start = .)
 *(SORT_BY_NAME(.fini_array.*))
 *(.fini_array*)
 .fini_array    0x0000000008007d5c        0x4 C:/ST/STM32CubeIDE_1.13.2/STM32CubeIDE/plugins/com.st.stm32cube.ide.mcu.externaltools.gnu-tools-for-stm32.11.3.rel1.win32_1.1.100.202309141235/tools/bin/../lib/gcc/arm-none-eabi/11.3.1/thumb/v7e-m+fp/hard/crtbegin.o
                [!provide]                        PROVIDE (__fini_array_end = .)
                0x0000000008007d60                . = ALIGN (0x4)
                0x0000000008007d60                _sidata = LOADADDR (.data)

.data           0x0000000020000000       0x14 load address 0x0000000008007d60
                0x0000000020000000                . = ALIGN (0x4)
                0x0000000020000000                _sdata = .
 *(.data)
 *(.data*)
 .data.led_7seg
                0x0000000020000000        0x4 ./Core/Src/led_7seg.o
 .data.spi_buffer
                0x0000000020000004        0x2 ./Core/Src/led_7seg.o
 *fill*         0x0000000020000006        0x2 
 .data.SystemCoreClock
                0x0000000020000008        0x4 ./Core/Src/system_stm32f4xx.o
                0x0000000020000008                SystemCoreClock
 .data.uwTickPrio
                0x000000002000000c        0x4 ./Drivers/STM32F4xx_HAL_Driver/Src/stm32f4xx_hal.o
                0x000000002000000c                uwTickPrio
 .data.uwTickFreq
                0x0000000020000010        0x1 ./Drivers/STM32F4xx_HAL_Driver/Src/stm32f4xx_hal.o
                0x0000000020000010                uwTickFreq
 *(.RamFunc)
 *(.RamFunc*)
                0x0000000020000014                . = ALIGN (0x4)
 *fill*         0x0000000020000011        0x3 
                0x0000000020000014                _edata = .
                0x0000000008007d74                _siccmram = LOADADDR (.ccmram)

.igot.plt       0x0000000020000014        0x0 load address 0x0000000008007d74
 .igot.plt      0x0000000020000014        0x0 C:/ST/STM32CubeIDE_1.13.2/STM32CubeIDE/plugins/com.st.stm32cube.ide.mcu.externaltools.gnu-tools-for-stm32.11.3.rel1.win32_1.1.100.202309141235/tools/bin/../lib/gcc/arm-none-eabi/11.3.1/thumb/v7e-m+fp/hard/crtbegin.o

.ccmram         0x0000000010000000        0x0 load address 0x0000000008007d74
                0x0000000010000000                . = ALIGN (0x4)
                0x0000000010000000                _sccmram = .
 *(.ccmram)
 *(.ccmram*)
                0x0000000010000000                . = ALIGN (0x4)
                0x0000000010000000                _eccmram = .
                0x0000000010000000                . = ALIGN (0x4)

.bss            0x0000000020000014      0x1d4
                0x0000000020000014                _sbss = .
                0x0000000020000014                __bss_start__ = _sbss
 *(.bss)
 .bss           0x0000000020000014       0x1c C:/ST/STM32CubeIDE_1.13.2/STM32CubeIDE/plugins/com.st.stm32cube.ide.mcu.externaltools.gnu-tools-for-stm32.11.3.rel1.win32_1.1.100.202309141235/tools/bin/../lib/gcc/arm-none-eabi/11.3.1/thumb/v7e-m+fp/hard/crtbegin.o
 *(.bss*)
 .bss.ds3231_buffer
                0x0000000020000030        0x7 ./Core/Src/ds3231.o
                0x0000000020000030                ds3231_buffer
 .bss.ds3231_hours
                0x0000000020000037        0x1 ./Core/Src/ds3231.o
                0x0000000020000037                ds3231_hours
 .bss.ds3231_min
                0x0000000020000038        0x1 ./Core/Src/ds3231.o
                0x0000000020000038                ds3231_min
 .bss.ds3231_sec
                0x0000000020000039        0x1 ./Core/Src/ds3231.o
                0x0000000020000039                ds3231_sec
 .bss.ds3231_date
                0x000000002000003a        0x1 ./Core/Src/ds3231.o
                0x000000002000003a                ds3231_date
 .bss.ds3231_day
                0x000000002000003b        0x1 ./Core/Src/ds3231.o
                0x000000002000003b                ds3231_day
 .bss.ds3231_month
                0x000000002000003c        0x1 ./Core/Src/ds3231.o
                0x000000002000003c                ds3231_month
 .bss.ds3231_year
                0x000000002000003d        0x1 ./Core/Src/ds3231.o
                0x000000002000003d                ds3231_year
 *fill*         0x000000002000003e        0x2 
 .bss.hsram1    0x0000000020000040       0x50 ./Core/Src/fsmc.o
                0x0000000020000040                hsram1
 .bss.FSMC_Initialized
                0x0000000020000090        0x4 ./Core/Src/fsmc.o
 .bss.hi2c1     0x0000000020000094       0x54 ./Core/Src/i2c.o
                0x0000000020000094                hi2c1
 .bss.lcddev    0x00000000200000e8        0x6 ./Core/Src/lcd.o
                0x00000000200000e8                lcddev
 .bss.led_7seg_index
                0x00000000200000ee        0x2 ./Core/Src/led_7seg.o
 .bss.timer2_flag
                0x00000000200000f0        0x1 ./Core/Src/software_timer.o
                0x00000000200000f0                timer2_flag
 *fill*         0x00000000200000f1        0x1 
 .bss.timer2_counter
                0x00000000200000f2        0x2 ./Core/Src/software_timer.o
                0x00000000200000f2                timer2_counter
 .bss.timer2_mul
                0x00000000200000f4        0x2 ./Core/Src/software_timer.o
                0x00000000200000f4                timer2_mul
 .bss.timer4_flag
                0x00000000200000f6        0x1 ./Core/Src/software_timer.o
                0x00000000200000f6                timer4_flag
 *fill*         0x00000000200000f7        0x1 
 .bss.timer4_counter
                0x00000000200000f8        0x2 ./Core/Src/software_timer.o
                0x00000000200000f8                timer4_counter
 .bss.timer4_mul
                0x00000000200000fa        0x2 ./Core/Src/software_timer.o
                0x00000000200000fa                timer4_mul
 .bss.hspi1     0x00000000200000fc       0x58 ./Core/Src/spi.o
                0x00000000200000fc                hspi1
 .bss.htim2     0x0000000020000154       0x48 ./Core/Src/tim.o
                0x0000000020000154                htim2
 .bss.htim4     0x000000002000019c       0x48 ./Core/Src/tim.o
                0x000000002000019c                htim4
 .bss.uwTick    0x00000000200001e4        0x4 ./Drivers/STM32F4xx_HAL_Driver/Src/stm32f4xx_hal.o
                0x00000000200001e4                uwTick
 *(COMMON)
                0x00000000200001e8                . = ALIGN (0x4)
                0x00000000200001e8                _ebss = .
                0x00000000200001e8                __bss_end__ = _ebss

._user_heap_stack
                0x00000000200001e8      0x600
                0x00000000200001e8                . = ALIGN (0x8)
                [!provide]                        PROVIDE (end = .)
                0x00000000200001e8                PROVIDE (_end = .)
                0x00000000200003e8                . = (. + _Min_Heap_Size)
 *fill*         0x00000000200001e8      0x200 
                0x00000000200007e8                . = (. + _Min_Stack_Size)
 *fill*         0x00000000200003e8      0x400 
                0x00000000200007e8                . = ALIGN (0x8)

/DISCARD/
 libc.a(*)
 libm.a(*)
 libgcc.a(*)

.ARM.attributes
                0x0000000000000000       0x30
 *(.ARM.attributes)
 .ARM.attributes
                0x0000000000000000       0x1e C:/ST/STM32CubeIDE_1.13.2/STM32CubeIDE/plugins/com.st.stm32cube.ide.mcu.externaltools.gnu-tools-for-stm32.11.3.rel1.win32_1.1.100.202309141235/tools/bin/../lib/gcc/arm-none-eabi/11.3.1/thumb/v7e-m+fp/hard/crti.o
 .ARM.attributes
                0x000000000000001e       0x34 C:/ST/STM32CubeIDE_1.13.2/STM32CubeIDE/plugins/com.st.stm32cube.ide.mcu.externaltools.gnu-tools-for-stm32.11.3.rel1.win32_1.1.100.202309141235/tools/bin/../lib/gcc/arm-none-eabi/11.3.1/thumb/v7e-m+fp/hard/crtbegin.o
 .ARM.attributes
                0x0000000000000052       0x34 ./Core/Src/ds3231.o
 .ARM.attributes
                0x0000000000000086       0x34 ./Core/Src/fsmc.o
 .ARM.attributes
                0x00000000000000ba       0x34 ./Core/Src/gpio.o
 .ARM.attributes
                0x00000000000000ee       0x34 ./Core/Src/i2c.o
 .ARM.attributes
                0x0000000000000122       0x34 ./Core/Src/lcd.o
 .ARM.attributes
                0x0000000000000156       0x34 ./Core/Src/led_7seg.o
 .ARM.attributes
                0x000000000000018a       0x34 ./Core/Src/main.o
 .ARM.attributes
                0x00000000000001be       0x34 ./Core/Src/software_timer.o
 .ARM.attributes
                0x00000000000001f2       0x34 ./Core/Src/spi.o
 .ARM.attributes
                0x0000000000000226       0x34 ./Core/Src/stm32f4xx_hal_msp.o
 .ARM.attributes
                0x000000000000025a       0x34 ./Core/Src/stm32f4xx_it.o
 .ARM.attributes
                0x000000000000028e       0x34 ./Core/Src/system_stm32f4xx.o
 .ARM.attributes
                0x00000000000002c2       0x34 ./Core/Src/tim.o
 .ARM.attributes
                0x00000000000002f6       0x34 ./Core/Src/utils.o
 .ARM.attributes
                0x000000000000032a       0x21 ./Core/Startup/startup_stm32f407zetx.o
 .ARM.attributes
                0x000000000000034b       0x34 ./Drivers/STM32F4xx_HAL_Driver/Src/stm32f4xx_hal.o
 .ARM.attributes
                0x000000000000037f       0x34 ./Drivers/STM32F4xx_HAL_Driver/Src/stm32f4xx_hal_cortex.o
 .ARM.attributes
                0x00000000000003b3       0x34 ./Drivers/STM32F4xx_HAL_Driver/Src/stm32f4xx_hal_gpio.o
 .ARM.attributes
                0x00000000000003e7       0x34 ./Drivers/STM32F4xx_HAL_Driver/Src/stm32f4xx_hal_i2c.o
 .ARM.attributes
                0x000000000000041b       0x34 ./Drivers/STM32F4xx_HAL_Driver/Src/stm32f4xx_hal_rcc.o
 .ARM.attributes
                0x000000000000044f       0x34 ./Drivers/STM32F4xx_HAL_Driver/Src/stm32f4xx_hal_spi.o
 .ARM.attributes
                0x0000000000000483       0x34 ./Drivers/STM32F4xx_HAL_Driver/Src/stm32f4xx_hal_sram.o
 .ARM.attributes
                0x00000000000004b7       0x34 ./Drivers/STM32F4xx_HAL_Driver/Src/stm32f4xx_hal_tim.o
 .ARM.attributes
                0x00000000000004eb       0x34 ./Drivers/STM32F4xx_HAL_Driver/Src/stm32f4xx_hal_tim_ex.o
 .ARM.attributes
                0x000000000000051f       0x34 ./Drivers/STM32F4xx_HAL_Driver/Src/stm32f4xx_ll_fsmc.o
 .ARM.attributes
                0x0000000000000553       0x34 C:/ST/STM32CubeIDE_1.13.2/STM32CubeIDE/plugins/com.st.stm32cube.ide.mcu.externaltools.gnu-tools-for-stm32.11.3.rel1.win32_1.1.100.202309141235/tools/bin/../lib/gcc/arm-none-eabi/11.3.1/../../../../arm-none-eabi/lib/thumb/v7e-m+fp/hard\libc_nano.a(libc_a-memset.o)
 .ARM.attributes
                0x0000000000000587       0x34 C:/ST/STM32CubeIDE_1.13.2/STM32CubeIDE/plugins/com.st.stm32cube.ide.mcu.externaltools.gnu-tools-for-stm32.11.3.rel1.win32_1.1.100.202309141235/tools/bin/../lib/gcc/arm-none-eabi/11.3.1/../../../../arm-none-eabi/lib/thumb/v7e-m+fp/hard\libc_nano.a(libc_a-init.o)
 .ARM.attributes
                0x00000000000005bb       0x1e C:/ST/STM32CubeIDE_1.13.2/STM32CubeIDE/plugins/com.st.stm32cube.ide.mcu.externaltools.gnu-tools-for-stm32.11.3.rel1.win32_1.1.100.202309141235/tools/bin/../lib/gcc/arm-none-eabi/11.3.1/thumb/v7e-m+fp/hard\libgcc.a(_aeabi_uldivmod.o)
 .ARM.attributes
                0x00000000000005d9       0x34 C:/ST/STM32CubeIDE_1.13.2/STM32CubeIDE/plugins/com.st.stm32cube.ide.mcu.externaltools.gnu-tools-for-stm32.11.3.rel1.win32_1.1.100.202309141235/tools/bin/../lib/gcc/arm-none-eabi/11.3.1/thumb/v7e-m+fp/hard\libgcc.a(_udivmoddi4.o)
 .ARM.attributes
                0x000000000000060d       0x1e C:/ST/STM32CubeIDE_1.13.2/STM32CubeIDE/plugins/com.st.stm32cube.ide.mcu.externaltools.gnu-tools-for-stm32.11.3.rel1.win32_1.1.100.202309141235/tools/bin/../lib/gcc/arm-none-eabi/11.3.1/thumb/v7e-m+fp/hard\libgcc.a(_dvmd_tls.o)
 .ARM.attributes
                0x000000000000062b       0x1e C:/ST/STM32CubeIDE_1.13.2/STM32CubeIDE/plugins/com.st.stm32cube.ide.mcu.externaltools.gnu-tools-for-stm32.11.3.rel1.win32_1.1.100.202309141235/tools/bin/../lib/gcc/arm-none-eabi/11.3.1/thumb/v7e-m+fp/hard/crtn.o
OUTPUT(Lab6_I2C_RealTimeClock_0.elf elf32-littlearm)
LOAD linker stubs
LOAD C:/ST/STM32CubeIDE_1.13.2/STM32CubeIDE/plugins/com.st.stm32cube.ide.mcu.externaltools.gnu-tools-for-stm32.11.3.rel1.win32_1.1.100.202309141235/tools/bin/../lib/gcc/arm-none-eabi/11.3.1/../../../../arm-none-eabi/lib/thumb/v7e-m+fp/hard\libc.a
LOAD C:/ST/STM32CubeIDE_1.13.2/STM32CubeIDE/plugins/com.st.stm32cube.ide.mcu.externaltools.gnu-tools-for-stm32.11.3.rel1.win32_1.1.100.202309141235/tools/bin/../lib/gcc/arm-none-eabi/11.3.1/../../../../arm-none-eabi/lib/thumb/v7e-m+fp/hard\libm.a
LOAD C:/ST/STM32CubeIDE_1.13.2/STM32CubeIDE/plugins/com.st.stm32cube.ide.mcu.externaltools.gnu-tools-for-stm32.11.3.rel1.win32_1.1.100.202309141235/tools/bin/../lib/gcc/arm-none-eabi/11.3.1/thumb/v7e-m+fp/hard\libgcc.a

.comment        0x0000000000000000       0x43
 .comment       0x0000000000000000       0x43 C:/ST/STM32CubeIDE_1.13.2/STM32CubeIDE/plugins/com.st.stm32cube.ide.mcu.externaltools.gnu-tools-for-stm32.11.3.rel1.win32_1.1.100.202309141235/tools/bin/../lib/gcc/arm-none-eabi/11.3.1/thumb/v7e-m+fp/hard/crtbegin.o
                                         0x44 (size before relaxing)
 .comment       0x0000000000000043       0x44 ./Core/Src/ds3231.o
 .comment       0x0000000000000043       0x44 ./Core/Src/fsmc.o
 .comment       0x0000000000000043       0x44 ./Core/Src/gpio.o
 .comment       0x0000000000000043       0x44 ./Core/Src/i2c.o
 .comment       0x0000000000000043       0x44 ./Core/Src/lcd.o
 .comment       0x0000000000000043       0x44 ./Core/Src/led_7seg.o
 .comment       0x0000000000000043       0x44 ./Core/Src/main.o
 .comment       0x0000000000000043       0x44 ./Core/Src/software_timer.o
 .comment       0x0000000000000043       0x44 ./Core/Src/spi.o
 .comment       0x0000000000000043       0x44 ./Core/Src/stm32f4xx_hal_msp.o
 .comment       0x0000000000000043       0x44 ./Core/Src/stm32f4xx_it.o
 .comment       0x0000000000000043       0x44 ./Core/Src/system_stm32f4xx.o
 .comment       0x0000000000000043       0x44 ./Core/Src/tim.o
 .comment       0x0000000000000043       0x44 ./Core/Src/utils.o
 .comment       0x0000000000000043       0x44 ./Drivers/STM32F4xx_HAL_Driver/Src/stm32f4xx_hal.o
 .comment       0x0000000000000043       0x44 ./Drivers/STM32F4xx_HAL_Driver/Src/stm32f4xx_hal_cortex.o
 .comment       0x0000000000000043       0x44 ./Drivers/STM32F4xx_HAL_Driver/Src/stm32f4xx_hal_gpio.o
 .comment       0x0000000000000043       0x44 ./Drivers/STM32F4xx_HAL_Driver/Src/stm32f4xx_hal_i2c.o
 .comment       0x0000000000000043       0x44 ./Drivers/STM32F4xx_HAL_Driver/Src/stm32f4xx_hal_rcc.o
 .comment       0x0000000000000043       0x44 ./Drivers/STM32F4xx_HAL_Driver/Src/stm32f4xx_hal_spi.o
 .comment       0x0000000000000043       0x44 ./Drivers/STM32F4xx_HAL_Driver/Src/stm32f4xx_hal_sram.o
 .comment       0x0000000000000043       0x44 ./Drivers/STM32F4xx_HAL_Driver/Src/stm32f4xx_hal_tim.o
 .comment       0x0000000000000043       0x44 ./Drivers/STM32F4xx_HAL_Driver/Src/stm32f4xx_hal_tim_ex.o
 .comment       0x0000000000000043       0x44 ./Drivers/STM32F4xx_HAL_Driver/Src/stm32f4xx_ll_fsmc.o

.debug_info     0x0000000000000000    0x119d4
 .debug_info    0x0000000000000000      0x80b ./Core/Src/ds3231.o
 .debug_info    0x000000000000080b      0x99a ./Core/Src/fsmc.o
 .debug_info    0x00000000000011a5      0x45d ./Core/Src/gpio.o
 .debug_info    0x0000000000001602      0x968 ./Core/Src/i2c.o
 .debug_info    0x0000000000001f6a      0xc29 ./Core/Src/lcd.o
 .debug_info    0x0000000000002b93      0x803 ./Core/Src/led_7seg.o
 .debug_info    0x0000000000003396      0x6db ./Core/Src/main.o
 .debug_info    0x0000000000003a71      0x7af ./Core/Src/software_timer.o
 .debug_info    0x0000000000004220      0x943 ./Core/Src/spi.o
 .debug_info    0x0000000000004b63      0x269 ./Core/Src/stm32f4xx_hal_msp.o
 .debug_info    0x0000000000004dcc      0x6f9 ./Core/Src/stm32f4xx_it.o
 .debug_info    0x00000000000054c5      0x512 ./Core/Src/system_stm32f4xx.o
 .debug_info    0x00000000000059d7      0xc58 ./Core/Src/tim.o
 .debug_info    0x000000000000662f       0xe3 ./Core/Src/utils.o
 .debug_info    0x0000000000006712       0x23 ./Core/Startup/startup_stm32f407zetx.o
 .debug_info    0x0000000000006735      0x948 ./Drivers/STM32F4xx_HAL_Driver/Src/stm32f4xx_hal.o
 .debug_info    0x000000000000707d      0xd46 ./Drivers/STM32F4xx_HAL_Driver/Src/stm32f4xx_hal_cortex.o
 .debug_info    0x0000000000007dc3      0x6c3 ./Drivers/STM32F4xx_HAL_Driver/Src/stm32f4xx_hal_gpio.o
 .debug_info    0x0000000000008486     0x23e1 ./Drivers/STM32F4xx_HAL_Driver/Src/stm32f4xx_hal_i2c.o
 .debug_info    0x000000000000a867      0x8b1 ./Drivers/STM32F4xx_HAL_Driver/Src/stm32f4xx_hal_rcc.o
 .debug_info    0x000000000000b118     0x15fb ./Drivers/STM32F4xx_HAL_Driver/Src/stm32f4xx_hal_spi.o
 .debug_info    0x000000000000c713      0xb3e ./Drivers/STM32F4xx_HAL_Driver/Src/stm32f4xx_hal_sram.o
 .debug_info    0x000000000000d251     0x2949 ./Drivers/STM32F4xx_HAL_Driver/Src/stm32f4xx_hal_tim.o
 .debug_info    0x000000000000fb9a     0x14ae ./Drivers/STM32F4xx_HAL_Driver/Src/stm32f4xx_hal_tim_ex.o
 .debug_info    0x0000000000011048      0x98c ./Drivers/STM32F4xx_HAL_Driver/Src/stm32f4xx_ll_fsmc.o

.debug_abbrev   0x0000000000000000     0x300f
 .debug_abbrev  0x0000000000000000      0x1ed ./Core/Src/ds3231.o
 .debug_abbrev  0x00000000000001ed      0x215 ./Core/Src/fsmc.o
 .debug_abbrev  0x0000000000000402      0x152 ./Core/Src/gpio.o
 .debug_abbrev  0x0000000000000554      0x1f1 ./Core/Src/i2c.o
 .debug_abbrev  0x0000000000000745      0x328 ./Core/Src/lcd.o
 .debug_abbrev  0x0000000000000a6d      0x1ca ./Core/Src/led_7seg.o
 .debug_abbrev  0x0000000000000c37      0x236 ./Core/Src/main.o
 .debug_abbrev  0x0000000000000e6d      0x200 ./Core/Src/software_timer.o
 .debug_abbrev  0x000000000000106d      0x1f3 ./Core/Src/spi.o
 .debug_abbrev  0x0000000000001260       0xd8 ./Core/Src/stm32f4xx_hal_msp.o
 .debug_abbrev  0x0000000000001338      0x194 ./Core/Src/stm32f4xx_it.o
 .debug_abbrev  0x00000000000014cc      0x11a ./Core/Src/system_stm32f4xx.o
 .debug_abbrev  0x00000000000015e6      0x1ff ./Core/Src/tim.o
 .debug_abbrev  0x00000000000017e5       0x86 ./Core/Src/utils.o
 .debug_abbrev  0x000000000000186b       0x12 ./Core/Startup/startup_stm32f407zetx.o
 .debug_abbrev  0x000000000000187d      0x213 ./Drivers/STM32F4xx_HAL_Driver/Src/stm32f4xx_hal.o
 .debug_abbrev  0x0000000000001a90      0x327 ./Drivers/STM32F4xx_HAL_Driver/Src/stm32f4xx_hal_cortex.o
 .debug_abbrev  0x0000000000001db7      0x1d4 ./Drivers/STM32F4xx_HAL_Driver/Src/stm32f4xx_hal_gpio.o
 .debug_abbrev  0x0000000000001f8b      0x2ad ./Drivers/STM32F4xx_HAL_Driver/Src/stm32f4xx_hal_i2c.o
 .debug_abbrev  0x0000000000002238      0x2b6 ./Drivers/STM32F4xx_HAL_Driver/Src/stm32f4xx_hal_rcc.o
 .debug_abbrev  0x00000000000024ee      0x284 ./Drivers/STM32F4xx_HAL_Driver/Src/stm32f4xx_hal_spi.o
 .debug_abbrev  0x0000000000002772      0x208 ./Drivers/STM32F4xx_HAL_Driver/Src/stm32f4xx_hal_sram.o
 .debug_abbrev  0x000000000000297a      0x271 ./Drivers/STM32F4xx_HAL_Driver/Src/stm32f4xx_hal_tim.o
 .debug_abbrev  0x0000000000002beb      0x27c ./Drivers/STM32F4xx_HAL_Driver/Src/stm32f4xx_hal_tim_ex.o
 .debug_abbrev  0x0000000000002e67      0x1a8 ./Drivers/STM32F4xx_HAL_Driver/Src/stm32f4xx_ll_fsmc.o

.debug_aranges  0x0000000000000000     0x11b8
 .debug_aranges
                0x0000000000000000       0x38 ./Core/Src/ds3231.o
 .debug_aranges
                0x0000000000000038       0x40 ./Core/Src/fsmc.o
 .debug_aranges
                0x0000000000000078       0x20 ./Core/Src/gpio.o
 .debug_aranges
                0x0000000000000098       0x30 ./Core/Src/i2c.o
 .debug_aranges
                0x00000000000000c8       0xd8 ./Core/Src/lcd.o
 .debug_aranges
                0x00000000000001a0       0x48 ./Core/Src/led_7seg.o
 .debug_aranges
                0x00000000000001e8       0x48 ./Core/Src/main.o
 .debug_aranges
                0x0000000000000230       0x40 ./Core/Src/software_timer.o
 .debug_aranges
                0x0000000000000270       0x30 ./Core/Src/spi.o
 .debug_aranges
                0x00000000000002a0       0x20 ./Core/Src/stm32f4xx_hal_msp.o
 .debug_aranges
                0x00000000000002c0       0x70 ./Core/Src/stm32f4xx_it.o
 .debug_aranges
                0x0000000000000330       0x28 ./Core/Src/system_stm32f4xx.o
 .debug_aranges
                0x0000000000000358       0x38 ./Core/Src/tim.o
 .debug_aranges
                0x0000000000000390       0x28 ./Core/Src/utils.o
 .debug_aranges
                0x00000000000003b8       0x28 ./Core/Startup/startup_stm32f407zetx.o
 .debug_aranges
                0x00000000000003e0       0xf0 ./Drivers/STM32F4xx_HAL_Driver/Src/stm32f4xx_hal.o
 .debug_aranges
                0x00000000000004d0      0x118 ./Drivers/STM32F4xx_HAL_Driver/Src/stm32f4xx_hal_cortex.o
 .debug_aranges
                0x00000000000005e8       0x58 ./Drivers/STM32F4xx_HAL_Driver/Src/stm32f4xx_hal_gpio.o
 .debug_aranges
                0x0000000000000640      0x2a0 ./Drivers/STM32F4xx_HAL_Driver/Src/stm32f4xx_hal_i2c.o
 .debug_aranges
                0x00000000000008e0       0x88 ./Drivers/STM32F4xx_HAL_Driver/Src/stm32f4xx_hal_rcc.o
 .debug_aranges
                0x0000000000000968      0x1d0 ./Drivers/STM32F4xx_HAL_Driver/Src/stm32f4xx_hal_spi.o
 .debug_aranges
                0x0000000000000b38       0xa0 ./Drivers/STM32F4xx_HAL_Driver/Src/stm32f4xx_hal_sram.o
 .debug_aranges
                0x0000000000000bd8      0x3d0 ./Drivers/STM32F4xx_HAL_Driver/Src/stm32f4xx_hal_tim.o
 .debug_aranges
                0x0000000000000fa8      0x168 ./Drivers/STM32F4xx_HAL_Driver/Src/stm32f4xx_hal_tim_ex.o
 .debug_aranges
                0x0000000000001110       0xa8 ./Drivers/STM32F4xx_HAL_Driver/Src/stm32f4xx_ll_fsmc.o

.debug_rnglists
                0x0000000000000000      0xdb9
 .debug_rnglists
                0x0000000000000000       0x27 ./Core/Src/ds3231.o
 .debug_rnglists
                0x0000000000000027       0x2d ./Core/Src/fsmc.o
 .debug_rnglists
                0x0000000000000054       0x14 ./Core/Src/gpio.o
 .debug_rnglists
                0x0000000000000068       0x20 ./Core/Src/i2c.o
 .debug_rnglists
                0x0000000000000088       0xa8 ./Core/Src/lcd.o
 .debug_rnglists
                0x0000000000000130       0x32 ./Core/Src/led_7seg.o
 .debug_rnglists
                0x0000000000000162       0x33 ./Core/Src/main.o
 .debug_rnglists
                0x0000000000000195       0x2c ./Core/Src/software_timer.o
 .debug_rnglists
                0x00000000000001c1       0x20 ./Core/Src/spi.o
 .debug_rnglists
                0x00000000000001e1       0x13 ./Core/Src/stm32f4xx_hal_msp.o
 .debug_rnglists
                0x00000000000001f4       0x4f ./Core/Src/stm32f4xx_it.o
 .debug_rnglists
                0x0000000000000243       0x1a ./Core/Src/system_stm32f4xx.o
 .debug_rnglists
                0x000000000000025d       0x28 ./Core/Src/tim.o
 .debug_rnglists
                0x0000000000000285       0x19 ./Core/Src/utils.o
 .debug_rnglists
                0x000000000000029e       0x19 ./Core/Startup/startup_stm32f407zetx.o
 .debug_rnglists
                0x00000000000002b7       0xaf ./Drivers/STM32F4xx_HAL_Driver/Src/stm32f4xx_hal.o
 .debug_rnglists
                0x0000000000000366       0xce ./Drivers/STM32F4xx_HAL_Driver/Src/stm32f4xx_hal_cortex.o
 .debug_rnglists
                0x0000000000000434       0x3f ./Drivers/STM32F4xx_HAL_Driver/Src/stm32f4xx_hal_gpio.o
 .debug_rnglists
                0x0000000000000473      0x23f ./Drivers/STM32F4xx_HAL_Driver/Src/stm32f4xx_hal_i2c.o
 .debug_rnglists
                0x00000000000006b2       0x66 ./Drivers/STM32F4xx_HAL_Driver/Src/stm32f4xx_hal_rcc.o
 .debug_rnglists
                0x0000000000000718      0x16f ./Drivers/STM32F4xx_HAL_Driver/Src/stm32f4xx_hal_spi.o
 .debug_rnglists
                0x0000000000000887       0x76 ./Drivers/STM32F4xx_HAL_Driver/Src/stm32f4xx_hal_sram.o
 .debug_rnglists
                0x00000000000008fd      0x31a ./Drivers/STM32F4xx_HAL_Driver/Src/stm32f4xx_hal_tim.o
 .debug_rnglists
                0x0000000000000c17      0x125 ./Drivers/STM32F4xx_HAL_Driver/Src/stm32f4xx_hal_tim_ex.o
 .debug_rnglists
                0x0000000000000d3c       0x7d ./Drivers/STM32F4xx_HAL_Driver/Src/stm32f4xx_ll_fsmc.o

.debug_macro    0x0000000000000000     0x3e66
 .debug_macro   0x0000000000000000      0x23b ./Core/Src/ds3231.o
 .debug_macro   0x000000000000023b       0x2e ./Core/Src/ds3231.o
 .debug_macro   0x0000000000000269      0x21c ./Core/Src/fsmc.o
 .debug_macro   0x0000000000000485      0x21c ./Core/Src/gpio.o
 .debug_macro   0x00000000000006a1      0x21c ./Core/Src/i2c.o
 .debug_macro   0x00000000000008bd      0x33b ./Core/Src/lcd.o
 .debug_macro   0x0000000000000bf8       0xca ./Core/Src/lcd.o
 .debug_macro   0x0000000000000cc2       0x2a ./Core/Src/lcd.o
 .debug_macro   0x0000000000000cec       0x61 ./Core/Src/lcd.o
 .debug_macro   0x0000000000000d4d       0x43 ./Core/Src/lcd.o
 .debug_macro   0x0000000000000d90       0x34 ./Core/Src/lcd.o
 .debug_macro   0x0000000000000dc4       0x16 ./Core/Src/lcd.o
 .debug_macro   0x0000000000000dda       0x35 ./Core/Src/lcd.o
 .debug_macro   0x0000000000000e0f       0x16 ./Core/Src/lcd.o
 .debug_macro   0x0000000000000e25       0x43 ./Core/Src/lcd.o
 .debug_macro   0x0000000000000e68       0x34 ./Core/Src/lcd.o
 .debug_macro   0x0000000000000e9c       0x10 ./Core/Src/lcd.o
 .debug_macro   0x0000000000000eac       0x58 ./Core/Src/lcd.o
 .debug_macro   0x0000000000000f04       0x8e ./Core/Src/lcd.o
 .debug_macro   0x0000000000000f92       0x1c ./Core/Src/lcd.o
 .debug_macro   0x0000000000000fae      0x177 ./Core/Src/lcd.o
 .debug_macro   0x0000000000001125      0x369 ./Core/Src/lcd.o
 .debug_macro   0x000000000000148e       0x16 ./Core/Src/lcd.o
 .debug_macro   0x00000000000014a4       0x29 ./Core/Src/lcd.o
 .debug_macro   0x00000000000014cd       0x16 ./Core/Src/lcd.o
 .debug_macro   0x00000000000014e3       0x20 ./Core/Src/lcd.o
 .debug_macro   0x0000000000001503      0x226 ./Core/Src/led_7seg.o
 .debug_macro   0x0000000000001729      0x26d ./Core/Src/main.o
 .debug_macro   0x0000000000001996       0x16 ./Core/Src/main.o
 .debug_macro   0x00000000000019ac       0x34 ./Core/Src/main.o
 .debug_macro   0x00000000000019e0      0x235 ./Core/Src/software_timer.o
 .debug_macro   0x0000000000001c15       0x10 ./Core/Src/software_timer.o
 .debug_macro   0x0000000000001c25      0x21c ./Core/Src/spi.o
 .debug_macro   0x0000000000001e41      0x212 ./Core/Src/stm32f4xx_hal_msp.o
 .debug_macro   0x0000000000002053      0x21c ./Core/Src/stm32f4xx_it.o
 .debug_macro   0x000000000000226f      0x203 ./Core/Src/system_stm32f4xx.o
 .debug_macro   0x0000000000002472      0x21c ./Core/Src/tim.o
 .debug_macro   0x000000000000268e      0x13e ./Core/Src/utils.o
 .debug_macro   0x00000000000027cc      0x10e ./Core/Src/utils.o
 .debug_macro   0x00000000000028da       0x8d ./Core/Src/utils.o
 .debug_macro   0x0000000000002967      0x263 ./Drivers/STM32F4xx_HAL_Driver/Src/stm32f4xx_hal.o
 .debug_macro   0x0000000000002bca      0x203 ./Drivers/STM32F4xx_HAL_Driver/Src/stm32f4xx_hal_cortex.o
 .debug_macro   0x0000000000002dcd      0x209 ./Drivers/STM32F4xx_HAL_Driver/Src/stm32f4xx_hal_gpio.o
 .debug_macro   0x0000000000002fd6      0x24a ./Drivers/STM32F4xx_HAL_Driver/Src/stm32f4xx_hal_i2c.o
 .debug_macro   0x0000000000003220      0x227 ./Drivers/STM32F4xx_HAL_Driver/Src/stm32f4xx_hal_rcc.o
 .debug_macro   0x0000000000003447      0x212 ./Drivers/STM32F4xx_HAL_Driver/Src/stm32f4xx_hal_spi.o
 .debug_macro   0x0000000000003659      0x203 ./Drivers/STM32F4xx_HAL_Driver/Src/stm32f4xx_hal_sram.o
 .debug_macro   0x000000000000385c      0x204 ./Drivers/STM32F4xx_HAL_Driver/Src/stm32f4xx_hal_tim.o
 .debug_macro   0x0000000000003a60      0x203 ./Drivers/STM32F4xx_HAL_Driver/Src/stm32f4xx_hal_tim_ex.o
 .debug_macro   0x0000000000003c63      0x203 ./Drivers/STM32F4xx_HAL_Driver/Src/stm32f4xx_ll_fsmc.o

.debug_line     0x0000000000000000    0x16e8a
 .debug_line    0x0000000000000000      0x86b ./Core/Src/ds3231.o
 .debug_line    0x000000000000086b      0x8ae ./Core/Src/fsmc.o
 .debug_line    0x0000000000001119      0x80c ./Core/Src/gpio.o
 .debug_line    0x0000000000001925      0x81b ./Core/Src/i2c.o
 .debug_line    0x0000000000002140      0xff9 ./Core/Src/lcd.o
 .debug_line    0x0000000000003139      0x8a1 ./Core/Src/led_7seg.o
 .debug_line    0x00000000000039da      0x8e8 ./Core/Src/main.o
 .debug_line    0x00000000000042c2      0x872 ./Core/Src/software_timer.o
 .debug_line    0x0000000000004b34      0x81f ./Core/Src/spi.o
 .debug_line    0x0000000000005353      0x7ae ./Core/Src/stm32f4xx_hal_msp.o
 .debug_line    0x0000000000005b01      0x8a0 ./Core/Src/stm32f4xx_it.o
 .debug_line    0x00000000000063a1      0x82f ./Core/Src/system_stm32f4xx.o
 .debug_line    0x0000000000006bd0      0x88f ./Core/Src/tim.o
 .debug_line    0x000000000000745f      0x5ad ./Core/Src/utils.o
 .debug_line    0x0000000000007a0c       0x7a ./Core/Startup/startup_stm32f407zetx.o
 .debug_line    0x0000000000007a86      0xa95 ./Drivers/STM32F4xx_HAL_Driver/Src/stm32f4xx_hal.o
 .debug_line    0x000000000000851b      0xd44 ./Drivers/STM32F4xx_HAL_Driver/Src/stm32f4xx_hal_cortex.o
 .debug_line    0x000000000000925f      0xc0b ./Drivers/STM32F4xx_HAL_Driver/Src/stm32f4xx_hal_gpio.o
 .debug_line    0x0000000000009e6a     0x3a4e ./Drivers/STM32F4xx_HAL_Driver/Src/stm32f4xx_hal_i2c.o
 .debug_line    0x000000000000d8b8      0xe0e ./Drivers/STM32F4xx_HAL_Driver/Src/stm32f4xx_hal_rcc.o
 .debug_line    0x000000000000e6c6     0x1d24 ./Drivers/STM32F4xx_HAL_Driver/Src/stm32f4xx_hal_spi.o
 .debug_line    0x00000000000103ea      0xc37 ./Drivers/STM32F4xx_HAL_Driver/Src/stm32f4xx_hal_sram.o
 .debug_line    0x0000000000011021     0x378d ./Drivers/STM32F4xx_HAL_Driver/Src/stm32f4xx_hal_tim.o
 .debug_line    0x00000000000147ae     0x1a92 ./Drivers/STM32F4xx_HAL_Driver/Src/stm32f4xx_hal_tim_ex.o
 .debug_line    0x0000000000016240      0xc4a ./Drivers/STM32F4xx_HAL_Driver/Src/stm32f4xx_ll_fsmc.o

.debug_str      0x0000000000000000    0xcf74e
 .debug_str     0x0000000000000000    0xc7961 ./Core/Src/ds3231.o
                                      0xc7c75 (size before relaxing)
 .debug_str     0x00000000000c7961      0x421 ./Core/Src/fsmc.o
                                      0xc7cc8 (size before relaxing)
 .debug_str     0x00000000000c7d82       0x68 ./Core/Src/gpio.o
                                      0xc7776 (size before relaxing)
 .debug_str     0x00000000000c7dea       0x58 ./Core/Src/i2c.o
                                      0xc7ca5 (size before relaxing)
 .debug_str     0x00000000000c7e42     0x36c2 ./Core/Src/lcd.o
                                      0xcad1d (size before relaxing)
 .debug_str     0x00000000000cb504      0x2a9 ./Core/Src/led_7seg.o
                                      0xc7b87 (size before relaxing)
 .debug_str     0x00000000000cb7ad      0x22c ./Core/Src/main.o
                                      0xc7d12 (size before relaxing)
 .debug_str     0x00000000000cb9d9      0x31d ./Core/Src/software_timer.o
                                      0xc7c3b (size before relaxing)
 .debug_str     0x00000000000cbcf6       0x4b ./Core/Src/spi.o
                                      0xc7c02 (size before relaxing)
 .debug_str     0x00000000000cbd41       0x2c ./Core/Src/stm32f4xx_hal_msp.o
                                      0xc76ab (size before relaxing)
 .debug_str     0x00000000000cbd6d       0xfc ./Core/Src/stm32f4xx_it.o
                                      0xc7ba5 (size before relaxing)
 .debug_str     0x00000000000cbe69       0xdb ./Core/Src/system_stm32f4xx.o
                                      0xc7539 (size before relaxing)
 .debug_str     0x00000000000cbf44      0x653 ./Core/Src/tim.o
                                      0xc8293 (size before relaxing)
 .debug_str     0x00000000000cc597       0x14 ./Core/Src/utils.o
                                       0x7221 (size before relaxing)
 .debug_str     0x00000000000cc5ab       0x34 ./Core/Startup/startup_stm32f407zetx.o
                                         0x86 (size before relaxing)
 .debug_str     0x00000000000cc5df      0x603 ./Drivers/STM32F4xx_HAL_Driver/Src/stm32f4xx_hal.o
                                      0xc80bd (size before relaxing)
 .debug_str     0x00000000000ccbe2      0x32d ./Drivers/STM32F4xx_HAL_Driver/Src/stm32f4xx_hal_cortex.o
                                      0xc7df0 (size before relaxing)
 .debug_str     0x00000000000ccf0f      0x11c ./Drivers/STM32F4xx_HAL_Driver/Src/stm32f4xx_hal_gpio.o
                                      0xc76b4 (size before relaxing)
 .debug_str     0x00000000000cd02b      0xad6 ./Drivers/STM32F4xx_HAL_Driver/Src/stm32f4xx_hal_i2c.o
                                      0xc8504 (size before relaxing)
 .debug_str     0x00000000000cdb01      0x213 ./Drivers/STM32F4xx_HAL_Driver/Src/stm32f4xx_hal_rcc.o
                                      0xc796d (size before relaxing)
 .debug_str     0x00000000000cdd14      0x554 ./Drivers/STM32F4xx_HAL_Driver/Src/stm32f4xx_hal_spi.o
                                      0xc7dfd (size before relaxing)
 .debug_str     0x00000000000ce268      0x1a6 ./Drivers/STM32F4xx_HAL_Driver/Src/stm32f4xx_hal_sram.o
                                      0xc7ae0 (size before relaxing)
 .debug_str     0x00000000000ce40e      0xda8 ./Drivers/STM32F4xx_HAL_Driver/Src/stm32f4xx_hal_tim.o
                                      0xc88b3 (size before relaxing)
 .debug_str     0x00000000000cf1b6      0x493 ./Drivers/STM32F4xx_HAL_Driver/Src/stm32f4xx_hal_tim_ex.o
                                      0xc80cf (size before relaxing)
 .debug_str     0x00000000000cf649      0x105 ./Drivers/STM32F4xx_HAL_Driver/Src/stm32f4xx_ll_fsmc.o
                                      0xc78e8 (size before relaxing)

.debug_frame    0x0000000000000000     0x4928
 .debug_frame   0x0000000000000000       0x98 ./Core/Src/ds3231.o
 .debug_frame   0x0000000000000098       0xbc ./Core/Src/fsmc.o
 .debug_frame   0x0000000000000154       0x34 ./Core/Src/gpio.o
 .debug_frame   0x0000000000000188       0x74 ./Core/Src/i2c.o
 .debug_frame   0x00000000000001fc      0x394 ./Core/Src/lcd.o
 .debug_frame   0x0000000000000590       0xe8 ./Core/Src/led_7seg.o
 .debug_frame   0x0000000000000678       0xc4 ./Core/Src/main.o
 .debug_frame   0x000000000000073c       0xbc ./Core/Src/software_timer.o
 .debug_frame   0x00000000000007f8       0x74 ./Core/Src/spi.o
 .debug_frame   0x000000000000086c       0x38 ./Core/Src/stm32f4xx_hal_msp.o
 .debug_frame   0x00000000000008a4      0x13c ./Core/Src/stm32f4xx_it.o
 .debug_frame   0x00000000000009e0       0x58 ./Core/Src/system_stm32f4xx.o
 .debug_frame   0x0000000000000a38       0xa0 ./Core/Src/tim.o
 .debug_frame   0x0000000000000ad8       0x60 ./Core/Src/utils.o
 .debug_frame   0x0000000000000b38      0x374 ./Drivers/STM32F4xx_HAL_Driver/Src/stm32f4xx_hal.o
 .debug_frame   0x0000000000000eac      0x498 ./Drivers/STM32F4xx_HAL_Driver/Src/stm32f4xx_hal_cortex.o
 .debug_frame   0x0000000000001344      0x14c ./Drivers/STM32F4xx_HAL_Driver/Src/stm32f4xx_hal_gpio.o
 .debug_frame   0x0000000000001490      0xc5c ./Drivers/STM32F4xx_HAL_Driver/Src/stm32f4xx_hal_i2c.o
 .debug_frame   0x00000000000020ec      0x1f4 ./Drivers/STM32F4xx_HAL_Driver/Src/stm32f4xx_hal_rcc.o
 .debug_frame   0x00000000000022e0      0x824 ./Drivers/STM32F4xx_HAL_Driver/Src/stm32f4xx_hal_spi.o
 .debug_frame   0x0000000000002b04      0x2a0 ./Drivers/STM32F4xx_HAL_Driver/Src/stm32f4xx_hal_sram.o
 .debug_frame   0x0000000000002da4     0x11c4 ./Drivers/STM32F4xx_HAL_Driver/Src/stm32f4xx_hal_tim.o
 .debug_frame   0x0000000000003f68      0x638 ./Drivers/STM32F4xx_HAL_Driver/Src/stm32f4xx_hal_tim_ex.o
 .debug_frame   0x00000000000045a0      0x2dc ./Drivers/STM32F4xx_HAL_Driver/Src/stm32f4xx_ll_fsmc.o
 .debug_frame   0x000000000000487c       0x20 C:/ST/STM32CubeIDE_1.13.2/STM32CubeIDE/plugins/com.st.stm32cube.ide.mcu.externaltools.gnu-tools-for-stm32.11.3.rel1.win32_1.1.100.202309141235/tools/bin/../lib/gcc/arm-none-eabi/11.3.1/../../../../arm-none-eabi/lib/thumb/v7e-m+fp/hard\libc_nano.a(libc_a-memset.o)
 .debug_frame   0x000000000000489c       0x2c C:/ST/STM32CubeIDE_1.13.2/STM32CubeIDE/plugins/com.st.stm32cube.ide.mcu.externaltools.gnu-tools-for-stm32.11.3.rel1.win32_1.1.100.202309141235/tools/bin/../lib/gcc/arm-none-eabi/11.3.1/../../../../arm-none-eabi/lib/thumb/v7e-m+fp/hard\libc_nano.a(libc_a-init.o)
 .debug_frame   0x00000000000048c8       0x2c C:/ST/STM32CubeIDE_1.13.2/STM32CubeIDE/plugins/com.st.stm32cube.ide.mcu.externaltools.gnu-tools-for-stm32.11.3.rel1.win32_1.1.100.202309141235/tools/bin/../lib/gcc/arm-none-eabi/11.3.1/thumb/v7e-m+fp/hard\libgcc.a(_aeabi_uldivmod.o)
 .debug_frame   0x00000000000048f4       0x34 C:/ST/STM32CubeIDE_1.13.2/STM32CubeIDE/plugins/com.st.stm32cube.ide.mcu.externaltools.gnu-tools-for-stm32.11.3.rel1.win32_1.1.100.202309141235/tools/bin/../lib/gcc/arm-none-eabi/11.3.1/thumb/v7e-m+fp/hard\libgcc.a(_udivmoddi4.o)

.debug_line_str
                0x0000000000000000       0x7a
 .debug_line_str
                0x0000000000000000       0x7a ./Core/Startup/startup_stm32f407zetx.o
                                         0x92 (size before relaxing)
