../Core/Src/main.c:129:5:main	8	static
../Core/Src/main.c:181:6:SystemClock_Config	88	static
../Core/Src/main.c:220:6:system_init	8	static
../Core/Src/main.c:237:9:isButtonUp	4	static
../Core/Src/main.c:245:9:isButtonDown	4	static
../Core/Src/main.c:252:6:phase1Green	16	static
../Core/Src/main.c:262:6:phase1Yellow	16	static
../Core/Src/main.c:272:6:phase2Green	16	static
../Core/Src/main.c:282:6:phase2Yellow	16	static
../Core/Src/main.c:292:6:appTrafficLight	24	static
../Core/Src/main.c:408:6:Error_Handler	4	static,ignoring_inline_asm
