Archive member included to satisfy reference by file (symbol)

C:/ST/STM32CubeIDE_1.13.2/STM32CubeIDE/plugins/com.st.stm32cube.ide.mcu.externaltools.gnu-tools-for-stm32.11.3.rel1.win32_1.1.100.202309141235/tools/bin/../lib/gcc/arm-none-eabi/11.3.1/../../../../arm-none-eabi/lib/thumb/v7e-m+fp/hard\libc_nano.a(libc_a-exit.o)
                              C:/ST/STM32CubeIDE_1.13.2/STM32CubeIDE/plugins/com.st.stm32cube.ide.mcu.externaltools.gnu-tools-for-stm32.11.3.rel1.win32_1.1.100.202309141235/tools/bin/../lib/gcc/arm-none-eabi/11.3.1/../../../../arm-none-eabi/lib/thumb/v7e-m+fp/hard/crt0.o (exit)
C:/ST/STM32CubeIDE_1.13.2/STM32CubeIDE/plugins/com.st.stm32cube.ide.mcu.externaltools.gnu-tools-for-stm32.11.3.rel1.win32_1.1.100.202309141235/tools/bin/../lib/gcc/arm-none-eabi/11.3.1/../../../../arm-none-eabi/lib/thumb/v7e-m+fp/hard\libc_nano.a(libc_a-findfp.o)
                              C:/ST/STM32CubeIDE_1.13.2/STM32CubeIDE/plugins/com.st.stm32cube.ide.mcu.externaltools.gnu-tools-for-stm32.11.3.rel1.win32_1.1.100.202309141235/tools/bin/../lib/gcc/arm-none-eabi/11.3.1/../../../../arm-none-eabi/lib/thumb/v7e-m+fp/hard\libc_nano.a(libc_a-exit.o) (__stdio_exit_handler)
C:/ST/STM32CubeIDE_1.13.2/STM32CubeIDE/plugins/com.st.stm32cube.ide.mcu.externaltools.gnu-tools-for-stm32.11.3.rel1.win32_1.1.100.202309141235/tools/bin/../lib/gcc/arm-none-eabi/11.3.1/../../../../arm-none-eabi/lib/thumb/v7e-m+fp/hard\libc_nano.a(libc_a-fwalk.o)
                              C:/ST/STM32CubeIDE_1.13.2/STM32CubeIDE/plugins/com.st.stm32cube.ide.mcu.externaltools.gnu-tools-for-stm32.11.3.rel1.win32_1.1.100.202309141235/tools/bin/../lib/gcc/arm-none-eabi/11.3.1/../../../../arm-none-eabi/lib/thumb/v7e-m+fp/hard\libc_nano.a(libc_a-findfp.o) (_fwalk_sglue)
C:/ST/STM32CubeIDE_1.13.2/STM32CubeIDE/plugins/com.st.stm32cube.ide.mcu.externaltools.gnu-tools-for-stm32.11.3.rel1.win32_1.1.100.202309141235/tools/bin/../lib/gcc/arm-none-eabi/11.3.1/../../../../arm-none-eabi/lib/thumb/v7e-m+fp/hard\libc_nano.a(libc_a-stdio.o)
                              C:/ST/STM32CubeIDE_1.13.2/STM32CubeIDE/plugins/com.st.stm32cube.ide.mcu.externaltools.gnu-tools-for-stm32.11.3.rel1.win32_1.1.100.202309141235/tools/bin/../lib/gcc/arm-none-eabi/11.3.1/../../../../arm-none-eabi/lib/thumb/v7e-m+fp/hard\libc_nano.a(libc_a-findfp.o) (__sread)
C:/ST/STM32CubeIDE_1.13.2/STM32CubeIDE/plugins/com.st.stm32cube.ide.mcu.externaltools.gnu-tools-for-stm32.11.3.rel1.win32_1.1.100.202309141235/tools/bin/../lib/gcc/arm-none-eabi/11.3.1/../../../../arm-none-eabi/lib/thumb/v7e-m+fp/hard\libc_nano.a(libc_a-memset.o)
                              C:/ST/STM32CubeIDE_1.13.2/STM32CubeIDE/plugins/com.st.stm32cube.ide.mcu.externaltools.gnu-tools-for-stm32.11.3.rel1.win32_1.1.100.202309141235/tools/bin/../lib/gcc/arm-none-eabi/11.3.1/../../../../arm-none-eabi/lib/thumb/v7e-m+fp/hard/crt0.o (memset)
C:/ST/STM32CubeIDE_1.13.2/STM32CubeIDE/plugins/com.st.stm32cube.ide.mcu.externaltools.gnu-tools-for-stm32.11.3.rel1.win32_1.1.100.202309141235/tools/bin/../lib/gcc/arm-none-eabi/11.3.1/../../../../arm-none-eabi/lib/thumb/v7e-m+fp/hard\libc_nano.a(libc_a-closer.o)
                              C:/ST/STM32CubeIDE_1.13.2/STM32CubeIDE/plugins/com.st.stm32cube.ide.mcu.externaltools.gnu-tools-for-stm32.11.3.rel1.win32_1.1.100.202309141235/tools/bin/../lib/gcc/arm-none-eabi/11.3.1/../../../../arm-none-eabi/lib/thumb/v7e-m+fp/hard\libc_nano.a(libc_a-stdio.o) (_close_r)
C:/ST/STM32CubeIDE_1.13.2/STM32CubeIDE/plugins/com.st.stm32cube.ide.mcu.externaltools.gnu-tools-for-stm32.11.3.rel1.win32_1.1.100.202309141235/tools/bin/../lib/gcc/arm-none-eabi/11.3.1/../../../../arm-none-eabi/lib/thumb/v7e-m+fp/hard\libc_nano.a(libc_a-reent.o)
                              C:/ST/STM32CubeIDE_1.13.2/STM32CubeIDE/plugins/com.st.stm32cube.ide.mcu.externaltools.gnu-tools-for-stm32.11.3.rel1.win32_1.1.100.202309141235/tools/bin/../lib/gcc/arm-none-eabi/11.3.1/../../../../arm-none-eabi/lib/thumb/v7e-m+fp/hard\libc_nano.a(libc_a-closer.o) (errno)
C:/ST/STM32CubeIDE_1.13.2/STM32CubeIDE/plugins/com.st.stm32cube.ide.mcu.externaltools.gnu-tools-for-stm32.11.3.rel1.win32_1.1.100.202309141235/tools/bin/../lib/gcc/arm-none-eabi/11.3.1/../../../../arm-none-eabi/lib/thumb/v7e-m+fp/hard\libc_nano.a(libc_a-impure.o)
                              C:/ST/STM32CubeIDE_1.13.2/STM32CubeIDE/plugins/com.st.stm32cube.ide.mcu.externaltools.gnu-tools-for-stm32.11.3.rel1.win32_1.1.100.202309141235/tools/bin/../lib/gcc/arm-none-eabi/11.3.1/../../../../arm-none-eabi/lib/thumb/v7e-m+fp/hard\libc_nano.a(libc_a-reent.o) (_impure_ptr)
C:/ST/STM32CubeIDE_1.13.2/STM32CubeIDE/plugins/com.st.stm32cube.ide.mcu.externaltools.gnu-tools-for-stm32.11.3.rel1.win32_1.1.100.202309141235/tools/bin/../lib/gcc/arm-none-eabi/11.3.1/../../../../arm-none-eabi/lib/thumb/v7e-m+fp/hard\libc_nano.a(libc_a-lseekr.o)
[...]
Memory Configuration

Name             Origin             Length             Attributes
CCMRAM           0x0000000010000000 0x0000000000010000 xrw
RAM              0x0000000020000000 0x0000000000020000 xrw
FLASH            0x0000000008000000 0x0000000000100000 xr
*default*        0x0000000000000000 0xffffffffffffffff

Linker script and memory map

LOAD C:/ST/STM32CubeIDE_1.13.2/STM32CubeIDE/plugins/com.st.stm32cube.ide.mcu.externaltools.gnu-tools-for-stm32.11.3.rel1.win32_1.1.100.202309141235/tools/bin/../lib/gcc/arm-none-eabi/11.3.1/thumb/v7e-m+fp/hard/crti.o
LOAD C:/ST/STM32CubeIDE_1.13.2/STM32CubeIDE/plugins/com.st.stm32cube.ide.mcu.externaltools.gnu-tools-for-stm32.11.3.rel1.win32_1.1.100.202309141235/tools/bin/../lib/gcc/arm-none-eabi/11.3.1/thumb/v7e-m+fp/hard/crtbegin.o
LOAD C:/ST/STM32CubeIDE_1.13.2/STM32CubeIDE/plugins/com.st.stm32cube.ide.mcu.externaltools.gnu-tools-for-stm32.11.3.rel1.win32_1.1.100.202309141235/tools/bin/../lib/gcc/arm-none-eabi/11.3.1/../../../../arm-none-eabi/lib/thumb/v7e-m+fp/hard/crt0.o
LOAD ./Core/Src/adc.o
LOAD ./Core/Src/button.o
LOAD ./Core/Src/buzzer.o
LOAD ./Core/Src/dma.o
LOAD ./Core/Src/ds3231.o
LOAD ./Core/Src/fsmc.o
LOAD ./Core/Src/gpio.o
LOAD ./Core/Src/i2c.o
LOAD ./Core/Src/lcd.o
LOAD ./Core/Src/led_7seg.o
LOAD ./Core/Src/main.o
LOAD ./Core/Src/picture.o
LOAD ./Core/Src/sensor.o
LOAD ./Core/Src/software_timer.o
LOAD ./Core/Src/spi.o
LOAD ./Core/Src/stm32f4xx_hal_msp.o
LOAD ./Core/Src/stm32f4xx_it.o
LOAD ./Core/Src/syscalls.o
LOAD ./Core/Src/sysmem.o
LOAD ./Core/Src/system_stm32f4xx.o
LOAD ./Core/Src/tim.o
LOAD ./Core/Src/utils.o
LOAD ./Core/Startup/startup_stm32f407zetx.o
LOAD ./Drivers/STM32F4xx_HAL_Driver/Src/stm32f4xx_hal.o
LOAD ./Drivers/STM32F4xx_HAL_Driver/Src/stm32f4xx_hal_adc.o
LOAD ./Drivers/STM32F4xx_HAL_Driver/Src/stm32f4xx_hal_adc_ex.o
LOAD ./Drivers/STM32F4xx_HAL_Driver/Src/stm32f4xx_hal_cortex.o
LOAD ./Drivers/STM32F4xx_HAL_Driver/Src/stm32f4xx_hal_dma.o
LOAD ./Drivers/STM32F4xx_HAL_Driver/Src/stm32f4xx_hal_dma_ex.o
LOAD ./Drivers/STM32F4xx_HAL_Driver/Src/stm32f4xx_hal_exti.o
LOAD ./Drivers/STM32F4xx_HAL_Driver/Src/stm32f4xx_hal_flash.o
LOAD ./Drivers/STM32F4xx_HAL_Driver/Src/stm32f4xx_hal_flash_ex.o
LOAD ./Drivers/STM32F4xx_HAL_Driver/Src/stm32f4xx_hal_flash_ramfunc.o
LOAD ./Drivers/STM32F4xx_HAL_Driver/Src/stm32f4xx_hal_gpio.o
LOAD ./Drivers/STM32F4xx_HAL_Driver/Src/stm32f4xx_hal_i2c.o
LOAD ./Drivers/STM32F4xx_HAL_Driver/Src/stm32f4xx_hal_i2c_ex.o
LOAD ./Drivers/STM32F4xx_HAL_Driver/Src/stm32f4xx_hal_pwr.o
LOAD ./Drivers/STM32F4xx_HAL_Driver/Src/stm32f4xx_hal_pwr_ex.o
LOAD ./Drivers/STM32F4xx_HAL_Driver/Src/stm32f4xx_hal_rcc.o
LOAD ./Drivers/STM32F4xx_HAL_Driver/Src/stm32f4xx_hal_rcc_ex.o
LOAD ./Drivers/STM32F4xx_HAL_Driver/Src/stm32f4xx_hal_spi.o
LOAD ./Drivers/STM32F4xx_HAL_Driver/Src/stm32f4xx_hal_sram.o
LOAD ./Drivers/STM32F4xx_HAL_Driver/Src/stm32f4xx_hal_tim.o
LOAD ./Drivers/STM32F4xx_HAL_Driver/Src/stm32f4xx_hal_tim_ex.o
LOAD ./Drivers/STM32F4xx_HAL_Driver/Src/stm32f4xx_ll_adc.o
LOAD ./Drivers/STM32F4xx_HAL_Driver/Src/stm32f4xx_ll_fsmc.o
START GROUP
LOAD C:/ST/STM32CubeIDE_1.13.2/STM32CubeIDE/plugins/com.st.stm32cube.ide.mcu.externaltools.gnu-tools-for-stm32.11.3.rel1.win32_1.1.100.202309141235/tools/bin/../lib/gcc/arm-none-eabi/11.3.1/../../../../arm-none-eabi/lib/thumb/v7e-m+fp/hard\libc_nano.a
LOAD C:/ST/STM32CubeIDE_1.13.2/STM32CubeIDE/plugins/com.st.stm32cube.ide.mcu.externaltools.gnu-tools-for-stm32.11.3.rel1.win32_1.1.100.202309141235/tools/bin/../lib/gcc/arm-none-eabi/11.3.1/../../../../arm-none-eabi/lib/thumb/v7e-m+fp/hard\libm.a
END GROUP
START GROUP
LOAD C:/ST/STM32CubeIDE_1.13.2/STM32CubeIDE/plugins/com.st.stm32cube.ide.mcu.externaltools.gnu-tools-for-stm32.11.3.rel1.win32_1.1.100.202309141235/tools/bin/../lib/gcc/arm-none-eabi/11.3.1/thumb/v7e-m+fp/hard\libgcc.a
LOAD C:/ST/STM32CubeIDE_1.13.2/STM32CubeIDE/plugins/com.st.stm32cube.ide.mcu.externaltools.gnu-tools-for-stm32.11.3.rel1.win32_1.1.100.202309141235/tools/bin/../lib/gcc/arm-none-eabi/11.3.1/../../../../arm-none-eabi/lib/thumb/v7e-m+fp/hard\libc_nano.a
END GROUP
START GROUP
LOAD C:/ST/STM32CubeIDE_1.13.2/STM32CubeIDE/plugins/com.st.stm32cube.ide.mcu.externaltools.gnu-tools-for-stm32.11.3.rel1.win32_1.1.100.202309141235/tools/bin/../lib/gcc/arm-none-eabi/11.3.1/thumb/v7e-m+fp/hard\libgcc.a
LOAD C:/ST/STM32CubeIDE_1.13.2/STM32CubeIDE/plugins/com.st.stm32cube.ide.mcu.externaltools.gnu-tools-for-stm32.11.3.rel1.win32_1.1.100.202309141235/tools/bin/../lib/gcc/arm-none-eabi/11.3.1/../../../../arm-none-eabi/lib/thumb/v7e-m+fp/hard\libc_nano.a
LOAD C:/ST/STM32CubeIDE_1.13.2/STM32CubeIDE/plugins/com.st.stm32cube.ide.mcu.externaltools.gnu-tools-for-stm32.11.3.rel1.win32_1.1.100.202309141235/tools/bin/../lib/gcc/arm-none-eabi/11.3.1/../../../../arm-none-eabi/lib/thumb/v7e-m+fp/hard\libnosys.a
END GROUP
START GROUP
LOAD C:/ST/STM32CubeIDE_1.13.2/STM32CubeIDE/plugins/com.st.stm32cube.ide.mcu.externaltools.gnu-tools-for-stm32.11.3.rel1.win32_1.1.100.202309141235/tools/bin/../lib/gcc/arm-none-eabi/11.3.1/thumb/v7e-m+fp/hard\libgcc.a
LOAD C:/ST/STM32CubeIDE_1.13.2/STM32CubeIDE/plugins/com.st.stm32cube.ide.mcu.externaltools.gnu-tools-for-stm32.11.3.rel1.win32_1.1.100.202309141235/tools/bin/../lib/gcc/arm-none-eabi/11.3.1/../../../../arm-none-eabi/lib/thumb/v7e-m+fp/hard\libc_nano.a
LOAD C:/ST/STM32CubeIDE_1.13.2/STM32CubeIDE/plugins/com.st.stm32cube.ide.mcu.externaltools.gnu-tools-for-stm32.11.3.rel1.win32_1.1.100.202309141235/tools/bin/../lib/gcc/arm-none-eabi/11.3.1/../../../../arm-none-eabi/lib/thumb/v7e-m+fp/hard\libnosys.a
END GROUP
LOAD C:/ST/STM32CubeIDE_1.13.2/STM32CubeIDE/plugins/com.st.stm32cube.ide.mcu.externaltools.gnu-tools-for-stm32.11.3.rel1.win32_1.1.100.202309141235/tools/bin/../lib/gcc/arm-none-eabi/11.3.1/thumb/v7e-m+fp/hard/crtend.o
LOAD C:/ST/STM32CubeIDE_1.13.2/STM32CubeIDE/plugins/com.st.stm32cube.ide.mcu.externaltools.gnu-tools-for-stm32.11.3.rel1.win32_1.1.100.202309141235/tools/bin/../lib/gcc/arm-none-eabi/11.3.1/thumb/v7e-m+fp/hard/crtn.o
                0x0000000020020000                _estack = (ORIGIN (RAM) + LENGTH (RAM))
                0x0000000000000200                _Min_Heap_Size = 0x200
                0x0000000000000400                _Min_Stack_Size = 0x400

.isr_vector     0x0000000008000000      0x188
                0x0000000008000000                . = ALIGN (0x4)
 *(.isr_vector)
 .isr_vector    0x0000000008000000      0x188 ./Core/Startup/startup_stm32f407zetx.o
                0x0000000008000000                g_pfnVectors
                0x0000000008000188                . = ALIGN (0x4)

.text           0x0000000008000188     0x694c
                0x0000000008000188                . = ALIGN (0x4)
 *(.text)
 .text          0x0000000008000188       0x40 C:/ST/STM32CubeIDE_1.13.2/STM32CubeIDE/plugins/com.st.stm32cube.ide.mcu.externaltools.gnu-tools-for-stm32.11.3.rel1.win32_1.1.100.202309141235/tools/bin/../lib/gcc/arm-none-eabi/11.3.1/thumb/v7e-m+fp/hard/crtbegin.o
 .text          0x00000000080001c8      0x378 C:/ST/STM32CubeIDE_1.13.2/STM32CubeIDE/plugins/com.st.stm32cube.ide.mcu.externaltools.gnu-tools-for-stm32.11.3.rel1.win32_1.1.100.202309141235/tools/bin/../lib/gcc/arm-none-eabi/11.3.1/thumb/v7e-m+fp/hard\libgcc.a(_arm_addsubdf3.o)
                0x00000000080001c8                __aeabi_drsub
                0x00000000080001d0                __aeabi_dsub
                0x00000000080001d0                __subdf3
                0x00000000080001d4                __aeabi_dadd
                0x00000000080001d4                __adddf3
                0x000000000800044c                __floatunsidf
                0x000000000800044c                __aeabi_ui2d
                0x000000000800046c                __floatsidf
                0x000000000800046c                __aeabi_i2d
                0x0000000008000490                __aeabi_f2d
                0x0000000008000490                __extendsfdf2
                0x00000000080004d4                __floatundidf
                0x00000000080004d4                __aeabi_ul2d
                0x00000000080004e4                __floatdidf
                0x00000000080004e4                __aeabi_l2d
 .text          0x0000000008000540      0x424 C:/ST/STM32CubeIDE_1.13.2/STM32CubeIDE/plugins/com.st.stm32cube.ide.mcu.externaltools.gnu-tools-for-stm32.11.3.rel1.win32_1.1.100.202309141235/tools/bin/../lib/gcc/arm-none-eabi/11.3.1/thumb/v7e-m+fp/hard\libgcc.a(_arm_muldivdf3.o)
                0x0000000008000540                __aeabi_dmul
                0x0000000008000540                __muldf3
                0x0000000008000794                __divdf3
                0x0000000008000794                __aeabi_ddiv
 .text          0x0000000008000964       0xa0 C:/ST/STM32CubeIDE_1.13.2/STM32CubeIDE/plugins/com.st.stm32cube.ide.mcu.externaltools.gnu-tools-for-stm32.11.3.rel1.win32_1.1.100.202309141235/tools/bin/../lib/gcc/arm-none-eabi/11.3.1/thumb/v7e-m+fp/hard\libgcc.a(_arm_truncdfsf2.o)
                0x0000000008000964                __truncdfsf2
                0x0000000008000964                __aeabi_d2f
 .text          0x0000000008000a04       0x30 C:/ST/STM32CubeIDE_1.13.2/STM32CubeIDE/plugins/com.st.stm32cube.ide.mcu.externaltools.gnu-tools-for-stm32.11.3.rel1.win32_1.1.100.202309141235/tools/bin/../lib/gcc/arm-none-eabi/11.3.1/thumb/v7e-m+fp/hard\libgcc.a(_aeabi_uldivmod.o)
                0x0000000008000a04                __aeabi_uldivmod
 .text          0x0000000008000a34      0x2c8 C:/ST/STM32CubeIDE_1.13.2/STM32CubeIDE/plugins/com.st.stm32cube.ide.mcu.externaltools.gnu-tools-for-stm32.11.3.rel1.win32_1.1.100.202309141235/tools/bin/../lib/gcc/arm-none-eabi/11.3.1/thumb/v7e-m+fp/hard\libgcc.a(_udivmoddi4.o)
                0x0000000008000a34                __udivmoddi4
 .text          0x0000000008000cfc        0x4 C:/ST/STM32CubeIDE_1.13.2/STM32CubeIDE/plugins/com.st.stm32cube.ide.mcu.externaltools.gnu-tools-for-stm32.11.3.rel1.win32_1.1.100.202309141235/tools/bin/../lib/gcc/arm-none-eabi/11.3.1/thumb/v7e-m+fp/hard\libgcc.a(_dvmd_tls.o)
                0x0000000008000cfc                __aeabi_idiv0
                0x0000000008000cfc                __aeabi_ldiv0
 *(.text*)
 .text.MX_ADC1_Init
                0x0000000008000d00      0x114 ./Core/Src/adc.o
                0x0000000008000d00                MX_ADC1_Init
 .text.HAL_ADC_MspInit
                0x0000000008000e14      0x128 ./Core/Src/adc.o
                0x0000000008000e14                HAL_ADC_MspInit
 .text.button_init
                0x0000000008000f3c       0x18 ./Core/Src/button.o
                0x0000000008000f3c                button_init
 .text.button_scan
                0x0000000008000f54       0xd8 ./Core/Src/button.o
                0x0000000008000f54                button_scan
 .text.buzzer_init
                0x000000000800102c       0x14 ./Core/Src/buzzer.o
                0x000000000800102c                buzzer_init
 .text.buzzer_set_volume
                0x0000000008001040       0x30 ./Core/Src/buzzer.o
                0x0000000008001040                buzzer_set_volume
 .text.MX_DMA_Init
                0x0000000008001070       0x40 ./Core/Src/dma.o
                0x0000000008001070                MX_DMA_Init
 .text.MX_FSMC_Init
                0x00000000080010b0       0xf4 ./Core/Src/fsmc.o
                0x00000000080010b0                MX_FSMC_Init
 .text.HAL_FSMC_MspInit
                0x00000000080011a4       0x98 ./Core/Src/fsmc.o
 .text.HAL_SRAM_MspInit
                0x000000000800123c       0x14 ./Core/Src/fsmc.o
                0x000000000800123c                HAL_SRAM_MspInit
 .text.MX_GPIO_Init
                0x0000000008001250      0x20c ./Core/Src/gpio.o
                0x0000000008001250                MX_GPIO_Init
 .text.MX_I2C1_Init
                0x000000000800145c       0x5c ./Core/Src/i2c.o
                0x000000000800145c                MX_I2C1_Init
 .text.HAL_I2C_MspInit
                0x00000000080014b8       0x90 ./Core/Src/i2c.o
                0x00000000080014b8                HAL_I2C_MspInit
 .text.LCD_WR_REG
                0x0000000008001548       0x20 ./Core/Src/lcd.o
                0x0000000008001548                LCD_WR_REG
 .text.LCD_WR_DATA
                0x0000000008001568       0x20 ./Core/Src/lcd.o
 .text.LCD_RD_DATA
                0x0000000008001588       0x24 ./Core/Src/lcd.o
 .text.lcd_set_address
                0x00000000080015ac       0x98 ./Core/Src/lcd.o
                0x00000000080015ac                lcd_set_address
 .text.lcd_clear
                0x0000000008001644       0x64 ./Core/Src/lcd.o
                0x0000000008001644                lcd_clear
 .text.lcd_draw_point
                0x00000000080016a8       0x2e ./Core/Src/lcd.o
                0x00000000080016a8                lcd_draw_point
 *fill*         0x00000000080016d6        0x2 
 .text.lcd_show_char
                0x00000000080016d8      0x1a0 ./Core/Src/lcd.o
                0x00000000080016d8                lcd_show_char
 .text.mypow    0x0000000008001878       0x38 ./Core/Src/lcd.o
 .text.lcd_show_int_num
                0x00000000080018b0       0xfc ./Core/Src/lcd.o
                0x00000000080018b0                lcd_show_int_num
 .text.lcd_show_float_num
                0x00000000080019ac      0x110 ./Core/Src/lcd.o
                0x00000000080019ac                lcd_show_float_num
 .text.lcd_set_direction
                0x0000000008001abc       0x48 ./Core/Src/lcd.o
                0x0000000008001abc                lcd_set_direction
 .text.lcd_init
                0x0000000008001b04      0x2c0 ./Core/Src/lcd.o
                0x0000000008001b04                lcd_init
 .text.lcd_show_string
                0x0000000008001dc4       0xc8 ./Core/Src/lcd.o
                0x0000000008001dc4                lcd_show_string
 .text.led_7seg_display
                0x0000000008001e8c      0x118 ./Core/Src/led_7seg.o
                0x0000000008001e8c                led_7seg_display
 .text.main     0x0000000008001fa4       0x5c ./Core/Src/main.o
                0x0000000008001fa4                main
 .text.SystemClock_Config
                0x0000000008002000       0xd4 ./Core/Src/main.o
                0x0000000008002000                SystemClock_Config
 .text.system_init
                0x00000000080020d4       0x22 ./Core/Src/main.o
                0x00000000080020d4                system_init
 *fill*         0x00000000080020f6        0x2 
 .text.isButtonUp
                0x00000000080020f8       0x20 ./Core/Src/main.o
                0x00000000080020f8                isButtonUp
 .text.isButtonDown
                0x0000000008002118       0x20 ./Core/Src/main.o
                0x0000000008002118                isButtonDown
 .text.isButtonRight
                0x0000000008002138       0x20 ./Core/Src/main.o
                0x0000000008002138                isButtonRight
 .text.testADC  0x0000000008002158      0x180 ./Core/Src/main.o
                0x0000000008002158                testADC
 .text.testBuzzer
                0x00000000080022d8       0x38 ./Core/Src/main.o
                0x00000000080022d8                testBuzzer
 .text.Error_Handler
                0x0000000008002310        0xa ./Core/Src/main.o
                0x0000000008002310                Error_Handler
 *fill*         0x000000000800231a        0x2 
 .text.sensor_init
                0x000000000800231c       0x1c ./Core/Src/sensor.o
                0x000000000800231c                sensor_init
 .text.sensor_read
                0x0000000008002338       0x1c ./Core/Src/sensor.o
                0x0000000008002338                sensor_read
 .text.sensor_get_light
                0x0000000008002354       0x18 ./Core/Src/sensor.o
                0x0000000008002354                sensor_get_light
 .text.sensor_get_potentiometer
                0x000000000800236c       0x18 ./Core/Src/sensor.o
                0x000000000800236c                sensor_get_potentiometer
 *fill*         0x0000000008002384        0x4 
 .text.sensor_get_voltage
                0x0000000008002388       0x78 ./Core/Src/sensor.o
                0x0000000008002388                sensor_get_voltage
 .text.sensor_get_current
                0x0000000008002400       0xb8 ./Core/Src/sensor.o
                0x0000000008002400                sensor_get_current
 .text.sensor_get_temperature
                0x00000000080024b8       0x3c ./Core/Src/sensor.o
                0x00000000080024b8                sensor_get_temperature
 .text.timer2_init
                0x00000000080024f4       0x14 ./Core/Src/software_timer.o
                0x00000000080024f4                timer2_init
 .text.timer2_set
                0x0000000008002508       0x38 ./Core/Src/software_timer.o
                0x0000000008002508                timer2_set
 .text.HAL_TIM_PeriodElapsedCallback
                0x0000000008002540       0x98 ./Core/Src/software_timer.o
                0x0000000008002540                HAL_TIM_PeriodElapsedCallback
 .text.MX_SPI1_Init
                0x00000000080025d8       0x6c ./Core/Src/spi.o
                0x00000000080025d8                MX_SPI1_Init
 .text.HAL_SPI_MspInit
                0x0000000008002644       0x90 ./Core/Src/spi.o
                0x0000000008002644                HAL_SPI_MspInit
 .text.HAL_MspInit
                0x00000000080026d4       0x50 ./Core/Src/stm32f4xx_hal_msp.o
                0x00000000080026d4                HAL_MspInit
 .text.NMI_Handler
                0x0000000008002724        0x6 ./Core/Src/stm32f4xx_it.o
                0x0000000008002724                NMI_Handler
 .text.HardFault_Handler
                0x000000000800272a        0x6 ./Core/Src/stm32f4xx_it.o
                0x000000000800272a                HardFault_Handler
 .text.MemManage_Handler
                0x0000000008002730        0x6 ./Core/Src/stm32f4xx_it.o
                0x0000000008002730                MemManage_Handler
 .text.BusFault_Handler
                0x0000000008002736        0x6 ./Core/Src/stm32f4xx_it.o
                0x0000000008002736                BusFault_Handler
 .text.UsageFault_Handler
                0x000000000800273c        0x6 ./Core/Src/stm32f4xx_it.o
                0x000000000800273c                UsageFault_Handler
 .text.SVC_Handler
                0x0000000008002742        0xe ./Core/Src/stm32f4xx_it.o
                0x0000000008002742                SVC_Handler
 .text.DebugMon_Handler
                0x0000000008002750        0xe ./Core/Src/stm32f4xx_it.o
                0x0000000008002750                DebugMon_Handler
 .text.PendSV_Handler
                0x000000000800275e        0xe ./Core/Src/stm32f4xx_it.o
                0x000000000800275e                PendSV_Handler
 .text.SysTick_Handler
                0x000000000800276c        0xc ./Core/Src/stm32f4xx_it.o
                0x000000000800276c                SysTick_Handler
 .text.TIM2_IRQHandler
                0x0000000008002778       0x14 ./Core/Src/stm32f4xx_it.o
                0x0000000008002778                TIM2_IRQHandler
 .text.TIM4_IRQHandler
                0x000000000800278c       0x14 ./Core/Src/stm32f4xx_it.o
                0x000000000800278c                TIM4_IRQHandler
 .text.DMA2_Stream0_IRQHandler
                0x00000000080027a0       0x14 ./Core/Src/stm32f4xx_it.o
                0x00000000080027a0                DMA2_Stream0_IRQHandler
 .text.SystemInit
                0x00000000080027b4       0x24 ./Core/Src/system_stm32f4xx.o
                0x00000000080027b4                SystemInit
 .text.MX_TIM2_Init
                0x00000000080027d8       0x98 ./Core/Src/tim.o
                0x00000000080027d8                MX_TIM2_Init
 .text.MX_TIM4_Init
                0x0000000008002870       0x9c ./Core/Src/tim.o
                0x0000000008002870                MX_TIM4_Init
 .text.MX_TIM13_Init
                0x000000000800290c       0x9c ./Core/Src/tim.o
                0x000000000800290c                MX_TIM13_Init
 .text.HAL_TIM_Base_MspInit
                0x00000000080029a8       0xb4 ./Core/Src/tim.o
                0x00000000080029a8                HAL_TIM_Base_MspInit
 .text.HAL_TIM_MspPostInit
                0x0000000008002a5c       0x74 ./Core/Src/tim.o
                0x0000000008002a5c                HAL_TIM_MspPostInit
 .text.Reset_Handler
                0x0000000008002ad0       0x50 ./Core/Startup/startup_stm32f407zetx.o
                0x0000000008002ad0                Reset_Handler
 .text.Default_Handler
                0x0000000008002b20        0x2 ./Core/Startup/startup_stm32f407zetx.o
                0x0000000008002b20                RTC_Alarm_IRQHandler
                0x0000000008002b20                HASH_RNG_IRQHandler
                0x0000000008002b20                EXTI2_IRQHandler
                0x0000000008002b20                TIM8_CC_IRQHandler
                0x0000000008002b20                TIM1_CC_IRQHandler
                0x0000000008002b20                DMA2_Stream5_IRQHandler
                0x0000000008002b20                DMA1_Stream5_IRQHandler
                0x0000000008002b20                PVD_IRQHandler
                0x0000000008002b20                SDIO_IRQHandler
                0x0000000008002b20                TAMP_STAMP_IRQHandler
                0x0000000008002b20                CAN2_RX1_IRQHandler
                0x0000000008002b20                EXTI3_IRQHandler
                0x0000000008002b20                TIM8_TRG_COM_TIM14_IRQHandler
                0x0000000008002b20                TIM1_UP_TIM10_IRQHandler
                0x0000000008002b20                TIM8_UP_TIM13_IRQHandler
                0x0000000008002b20                I2C3_ER_IRQHandler
                0x0000000008002b20                EXTI0_IRQHandler
                0x0000000008002b20                I2C2_EV_IRQHandler
                0x0000000008002b20                DMA1_Stream2_IRQHandler
                0x0000000008002b20                CAN1_RX0_IRQHandler
                0x0000000008002b20                FPU_IRQHandler
                0x0000000008002b20                OTG_HS_WKUP_IRQHandler
                0x0000000008002b20                CAN2_SCE_IRQHandler
                0x0000000008002b20                DMA2_Stream2_IRQHandler
                0x0000000008002b20                SPI1_IRQHandler
                0x0000000008002b20                TIM6_DAC_IRQHandler
                0x0000000008002b20                TIM1_BRK_TIM9_IRQHandler
                0x0000000008002b20                DCMI_IRQHandler
                0x0000000008002b20                CAN2_RX0_IRQHandler
                0x0000000008002b20                DMA2_Stream3_IRQHandler
                0x0000000008002b20                USART6_IRQHandler
                0x0000000008002b20                USART3_IRQHandler
                0x0000000008002b20                CAN1_RX1_IRQHandler
                0x0000000008002b20                UART5_IRQHandler
                0x0000000008002b20                I2C1_EV_IRQHandler
                0x0000000008002b20                DMA1_Stream6_IRQHandler
                0x0000000008002b20                DMA1_Stream1_IRQHandler
                0x0000000008002b20                UART4_IRQHandler
                0x0000000008002b20                TIM3_IRQHandler
                0x0000000008002b20                RCC_IRQHandler
                0x0000000008002b20                TIM8_BRK_TIM12_IRQHandler
                0x0000000008002b20                Default_Handler
                0x0000000008002b20                EXTI15_10_IRQHandler
                0x0000000008002b20                ADC_IRQHandler
                0x0000000008002b20                DMA1_Stream7_IRQHandler
                0x0000000008002b20                TIM7_IRQHandler
                0x0000000008002b20                CAN2_TX_IRQHandler
                0x0000000008002b20                TIM5_IRQHandler
                0x0000000008002b20                DMA2_Stream7_IRQHandler
                0x0000000008002b20                I2C3_EV_IRQHandler
                0x0000000008002b20                EXTI9_5_IRQHandler
                0x0000000008002b20                RTC_WKUP_IRQHandler
                0x0000000008002b20                ETH_WKUP_IRQHandler
                0x0000000008002b20                SPI2_IRQHandler
                0x0000000008002b20                OTG_HS_EP1_IN_IRQHandler
                0x0000000008002b20                DMA1_Stream0_IRQHandler
                0x0000000008002b20                CAN1_TX_IRQHandler
                0x0000000008002b20                EXTI4_IRQHandler
                0x0000000008002b20                FSMC_IRQHandler
                0x0000000008002b20                ETH_IRQHandler
                0x0000000008002b20                OTG_HS_EP1_OUT_IRQHandler
                0x0000000008002b20                WWDG_IRQHandler
                0x0000000008002b20                OTG_FS_WKUP_IRQHandler
                0x0000000008002b20                TIM1_TRG_COM_TIM11_IRQHandler
                0x0000000008002b20                OTG_HS_IRQHandler
                0x0000000008002b20                EXTI1_IRQHandler
                0x0000000008002b20                USART2_IRQHandler
                0x0000000008002b20                I2C2_ER_IRQHandler
                0x0000000008002b20                DMA2_Stream1_IRQHandler
                0x0000000008002b20                CAN1_SCE_IRQHandler
                0x0000000008002b20                FLASH_IRQHandler
                0x0000000008002b20                DMA2_Stream4_IRQHandler
                0x0000000008002b20                USART1_IRQHandler
                0x0000000008002b20                OTG_FS_IRQHandler
                0x0000000008002b20                SPI3_IRQHandler
                0x0000000008002b20                DMA1_Stream4_IRQHandler
                0x0000000008002b20                I2C1_ER_IRQHandler
                0x0000000008002b20                DMA2_Stream6_IRQHandler
                0x0000000008002b20                DMA1_Stream3_IRQHandler
 *fill*         0x0000000008002b22        0x2 
 .text.HAL_Init
                0x0000000008002b24       0x44 ./Drivers/STM32F4xx_HAL_Driver/Src/stm32f4xx_hal.o
                0x0000000008002b24                HAL_Init
 .text.HAL_InitTick
                0x0000000008002b68       0x60 ./Drivers/STM32F4xx_HAL_Driver/Src/stm32f4xx_hal.o
                0x0000000008002b68                HAL_InitTick
 .text.HAL_IncTick
                0x0000000008002bc8       0x28 ./Drivers/STM32F4xx_HAL_Driver/Src/stm32f4xx_hal.o
                0x0000000008002bc8                HAL_IncTick
 .text.HAL_GetTick
                0x0000000008002bf0       0x18 ./Drivers/STM32F4xx_HAL_Driver/Src/stm32f4xx_hal.o
                0x0000000008002bf0                HAL_GetTick
 .text.HAL_Delay
                0x0000000008002c08       0x48 ./Drivers/STM32F4xx_HAL_Driver/Src/stm32f4xx_hal.o
                0x0000000008002c08                HAL_Delay
 .text.HAL_ADC_Init
                0x0000000008002c50       0x86 ./Drivers/STM32F4xx_HAL_Driver/Src/stm32f4xx_hal_adc.o
                0x0000000008002c50                HAL_ADC_Init
 *fill*         0x0000000008002cd6        0x2 
 .text.HAL_ADC_Start_DMA
                0x0000000008002cd8      0x220 ./Drivers/STM32F4xx_HAL_Driver/Src/stm32f4xx_hal_adc.o
                0x0000000008002cd8                HAL_ADC_Start_DMA
 .text.HAL_ADC_ConvCpltCallback
                0x0000000008002ef8       0x14 ./Drivers/STM32F4xx_HAL_Driver/Src/stm32f4xx_hal_adc.o
                0x0000000008002ef8                HAL_ADC_ConvCpltCallback
 .text.HAL_ADC_ConvHalfCpltCallback
                0x0000000008002f0c       0x14 ./Drivers/STM32F4xx_HAL_Driver/Src/stm32f4xx_hal_adc.o
                0x0000000008002f0c                HAL_ADC_ConvHalfCpltCallback
 .text.HAL_ADC_ErrorCallback
                0x0000000008002f20       0x14 ./Drivers/STM32F4xx_HAL_Driver/Src/stm32f4xx_hal_adc.o
                0x0000000008002f20                HAL_ADC_ErrorCallback
 .text.HAL_ADC_ConfigChannel
                0x0000000008002f34      0x244 ./Drivers/STM32F4xx_HAL_Driver/Src/stm32f4xx_hal_adc.o
                0x0000000008002f34                HAL_ADC_ConfigChannel
 .text.ADC_Init
                0x0000000008003178      0x1f8 ./Drivers/STM32F4xx_HAL_Driver/Src/stm32f4xx_hal_adc.o
 .text.ADC_DMAConvCplt
                0x0000000008003370       0xba ./Drivers/STM32F4xx_HAL_Driver/Src/stm32f4xx_hal_adc.o
 .text.ADC_DMAHalfConvCplt
                0x000000000800342a       0x1c ./Drivers/STM32F4xx_HAL_Driver/Src/stm32f4xx_hal_adc.o
 .text.ADC_DMAError
                0x0000000008003446       0x2e ./Drivers/STM32F4xx_HAL_Driver/Src/stm32f4xx_hal_adc.o
 .text.__NVIC_SetPriorityGrouping
                0x0000000008003474       0x48 ./Drivers/STM32F4xx_HAL_Driver/Src/stm32f4xx_hal_cortex.o
 .text.__NVIC_GetPriorityGrouping
                0x00000000080034bc       0x1c ./Drivers/STM32F4xx_HAL_Driver/Src/stm32f4xx_hal_cortex.o
 .text.__NVIC_EnableIRQ
                0x00000000080034d8       0x3c ./Drivers/STM32F4xx_HAL_Driver/Src/stm32f4xx_hal_cortex.o
 .text.__NVIC_SetPriority
                0x0000000008003514       0x54 ./Drivers/STM32F4xx_HAL_Driver/Src/stm32f4xx_hal_cortex.o
 .text.NVIC_EncodePriority
                0x0000000008003568       0x66 ./Drivers/STM32F4xx_HAL_Driver/Src/stm32f4xx_hal_cortex.o
 *fill*         0x00000000080035ce        0x2 
 .text.SysTick_Config
                0x00000000080035d0       0x44 ./Drivers/STM32F4xx_HAL_Driver/Src/stm32f4xx_hal_cortex.o
 .text.HAL_NVIC_SetPriorityGrouping
                0x0000000008003614       0x16 ./Drivers/STM32F4xx_HAL_Driver/Src/stm32f4xx_hal_cortex.o
                0x0000000008003614                HAL_NVIC_SetPriorityGrouping
 .text.HAL_NVIC_SetPriority
                0x000000000800362a       0x38 ./Drivers/STM32F4xx_HAL_Driver/Src/stm32f4xx_hal_cortex.o
                0x000000000800362a                HAL_NVIC_SetPriority
 .text.HAL_NVIC_EnableIRQ
                0x0000000008003662       0x1c ./Drivers/STM32F4xx_HAL_Driver/Src/stm32f4xx_hal_cortex.o
                0x0000000008003662                HAL_NVIC_EnableIRQ
 .text.HAL_SYSTICK_Config
                0x000000000800367e       0x18 ./Drivers/STM32F4xx_HAL_Driver/Src/stm32f4xx_hal_cortex.o
                0x000000000800367e                HAL_SYSTICK_Config
 *fill*         0x0000000008003696        0x2 
 .text.HAL_DMA_Init
                0x0000000008003698      0x15c ./Drivers/STM32F4xx_HAL_Driver/Src/stm32f4xx_hal_dma.o
                0x0000000008003698                HAL_DMA_Init
 .text.HAL_DMA_Start_IT
                0x00000000080037f4       0xb0 ./Drivers/STM32F4xx_HAL_Driver/Src/stm32f4xx_hal_dma.o
                0x00000000080037f4                HAL_DMA_Start_IT
 .text.HAL_DMA_IRQHandler
                0x00000000080038a4      0x314 ./Drivers/STM32F4xx_HAL_Driver/Src/stm32f4xx_hal_dma.o
                0x00000000080038a4                HAL_DMA_IRQHandler
 .text.DMA_SetConfig
                0x0000000008003bb8       0x5c ./Drivers/STM32F4xx_HAL_Driver/Src/stm32f4xx_hal_dma.o
 .text.DMA_CalcBaseAndBitshift
                0x0000000008003c14       0x6c ./Drivers/STM32F4xx_HAL_Driver/Src/stm32f4xx_hal_dma.o
 .text.DMA_CheckFifoParam
                0x0000000008003c80       0xf8 ./Drivers/STM32F4xx_HAL_Driver/Src/stm32f4xx_hal_dma.o
 .text.HAL_GPIO_Init
                0x0000000008003d78      0x338 ./Drivers/STM32F4xx_HAL_Driver/Src/stm32f4xx_hal_gpio.o
                0x0000000008003d78                HAL_GPIO_Init
 .text.HAL_GPIO_WritePin
                0x00000000080040b0       0x32 ./Drivers/STM32F4xx_HAL_Driver/Src/stm32f4xx_hal_gpio.o
                0x00000000080040b0                HAL_GPIO_WritePin
 *fill*         0x00000000080040e2        0x2 
 .text.HAL_I2C_Init
                0x00000000080040e4      0x288 ./Drivers/STM32F4xx_HAL_Driver/Src/stm32f4xx_hal_i2c.o
                0x00000000080040e4                HAL_I2C_Init
 .text.HAL_RCC_OscConfig
                0x000000000800436c      0x4f0 ./Drivers/STM32F4xx_HAL_Driver/Src/stm32f4xx_hal_rcc.o
                0x000000000800436c                HAL_RCC_OscConfig
 .text.HAL_RCC_ClockConfig
                0x000000000800485c      0x1cc ./Drivers/STM32F4xx_HAL_Driver/Src/stm32f4xx_hal_rcc.o
                0x000000000800485c                HAL_RCC_ClockConfig
 .text.HAL_RCC_GetSysClockFreq
                0x0000000008004a28      0x20c ./Drivers/STM32F4xx_HAL_Driver/Src/stm32f4xx_hal_rcc.o
                0x0000000008004a28                HAL_RCC_GetSysClockFreq
 .text.HAL_RCC_GetHCLKFreq
                0x0000000008004c34       0x18 ./Drivers/STM32F4xx_HAL_Driver/Src/stm32f4xx_hal_rcc.o
                0x0000000008004c34                HAL_RCC_GetHCLKFreq
 .text.HAL_RCC_GetPCLK1Freq
                0x0000000008004c4c       0x28 ./Drivers/STM32F4xx_HAL_Driver/Src/stm32f4xx_hal_rcc.o
                0x0000000008004c4c                HAL_RCC_GetPCLK1Freq
 .text.HAL_SPI_Init
                0x0000000008004c74      0x112 ./Drivers/STM32F4xx_HAL_Driver/Src/stm32f4xx_hal_spi.o
                0x0000000008004c74                HAL_SPI_Init
 .text.HAL_SPI_Transmit
                0x0000000008004d86      0x278 ./Drivers/STM32F4xx_HAL_Driver/Src/stm32f4xx_hal_spi.o
                0x0000000008004d86                HAL_SPI_Transmit
 .text.HAL_SPI_Receive
                0x0000000008004ffe      0x222 ./Drivers/STM32F4xx_HAL_Driver/Src/stm32f4xx_hal_spi.o
                0x0000000008004ffe                HAL_SPI_Receive
 .text.HAL_SPI_TransmitReceive
                0x0000000008005220      0x344 ./Drivers/STM32F4xx_HAL_Driver/Src/stm32f4xx_hal_spi.o
                0x0000000008005220                HAL_SPI_TransmitReceive
 .text.SPI_WaitFlagStateUntilTimeout
                0x0000000008005564      0x110 ./Drivers/STM32F4xx_HAL_Driver/Src/stm32f4xx_hal_spi.o
 .text.SPI_EndRxTransaction
                0x0000000008005674       0xca ./Drivers/STM32F4xx_HAL_Driver/Src/stm32f4xx_hal_spi.o
 *fill*         0x000000000800573e        0x2 
 .text.SPI_EndRxTxTransaction
                0x0000000008005740       0x84 ./Drivers/STM32F4xx_HAL_Driver/Src/stm32f4xx_hal_spi.o
 .text.HAL_SRAM_Init
                0x00000000080057c4       0x88 ./Drivers/STM32F4xx_HAL_Driver/Src/stm32f4xx_hal_sram.o
                0x00000000080057c4                HAL_SRAM_Init
 .text.HAL_TIM_Base_Init
                0x000000000800584c       0x9e ./Drivers/STM32F4xx_HAL_Driver/Src/stm32f4xx_hal_tim.o
                0x000000000800584c                HAL_TIM_Base_Init
 *fill*         0x00000000080058ea        0x2 
 .text.HAL_TIM_Base_Start_IT
                0x00000000080058ec       0xe0 ./Drivers/STM32F4xx_HAL_Driver/Src/stm32f4xx_hal_tim.o
                0x00000000080058ec                HAL_TIM_Base_Start_IT
 .text.HAL_TIM_PWM_Init
                0x00000000080059cc       0x9e ./Drivers/STM32F4xx_HAL_Driver/Src/stm32f4xx_hal_tim.o
                0x00000000080059cc                HAL_TIM_PWM_Init
 .text.HAL_TIM_PWM_MspInit
                0x0000000008005a6a       0x14 ./Drivers/STM32F4xx_HAL_Driver/Src/stm32f4xx_hal_tim.o
                0x0000000008005a6a                HAL_TIM_PWM_MspInit
 *fill*         0x0000000008005a7e        0x2 
 .text.HAL_TIM_PWM_Start
                0x0000000008005a80      0x190 ./Drivers/STM32F4xx_HAL_Driver/Src/stm32f4xx_hal_tim.o
                0x0000000008005a80                HAL_TIM_PWM_Start
 .text.HAL_TIM_IRQHandler
                0x0000000008005c10      0x210 ./Drivers/STM32F4xx_HAL_Driver/Src/stm32f4xx_hal_tim.o
                0x0000000008005c10                HAL_TIM_IRQHandler
 .text.HAL_TIM_PWM_ConfigChannel
                0x0000000008005e20      0x184 ./Drivers/STM32F4xx_HAL_Driver/Src/stm32f4xx_hal_tim.o
                0x0000000008005e20                HAL_TIM_PWM_ConfigChannel
 .text.HAL_TIM_ConfigClockSource
                0x0000000008005fa4      0x18e ./Drivers/STM32F4xx_HAL_Driver/Src/stm32f4xx_hal_tim.o
                0x0000000008005fa4                HAL_TIM_ConfigClockSource
 .text.HAL_TIM_OC_DelayElapsedCallback
                0x0000000008006132       0x14 ./Drivers/STM32F4xx_HAL_Driver/Src/stm32f4xx_hal_tim.o
                0x0000000008006132                HAL_TIM_OC_DelayElapsedCallback
 .text.HAL_TIM_IC_CaptureCallback
                0x0000000008006146       0x14 ./Drivers/STM32F4xx_HAL_Driver/Src/stm32f4xx_hal_tim.o
                0x0000000008006146                HAL_TIM_IC_CaptureCallback
 .text.HAL_TIM_PWM_PulseFinishedCallback
                0x000000000800615a       0x14 ./Drivers/STM32F4xx_HAL_Driver/Src/stm32f4xx_hal_tim.o
                0x000000000800615a                HAL_TIM_PWM_PulseFinishedCallback
 .text.HAL_TIM_TriggerCallback
                0x000000000800616e       0x14 ./Drivers/STM32F4xx_HAL_Driver/Src/stm32f4xx_hal_tim.o
                0x000000000800616e                HAL_TIM_TriggerCallback
 *fill*         0x0000000008006182        0x2 
 .text.TIM_Base_SetConfig
                0x0000000008006184      0x140 ./Drivers/STM32F4xx_HAL_Driver/Src/stm32f4xx_hal_tim.o
                0x0000000008006184                TIM_Base_SetConfig
 .text.TIM_OC1_SetConfig
                0x00000000080062c4       0xe0 ./Drivers/STM32F4xx_HAL_Driver/Src/stm32f4xx_hal_tim.o
 .text.TIM_OC2_SetConfig
                0x00000000080063a4       0xec ./Drivers/STM32F4xx_HAL_Driver/Src/stm32f4xx_hal_tim.o
                0x00000000080063a4                TIM_OC2_SetConfig
 .text.TIM_OC3_SetConfig
                0x0000000008006490       0xe8 ./Drivers/STM32F4xx_HAL_Driver/Src/stm32f4xx_hal_tim.o
 .text.TIM_OC4_SetConfig
                0x0000000008006578       0xac ./Drivers/STM32F4xx_HAL_Driver/Src/stm32f4xx_hal_tim.o
 .text.TIM_TI1_ConfigInputStage
                0x0000000008006624       0x5e ./Drivers/STM32F4xx_HAL_Driver/Src/stm32f4xx_hal_tim.o
 .text.TIM_TI2_ConfigInputStage
                0x0000000008006682       0x60 ./Drivers/STM32F4xx_HAL_Driver/Src/stm32f4xx_hal_tim.o
 .text.TIM_ITRx_SetConfig
                0x00000000080066e2       0x36 ./Drivers/STM32F4xx_HAL_Driver/Src/stm32f4xx_hal_tim.o
 .text.TIM_ETR_SetConfig
                0x0000000008006718       0x40 ./Drivers/STM32F4xx_HAL_Driver/Src/stm32f4xx_hal_tim.o
                0x0000000008006718                TIM_ETR_SetConfig
 .text.TIM_CCxChannelCmd
                0x0000000008006758       0x4a ./Drivers/STM32F4xx_HAL_Driver/Src/stm32f4xx_hal_tim.o
                0x0000000008006758                TIM_CCxChannelCmd
 *fill*         0x00000000080067a2        0x2 
 .text.HAL_TIMEx_MasterConfigSynchronization
                0x00000000080067a4       0xf8 ./Drivers/STM32F4xx_HAL_Driver/Src/stm32f4xx_hal_tim_ex.o
                0x00000000080067a4                HAL_TIMEx_MasterConfigSynchronization
 .text.HAL_TIMEx_CommutCallback
                0x000000000800689c       0x14 ./Drivers/STM32F4xx_HAL_Driver/Src/stm32f4xx_hal_tim_ex.o
                0x000000000800689c                HAL_TIMEx_CommutCallback
 .text.HAL_TIMEx_BreakCallback
                0x00000000080068b0       0x14 ./Drivers/STM32F4xx_HAL_Driver/Src/stm32f4xx_hal_tim_ex.o
                0x00000000080068b0                HAL_TIMEx_BreakCallback
 .text.FSMC_NORSRAM_Init
                0x00000000080068c4       0xa4 ./Drivers/STM32F4xx_HAL_Driver/Src/stm32f4xx_ll_fsmc.o
                0x00000000080068c4                FSMC_NORSRAM_Init
 .text.FSMC_NORSRAM_Timing_Init
                0x0000000008006968       0x7a ./Drivers/STM32F4xx_HAL_Driver/Src/stm32f4xx_ll_fsmc.o
                0x0000000008006968                FSMC_NORSRAM_Timing_Init
 *fill*         0x00000000080069e2        0x2 
 .text.FSMC_NORSRAM_Extended_Timing_Init
                0x00000000080069e4       0x80 ./Drivers/STM32F4xx_HAL_Driver/Src/stm32f4xx_ll_fsmc.o
                0x00000000080069e4                FSMC_NORSRAM_Extended_Timing_Init
 .text.memset   0x0000000008006a64       0x10 C:/ST/STM32CubeIDE_1.13.2/STM32CubeIDE/plugins/com.st.stm32cube.ide.mcu.externaltools.gnu-tools-for-stm32.11.3.rel1.win32_1.1.100.202309141235/tools/bin/../lib/gcc/arm-none-eabi/11.3.1/../../../../arm-none-eabi/lib/thumb/v7e-m+fp/hard\libc_nano.a(libc_a-memset.o)
                0x0000000008006a64                memset
 .text.__libc_init_array
                0x0000000008006a74       0x48 C:/ST/STM32CubeIDE_1.13.2/STM32CubeIDE/plugins/com.st.stm32cube.ide.mcu.externaltools.gnu-tools-for-stm32.11.3.rel1.win32_1.1.100.202309141235/tools/bin/../lib/gcc/arm-none-eabi/11.3.1/../../../../arm-none-eabi/lib/thumb/v7e-m+fp/hard\libc_nano.a(libc_a-init.o)
                0x0000000008006a74                __libc_init_array
 *(.glue_7)
 .glue_7        0x0000000008006abc        0x0 linker stubs
 *(.glue_7t)
 .glue_7t       0x0000000008006abc        0x0 linker stubs
 *(.eh_frame)
 .eh_frame      0x0000000008006abc        0x0 C:/ST/STM32CubeIDE_1.13.2/STM32CubeIDE/plugins/com.st.stm32cube.ide.mcu.externaltools.gnu-tools-for-stm32.11.3.rel1.win32_1.1.100.202309141235/tools/bin/../lib/gcc/arm-none-eabi/11.3.1/thumb/v7e-m+fp/hard/crtbegin.o
 *(.init)
 .init          0x0000000008006abc        0x4 C:/ST/STM32CubeIDE_1.13.2/STM32CubeIDE/plugins/com.st.stm32cube.ide.mcu.externaltools.gnu-tools-for-stm32.11.3.rel1.win32_1.1.100.202309141235/tools/bin/../lib/gcc/arm-none-eabi/11.3.1/thumb/v7e-m+fp/hard/crti.o
                0x0000000008006abc                _init
 .init          0x0000000008006ac0        0x8 C:/ST/STM32CubeIDE_1.13.2/STM32CubeIDE/plugins/com.st.stm32cube.ide.mcu.externaltools.gnu-tools-for-stm32.11.3.rel1.win32_1.1.100.202309141235/tools/bin/../lib/gcc/arm-none-eabi/11.3.1/thumb/v7e-m+fp/hard/crtn.o
 *(.fini)
 .fini          0x0000000008006ac8        0x4 C:/ST/STM32CubeIDE_1.13.2/STM32CubeIDE/plugins/com.st.stm32cube.ide.mcu.externaltools.gnu-tools-for-stm32.11.3.rel1.win32_1.1.100.202309141235/tools/bin/../lib/gcc/arm-none-eabi/11.3.1/thumb/v7e-m+fp/hard/crti.o
                0x0000000008006ac8                _fini
 .fini          0x0000000008006acc        0x8 C:/ST/STM32CubeIDE_1.13.2/STM32CubeIDE/plugins/com.st.stm32cube.ide.mcu.externaltools.gnu-tools-for-stm32.11.3.rel1.win32_1.1.100.202309141235/tools/bin/../lib/gcc/arm-none-eabi/11.3.1/thumb/v7e-m+fp/hard/crtn.o
                0x0000000008006ad4                . = ALIGN (0x4)
                0x0000000008006ad4                _etext = .

.vfp11_veneer   0x0000000008006ad4        0x0
 .vfp11_veneer  0x0000000008006ad4        0x0 linker stubs

.v4_bx          0x0000000008006ad4        0x0
 .v4_bx         0x0000000008006ad4        0x0 linker stubs

.iplt           0x0000000008006ad4        0x0
 .iplt          0x0000000008006ad4        0x0 C:/ST/STM32CubeIDE_1.13.2/STM32CubeIDE/plugins/com.st.stm32cube.ide.mcu.externaltools.gnu-tools-for-stm32.11.3.rel1.win32_1.1.100.202309141235/tools/bin/../lib/gcc/arm-none-eabi/11.3.1/thumb/v7e-m+fp/hard/crtbegin.o

.rodata         0x0000000008006ad4     0x2fe0
                0x0000000008006ad4                . = ALIGN (0x4)
 *(.rodata)
 .rodata        0x0000000008006ad4       0x3d ./Core/Src/main.o
 *(.rodata*)
 *fill*         0x0000000008006b11        0x3 
 .rodata.ascii_1608
                0x0000000008006b14      0x5f0 ./Core/Src/lcd.o
                0x0000000008006b14                ascii_1608
 .rodata.ascii_2412
                0x0000000008007104     0x11d0 ./Core/Src/lcd.o
                0x0000000008007104                ascii_2412
 .rodata.ascii_3216
                0x00000000080082d4     0x17c0 ./Core/Src/lcd.o
                0x00000000080082d4                ascii_3216
 .rodata.AHBPrescTable
                0x0000000008009a94       0x10 ./Core/Src/system_stm32f4xx.o
                0x0000000008009a94                AHBPrescTable
 .rodata.APBPrescTable
                0x0000000008009aa4        0x8 ./Core/Src/system_stm32f4xx.o
                0x0000000008009aa4                APBPrescTable
 .rodata.flagBitshiftOffset.0
                0x0000000008009aac        0x8 ./Drivers/STM32F4xx_HAL_Driver/Src/stm32f4xx_hal_dma.o
                0x0000000008009ab4                . = ALIGN (0x4)

.ARM.extab      0x0000000008009ab4        0x0
                0x0000000008009ab4                . = ALIGN (0x4)
 *(.ARM.extab* .gnu.linkonce.armextab.*)
                0x0000000008009ab4                . = ALIGN (0x4)

.ARM            0x0000000008009ab4        0x8
                0x0000000008009ab4                . = ALIGN (0x4)
                0x0000000008009ab4                __exidx_start = .
 *(.ARM.exidx*)
 .ARM.exidx     0x0000000008009ab4        0x8 C:/ST/STM32CubeIDE_1.13.2/STM32CubeIDE/plugins/com.st.stm32cube.ide.mcu.externaltools.gnu-tools-for-stm32.11.3.rel1.win32_1.1.100.202309141235/tools/bin/../lib/gcc/arm-none-eabi/11.3.1/thumb/v7e-m+fp/hard\libgcc.a(_udivmoddi4.o)
                0x0000000008009abc                __exidx_end = .
                0x0000000008009abc                . = ALIGN (0x4)

.rel.dyn        0x0000000008009abc        0x0
 .rel.iplt      0x0000000008009abc        0x0 C:/ST/STM32CubeIDE_1.13.2/STM32CubeIDE/plugins/com.st.stm32cube.ide.mcu.externaltools.gnu-tools-for-stm32.11.3.rel1.win32_1.1.100.202309141235/tools/bin/../lib/gcc/arm-none-eabi/11.3.1/thumb/v7e-m+fp/hard/crtbegin.o

.preinit_array  0x0000000008009abc        0x0
                0x0000000008009abc                . = ALIGN (0x4)
                0x0000000008009abc                PROVIDE (__preinit_array_start = .)
 *(.preinit_array*)
                0x0000000008009abc                PROVIDE (__preinit_array_end = .)
                0x0000000008009abc                . = ALIGN (0x4)

.init_array     0x0000000008009abc        0x4
                0x0000000008009abc                . = ALIGN (0x4)
                0x0000000008009abc                PROVIDE (__init_array_start = .)
 *(SORT_BY_NAME(.init_array.*))
 *(.init_array*)
 .init_array    0x0000000008009abc        0x4 C:/ST/STM32CubeIDE_1.13.2/STM32CubeIDE/plugins/com.st.stm32cube.ide.mcu.externaltools.gnu-tools-for-stm32.11.3.rel1.win32_1.1.100.202309141235/tools/bin/../lib/gcc/arm-none-eabi/11.3.1/thumb/v7e-m+fp/hard/crtbegin.o
                0x0000000008009ac0                PROVIDE (__init_array_end = .)
                0x0000000008009ac0                . = ALIGN (0x4)

.fini_array     0x0000000008009ac0        0x4
                0x0000000008009ac0                . = ALIGN (0x4)
                [!provide]                        PROVIDE (__fini_array_start = .)
 *(SORT_BY_NAME(.fini_array.*))
 *(.fini_array*)
 .fini_array    0x0000000008009ac0        0x4 C:/ST/STM32CubeIDE_1.13.2/STM32CubeIDE/plugins/com.st.stm32cube.ide.mcu.externaltools.gnu-tools-for-stm32.11.3.rel1.win32_1.1.100.202309141235/tools/bin/../lib/gcc/arm-none-eabi/11.3.1/thumb/v7e-m+fp/hard/crtbegin.o
                [!provide]                        PROVIDE (__fini_array_end = .)
                0x0000000008009ac4                . = ALIGN (0x4)
                0x0000000008009ac4                _sidata = LOADADDR (.data)

.data           0x0000000020000000       0x14 load address 0x0000000008009ac4
                0x0000000020000000                . = ALIGN (0x4)
                0x0000000020000000                _sdata = .
 *(.data)
 *(.data*)
 .data.led_7seg
                0x0000000020000000        0x4 ./Core/Src/led_7seg.o
 .data.spi_buffer
                0x0000000020000004        0x2 ./Core/Src/led_7seg.o
 *fill*         0x0000000020000006        0x2 
 .data.SystemCoreClock
                0x0000000020000008        0x4 ./Core/Src/system_stm32f4xx.o
                0x0000000020000008                SystemCoreClock
 .data.uwTickPrio
                0x000000002000000c        0x4 ./Drivers/STM32F4xx_HAL_Driver/Src/stm32f4xx_hal.o
                0x000000002000000c                uwTickPrio
 .data.uwTickFreq
                0x0000000020000010        0x1 ./Drivers/STM32F4xx_HAL_Driver/Src/stm32f4xx_hal.o
                0x0000000020000010                uwTickFreq
 *(.RamFunc)
 *(.RamFunc*)
                0x0000000020000014                . = ALIGN (0x4)
 *fill*         0x0000000020000011        0x3 
                0x0000000020000014                _edata = .
                0x0000000008009ad8                _siccmram = LOADADDR (.ccmram)

.igot.plt       0x0000000020000014        0x0 load address 0x0000000008009ad8
 .igot.plt      0x0000000020000014        0x0 C:/ST/STM32CubeIDE_1.13.2/STM32CubeIDE/plugins/com.st.stm32cube.ide.mcu.externaltools.gnu-tools-for-stm32.11.3.rel1.win32_1.1.100.202309141235/tools/bin/../lib/gcc/arm-none-eabi/11.3.1/thumb/v7e-m+fp/hard/crtbegin.o

.ccmram         0x0000000010000000        0x0 load address 0x0000000008009ad8
                0x0000000010000000                . = ALIGN (0x4)
                0x0000000010000000                _sccmram = .
 *(.ccmram)
 *(.ccmram*)
                0x0000000010000000                . = ALIGN (0x4)
                0x0000000010000000                _eccmram = .
                0x0000000010000000                . = ALIGN (0x4)

.bss            0x0000000020000014      0x2e8
                0x0000000020000014                _sbss = .
                0x0000000020000014                __bss_start__ = _sbss
 *(.bss)
 .bss           0x0000000020000014       0x1c C:/ST/STM32CubeIDE_1.13.2/STM32CubeIDE/plugins/com.st.stm32cube.ide.mcu.externaltools.gnu-tools-for-stm32.11.3.rel1.win32_1.1.100.202309141235/tools/bin/../lib/gcc/arm-none-eabi/11.3.1/thumb/v7e-m+fp/hard/crtbegin.o
 *(.bss*)
 .bss.hadc1     0x0000000020000030       0x48 ./Core/Src/adc.o
                0x0000000020000030                hadc1
 .bss.hdma_adc1
                0x0000000020000078       0x60 ./Core/Src/adc.o
                0x0000000020000078                hdma_adc1
 .bss.button_count
                0x00000000200000d8       0x20 ./Core/Src/button.o
                0x00000000200000d8                button_count
 .bss.button_spi_buffer
                0x00000000200000f8        0x2 ./Core/Src/button.o
 .bss.buzzerduty_cycle
                0x00000000200000fa        0x1 ./Core/Src/buzzer.o
                0x00000000200000fa                buzzerduty_cycle
 *fill*         0x00000000200000fb        0x1 
 .bss.hsram1    0x00000000200000fc       0x50 ./Core/Src/fsmc.o
                0x00000000200000fc                hsram1
 .bss.FSMC_Initialized
                0x000000002000014c        0x4 ./Core/Src/fsmc.o
 .bss.hi2c1     0x0000000020000150       0x54 ./Core/Src/i2c.o
                0x0000000020000150                hi2c1
 .bss.lcddev    0x00000000200001a4        0x6 ./Core/Src/lcd.o
                0x00000000200001a4                lcddev
 .bss.led_7seg_index
                0x00000000200001aa        0x2 ./Core/Src/led_7seg.o
 .bss.count_adc
                0x00000000200001ac        0x1 ./Core/Src/main.o
                0x00000000200001ac                count_adc
 *fill*         0x00000000200001ad        0x3 
 .bss.adc_receive
                0x00000000200001b0        0xa ./Core/Src/sensor.o
                0x00000000200001b0                adc_receive
 .bss.timer2_flag
                0x00000000200001ba        0x1 ./Core/Src/software_timer.o
                0x00000000200001ba                timer2_flag
 *fill*         0x00000000200001bb        0x1 
 .bss.timer2_counter
                0x00000000200001bc        0x2 ./Core/Src/software_timer.o
                0x00000000200001bc                timer2_counter
 .bss.timer2_mul
                0x00000000200001be        0x2 ./Core/Src/software_timer.o
                0x00000000200001be                timer2_mul
 .bss.timer4_flag
                0x00000000200001c0        0x1 ./Core/Src/software_timer.o
                0x00000000200001c0                timer4_flag
 *fill*         0x00000000200001c1        0x1 
 .bss.timer4_counter
                0x00000000200001c2        0x2 ./Core/Src/software_timer.o
                0x00000000200001c2                timer4_counter
 .bss.timer4_mul
                0x00000000200001c4        0x2 ./Core/Src/software_timer.o
                0x00000000200001c4                timer4_mul
 *fill*         0x00000000200001c6        0x2 
 .bss.hspi1     0x00000000200001c8       0x58 ./Core/Src/spi.o
                0x00000000200001c8                hspi1
 .bss.htim2     0x0000000020000220       0x48 ./Core/Src/tim.o
                0x0000000020000220                htim2
 .bss.htim4     0x0000000020000268       0x48 ./Core/Src/tim.o
                0x0000000020000268                htim4
 .bss.htim13    0x00000000200002b0       0x48 ./Core/Src/tim.o
                0x00000000200002b0                htim13
 .bss.uwTick    0x00000000200002f8        0x4 ./Drivers/STM32F4xx_HAL_Driver/Src/stm32f4xx_hal.o
                0x00000000200002f8                uwTick
 *(COMMON)
                0x00000000200002fc                . = ALIGN (0x4)
                0x00000000200002fc                _ebss = .
                0x00000000200002fc                __bss_end__ = _ebss

._user_heap_stack
                0x00000000200002fc      0x604
                0x0000000020000300                . = ALIGN (0x8)
 *fill*         0x00000000200002fc        0x4 
                [!provide]                        PROVIDE (end = .)
                0x0000000020000300                PROVIDE (_end = .)
                0x0000000020000500                . = (. + _Min_Heap_Size)
 *fill*         0x0000000020000300      0x200 
                0x0000000020000900                . = (. + _Min_Stack_Size)
 *fill*         0x0000000020000500      0x400 
                0x0000000020000900                . = ALIGN (0x8)

/DISCARD/
 libc.a(*)
 libm.a(*)
 libgcc.a(*)

.ARM.attributes
                0x0000000000000000       0x30
 *(.ARM.attributes)
 .ARM.attributes
                0x0000000000000000       0x1e C:/ST/STM32CubeIDE_1.13.2/STM32CubeIDE/plugins/com.st.stm32cube.ide.mcu.externaltools.gnu-tools-for-stm32.11.3.rel1.win32_1.1.100.202309141235/tools/bin/../lib/gcc/arm-none-eabi/11.3.1/thumb/v7e-m+fp/hard/crti.o
 .ARM.attributes
                0x000000000000001e       0x34 C:/ST/STM32CubeIDE_1.13.2/STM32CubeIDE/plugins/com.st.stm32cube.ide.mcu.externaltools.gnu-tools-for-stm32.11.3.rel1.win32_1.1.100.202309141235/tools/bin/../lib/gcc/arm-none-eabi/11.3.1/thumb/v7e-m+fp/hard/crtbegin.o
 .ARM.attributes
                0x0000000000000052       0x34 ./Core/Src/adc.o
 .ARM.attributes
                0x0000000000000086       0x34 ./Core/Src/button.o
 .ARM.attributes
                0x00000000000000ba       0x34 ./Core/Src/buzzer.o
 .ARM.attributes
                0x00000000000000ee       0x34 ./Core/Src/dma.o
 .ARM.attributes
                0x0000000000000122       0x34 ./Core/Src/fsmc.o
 .ARM.attributes
                0x0000000000000156       0x34 ./Core/Src/gpio.o
 .ARM.attributes
                0x000000000000018a       0x34 ./Core/Src/i2c.o
 .ARM.attributes
                0x00000000000001be       0x34 ./Core/Src/lcd.o
 .ARM.attributes
                0x00000000000001f2       0x34 ./Core/Src/led_7seg.o
 .ARM.attributes
                0x0000000000000226       0x34 ./Core/Src/main.o
 .ARM.attributes
                0x000000000000025a       0x34 ./Core/Src/sensor.o
 .ARM.attributes
                0x000000000000028e       0x34 ./Core/Src/software_timer.o
 .ARM.attributes
                0x00000000000002c2       0x34 ./Core/Src/spi.o
 .ARM.attributes
                0x00000000000002f6       0x34 ./Core/Src/stm32f4xx_hal_msp.o
 .ARM.attributes
                0x000000000000032a       0x34 ./Core/Src/stm32f4xx_it.o
 .ARM.attributes
                0x000000000000035e       0x34 ./Core/Src/system_stm32f4xx.o
 .ARM.attributes
                0x0000000000000392       0x34 ./Core/Src/tim.o
 .ARM.attributes
                0x00000000000003c6       0x21 ./Core/Startup/startup_stm32f407zetx.o
 .ARM.attributes
                0x00000000000003e7       0x34 ./Drivers/STM32F4xx_HAL_Driver/Src/stm32f4xx_hal.o
 .ARM.attributes
                0x000000000000041b       0x34 ./Drivers/STM32F4xx_HAL_Driver/Src/stm32f4xx_hal_adc.o
 .ARM.attributes
                0x000000000000044f       0x34 ./Drivers/STM32F4xx_HAL_Driver/Src/stm32f4xx_hal_cortex.o
 .ARM.attributes
                0x0000000000000483       0x34 ./Drivers/STM32F4xx_HAL_Driver/Src/stm32f4xx_hal_dma.o
 .ARM.attributes
                0x00000000000004b7       0x34 ./Drivers/STM32F4xx_HAL_Driver/Src/stm32f4xx_hal_gpio.o
 .ARM.attributes
                0x00000000000004eb       0x34 ./Drivers/STM32F4xx_HAL_Driver/Src/stm32f4xx_hal_i2c.o
 .ARM.attributes
                0x000000000000051f       0x34 ./Drivers/STM32F4xx_HAL_Driver/Src/stm32f4xx_hal_rcc.o
 .ARM.attributes
                0x0000000000000553       0x34 ./Drivers/STM32F4xx_HAL_Driver/Src/stm32f4xx_hal_spi.o
 .ARM.attributes
                0x0000000000000587       0x34 ./Drivers/STM32F4xx_HAL_Driver/Src/stm32f4xx_hal_sram.o
 .ARM.attributes
                0x00000000000005bb       0x34 ./Drivers/STM32F4xx_HAL_Driver/Src/stm32f4xx_hal_tim.o
 .ARM.attributes
                0x00000000000005ef       0x34 ./Drivers/STM32F4xx_HAL_Driver/Src/stm32f4xx_hal_tim_ex.o
 .ARM.attributes
                0x0000000000000623       0x34 ./Drivers/STM32F4xx_HAL_Driver/Src/stm32f4xx_ll_fsmc.o
 .ARM.attributes
                0x0000000000000657       0x34 C:/ST/STM32CubeIDE_1.13.2/STM32CubeIDE/plugins/com.st.stm32cube.ide.mcu.externaltools.gnu-tools-for-stm32.11.3.rel1.win32_1.1.100.202309141235/tools/bin/../lib/gcc/arm-none-eabi/11.3.1/../../../../arm-none-eabi/lib/thumb/v7e-m+fp/hard\libc_nano.a(libc_a-memset.o)
 .ARM.attributes
                0x000000000000068b       0x34 C:/ST/STM32CubeIDE_1.13.2/STM32CubeIDE/plugins/com.st.stm32cube.ide.mcu.externaltools.gnu-tools-for-stm32.11.3.rel1.win32_1.1.100.202309141235/tools/bin/../lib/gcc/arm-none-eabi/11.3.1/../../../../arm-none-eabi/lib/thumb/v7e-m+fp/hard\libc_nano.a(libc_a-init.o)
 .ARM.attributes
                0x00000000000006bf       0x1e C:/ST/STM32CubeIDE_1.13.2/STM32CubeIDE/plugins/com.st.stm32cube.ide.mcu.externaltools.gnu-tools-for-stm32.11.3.rel1.win32_1.1.100.202309141235/tools/bin/../lib/gcc/arm-none-eabi/11.3.1/thumb/v7e-m+fp/hard\libgcc.a(_arm_addsubdf3.o)
 .ARM.attributes
                0x00000000000006dd       0x1e C:/ST/STM32CubeIDE_1.13.2/STM32CubeIDE/plugins/com.st.stm32cube.ide.mcu.externaltools.gnu-tools-for-stm32.11.3.rel1.win32_1.1.100.202309141235/tools/bin/../lib/gcc/arm-none-eabi/11.3.1/thumb/v7e-m+fp/hard\libgcc.a(_arm_muldivdf3.o)
 .ARM.attributes
                0x00000000000006fb       0x1e C:/ST/STM32CubeIDE_1.13.2/STM32CubeIDE/plugins/com.st.stm32cube.ide.mcu.externaltools.gnu-tools-for-stm32.11.3.rel1.win32_1.1.100.202309141235/tools/bin/../lib/gcc/arm-none-eabi/11.3.1/thumb/v7e-m+fp/hard\libgcc.a(_arm_truncdfsf2.o)
 .ARM.attributes
                0x0000000000000719       0x1e C:/ST/STM32CubeIDE_1.13.2/STM32CubeIDE/plugins/com.st.stm32cube.ide.mcu.externaltools.gnu-tools-for-stm32.11.3.rel1.win32_1.1.100.202309141235/tools/bin/../lib/gcc/arm-none-eabi/11.3.1/thumb/v7e-m+fp/hard\libgcc.a(_aeabi_uldivmod.o)
 .ARM.attributes
                0x0000000000000737       0x34 C:/ST/STM32CubeIDE_1.13.2/STM32CubeIDE/plugins/com.st.stm32cube.ide.mcu.externaltools.gnu-tools-for-stm32.11.3.rel1.win32_1.1.100.202309141235/tools/bin/../lib/gcc/arm-none-eabi/11.3.1/thumb/v7e-m+fp/hard\libgcc.a(_udivmoddi4.o)
 .ARM.attributes
                0x000000000000076b       0x1e C:/ST/STM32CubeIDE_1.13.2/STM32CubeIDE/plugins/com.st.stm32cube.ide.mcu.externaltools.gnu-tools-for-stm32.11.3.rel1.win32_1.1.100.202309141235/tools/bin/../lib/gcc/arm-none-eabi/11.3.1/thumb/v7e-m+fp/hard\libgcc.a(_dvmd_tls.o)
 .ARM.attributes
                0x0000000000000789       0x1e C:/ST/STM32CubeIDE_1.13.2/STM32CubeIDE/plugins/com.st.stm32cube.ide.mcu.externaltools.gnu-tools-for-stm32.11.3.rel1.win32_1.1.100.202309141235/tools/bin/../lib/gcc/arm-none-eabi/11.3.1/thumb/v7e-m+fp/hard/crtn.o
OUTPUT(Lab7_ADC_PWM.elf elf32-littlearm)
LOAD linker stubs
LOAD C:/ST/STM32CubeIDE_1.13.2/STM32CubeIDE/plugins/com.st.stm32cube.ide.mcu.externaltools.gnu-tools-for-stm32.11.3.rel1.win32_1.1.100.202309141235/tools/bin/../lib/gcc/arm-none-eabi/11.3.1/../../../../arm-none-eabi/lib/thumb/v7e-m+fp/hard\libc.a
LOAD C:/ST/STM32CubeIDE_1.13.2/STM32CubeIDE/plugins/com.st.stm32cube.ide.mcu.externaltools.gnu-tools-for-stm32.11.3.rel1.win32_1.1.100.202309141235/tools/bin/../lib/gcc/arm-none-eabi/11.3.1/../../../../arm-none-eabi/lib/thumb/v7e-m+fp/hard\libm.a
LOAD C:/ST/STM32CubeIDE_1.13.2/STM32CubeIDE/plugins/com.st.stm32cube.ide.mcu.externaltools.gnu-tools-for-stm32.11.3.rel1.win32_1.1.100.202309141235/tools/bin/../lib/gcc/arm-none-eabi/11.3.1/thumb/v7e-m+fp/hard\libgcc.a

.comment        0x0000000000000000       0x43
 .comment       0x0000000000000000       0x43 C:/ST/STM32CubeIDE_1.13.2/STM32CubeIDE/plugins/com.st.stm32cube.ide.mcu.externaltools.gnu-tools-for-stm32.11.3.rel1.win32_1.1.100.202309141235/tools/bin/../lib/gcc/arm-none-eabi/11.3.1/thumb/v7e-m+fp/hard/crtbegin.o
                                         0x44 (size before relaxing)
 .comment       0x0000000000000043       0x44 ./Core/Src/adc.o
 .comment       0x0000000000000043       0x44 ./Core/Src/button.o
 .comment       0x0000000000000043       0x44 ./Core/Src/buzzer.o
 .comment       0x0000000000000043       0x44 ./Core/Src/dma.o
 .comment       0x0000000000000043       0x44 ./Core/Src/fsmc.o
 .comment       0x0000000000000043       0x44 ./Core/Src/gpio.o
 .comment       0x0000000000000043       0x44 ./Core/Src/i2c.o
 .comment       0x0000000000000043       0x44 ./Core/Src/lcd.o
 .comment       0x0000000000000043       0x44 ./Core/Src/led_7seg.o
 .comment       0x0000000000000043       0x44 ./Core/Src/main.o
 .comment       0x0000000000000043       0x44 ./Core/Src/sensor.o
 .comment       0x0000000000000043       0x44 ./Core/Src/software_timer.o
 .comment       0x0000000000000043       0x44 ./Core/Src/spi.o
 .comment       0x0000000000000043       0x44 ./Core/Src/stm32f4xx_hal_msp.o
 .comment       0x0000000000000043       0x44 ./Core/Src/stm32f4xx_it.o
 .comment       0x0000000000000043       0x44 ./Core/Src/system_stm32f4xx.o
 .comment       0x0000000000000043       0x44 ./Core/Src/tim.o
 .comment       0x0000000000000043       0x44 ./Drivers/STM32F4xx_HAL_Driver/Src/stm32f4xx_hal.o
 .comment       0x0000000000000043       0x44 ./Drivers/STM32F4xx_HAL_Driver/Src/stm32f4xx_hal_adc.o
 .comment       0x0000000000000043       0x44 ./Drivers/STM32F4xx_HAL_Driver/Src/stm32f4xx_hal_cortex.o
 .comment       0x0000000000000043       0x44 ./Drivers/STM32F4xx_HAL_Driver/Src/stm32f4xx_hal_dma.o
 .comment       0x0000000000000043       0x44 ./Drivers/STM32F4xx_HAL_Driver/Src/stm32f4xx_hal_gpio.o
 .comment       0x0000000000000043       0x44 ./Drivers/STM32F4xx_HAL_Driver/Src/stm32f4xx_hal_i2c.o
 .comment       0x0000000000000043       0x44 ./Drivers/STM32F4xx_HAL_Driver/Src/stm32f4xx_hal_rcc.o
 .comment       0x0000000000000043       0x44 ./Drivers/STM32F4xx_HAL_Driver/Src/stm32f4xx_hal_spi.o
 .comment       0x0000000000000043       0x44 ./Drivers/STM32F4xx_HAL_Driver/Src/stm32f4xx_hal_sram.o
 .comment       0x0000000000000043       0x44 ./Drivers/STM32F4xx_HAL_Driver/Src/stm32f4xx_hal_tim.o
 .comment       0x0000000000000043       0x44 ./Drivers/STM32F4xx_HAL_Driver/Src/stm32f4xx_hal_tim_ex.o
 .comment       0x0000000000000043       0x44 ./Drivers/STM32F4xx_HAL_Driver/Src/stm32f4xx_ll_fsmc.o

.debug_info     0x0000000000000000    0x14d0f
 .debug_info    0x0000000000000000      0x9f1 ./Core/Src/adc.o
 .debug_info    0x00000000000009f1      0x76d ./Core/Src/button.o
 .debug_info    0x000000000000115e      0x6d4 ./Core/Src/buzzer.o
 .debug_info    0x0000000000001832      0x4ad ./Core/Src/dma.o
 .debug_info    0x0000000000001cdf      0x99a ./Core/Src/fsmc.o
 .debug_info    0x0000000000002679      0x479 ./Core/Src/gpio.o
 .debug_info    0x0000000000002af2      0x968 ./Core/Src/i2c.o
 .debug_info    0x000000000000345a      0xc29 ./Core/Src/lcd.o
 .debug_info    0x0000000000004083      0x803 ./Core/Src/led_7seg.o
 .debug_info    0x0000000000004886      0x72d ./Core/Src/main.o
 .debug_info    0x0000000000004fb3      0x67f ./Core/Src/sensor.o
 .debug_info    0x0000000000005632      0x7af ./Core/Src/software_timer.o
 .debug_info    0x0000000000005de1      0x943 ./Core/Src/spi.o
 .debug_info    0x0000000000006724      0x269 ./Core/Src/stm32f4xx_hal_msp.o
 .debug_info    0x000000000000698d      0x726 ./Core/Src/stm32f4xx_it.o
 .debug_info    0x00000000000070b3      0x512 ./Core/Src/system_stm32f4xx.o
 .debug_info    0x00000000000075c5      0xeeb ./Core/Src/tim.o
 .debug_info    0x00000000000084b0       0x23 ./Core/Startup/startup_stm32f407zetx.o
 .debug_info    0x00000000000084d3      0x948 ./Drivers/STM32F4xx_HAL_Driver/Src/stm32f4xx_hal.o
 .debug_info    0x0000000000008e1b      0xcb6 ./Drivers/STM32F4xx_HAL_Driver/Src/stm32f4xx_hal_adc.o
 .debug_info    0x0000000000009ad1      0xd46 ./Drivers/STM32F4xx_HAL_Driver/Src/stm32f4xx_hal_cortex.o
 .debug_info    0x000000000000a817      0x8e7 ./Drivers/STM32F4xx_HAL_Driver/Src/stm32f4xx_hal_dma.o
 .debug_info    0x000000000000b0fe      0x6c3 ./Drivers/STM32F4xx_HAL_Driver/Src/stm32f4xx_hal_gpio.o
 .debug_info    0x000000000000b7c1     0x23e1 ./Drivers/STM32F4xx_HAL_Driver/Src/stm32f4xx_hal_i2c.o
 .debug_info    0x000000000000dba2      0x8b1 ./Drivers/STM32F4xx_HAL_Driver/Src/stm32f4xx_hal_rcc.o
 .debug_info    0x000000000000e453     0x15fb ./Drivers/STM32F4xx_HAL_Driver/Src/stm32f4xx_hal_spi.o
 .debug_info    0x000000000000fa4e      0xb3e ./Drivers/STM32F4xx_HAL_Driver/Src/stm32f4xx_hal_sram.o
 .debug_info    0x000000000001058c     0x2949 ./Drivers/STM32F4xx_HAL_Driver/Src/stm32f4xx_hal_tim.o
 .debug_info    0x0000000000012ed5     0x14ae ./Drivers/STM32F4xx_HAL_Driver/Src/stm32f4xx_hal_tim_ex.o
 .debug_info    0x0000000000014383      0x98c ./Drivers/STM32F4xx_HAL_Driver/Src/stm32f4xx_ll_fsmc.o

.debug_abbrev   0x0000000000000000     0x3adb
 .debug_abbrev  0x0000000000000000      0x205 ./Core/Src/adc.o
 .debug_abbrev  0x0000000000000205      0x1ca ./Core/Src/button.o
 .debug_abbrev  0x00000000000003cf      0x1a1 ./Core/Src/buzzer.o
 .debug_abbrev  0x0000000000000570      0x10e ./Core/Src/dma.o
 .debug_abbrev  0x000000000000067e      0x215 ./Core/Src/fsmc.o
 .debug_abbrev  0x0000000000000893      0x152 ./Core/Src/gpio.o
 .debug_abbrev  0x00000000000009e5      0x1f1 ./Core/Src/i2c.o
 .debug_abbrev  0x0000000000000bd6      0x328 ./Core/Src/lcd.o
 .debug_abbrev  0x0000000000000efe      0x1ca ./Core/Src/led_7seg.o
 .debug_abbrev  0x00000000000010c8      0x273 ./Core/Src/main.o
 .debug_abbrev  0x000000000000133b      0x1a8 ./Core/Src/sensor.o
 .debug_abbrev  0x00000000000014e3      0x200 ./Core/Src/software_timer.o
 .debug_abbrev  0x00000000000016e3      0x1f3 ./Core/Src/spi.o
 .debug_abbrev  0x00000000000018d6       0xd8 ./Core/Src/stm32f4xx_hal_msp.o
 .debug_abbrev  0x00000000000019ae      0x194 ./Core/Src/stm32f4xx_it.o
 .debug_abbrev  0x0000000000001b42      0x11a ./Core/Src/system_stm32f4xx.o
 .debug_abbrev  0x0000000000001c5c      0x225 ./Core/Src/tim.o
 .debug_abbrev  0x0000000000001e81       0x12 ./Core/Startup/startup_stm32f407zetx.o
 .debug_abbrev  0x0000000000001e93      0x213 ./Drivers/STM32F4xx_HAL_Driver/Src/stm32f4xx_hal.o
 .debug_abbrev  0x00000000000020a6      0x252 ./Drivers/STM32F4xx_HAL_Driver/Src/stm32f4xx_hal_adc.o
 .debug_abbrev  0x00000000000022f8      0x327 ./Drivers/STM32F4xx_HAL_Driver/Src/stm32f4xx_hal_cortex.o
 .debug_abbrev  0x000000000000261f      0x264 ./Drivers/STM32F4xx_HAL_Driver/Src/stm32f4xx_hal_dma.o
 .debug_abbrev  0x0000000000002883      0x1d4 ./Drivers/STM32F4xx_HAL_Driver/Src/stm32f4xx_hal_gpio.o
 .debug_abbrev  0x0000000000002a57      0x2ad ./Drivers/STM32F4xx_HAL_Driver/Src/stm32f4xx_hal_i2c.o
 .debug_abbrev  0x0000000000002d04      0x2b6 ./Drivers/STM32F4xx_HAL_Driver/Src/stm32f4xx_hal_rcc.o
 .debug_abbrev  0x0000000000002fba      0x284 ./Drivers/STM32F4xx_HAL_Driver/Src/stm32f4xx_hal_spi.o
 .debug_abbrev  0x000000000000323e      0x208 ./Drivers/STM32F4xx_HAL_Driver/Src/stm32f4xx_hal_sram.o
 .debug_abbrev  0x0000000000003446      0x271 ./Drivers/STM32F4xx_HAL_Driver/Src/stm32f4xx_hal_tim.o
 .debug_abbrev  0x00000000000036b7      0x27c ./Drivers/STM32F4xx_HAL_Driver/Src/stm32f4xx_hal_tim_ex.o
 .debug_abbrev  0x0000000000003933      0x1a8 ./Drivers/STM32F4xx_HAL_Driver/Src/stm32f4xx_ll_fsmc.o

.debug_aranges  0x0000000000000000     0x13f0
 .debug_aranges
                0x0000000000000000       0x30 ./Core/Src/adc.o
 .debug_aranges
                0x0000000000000030       0x28 ./Core/Src/button.o
 .debug_aranges
                0x0000000000000058       0x28 ./Core/Src/buzzer.o
 .debug_aranges
                0x0000000000000080       0x20 ./Core/Src/dma.o
 .debug_aranges
                0x00000000000000a0       0x40 ./Core/Src/fsmc.o
 .debug_aranges
                0x00000000000000e0       0x20 ./Core/Src/gpio.o
 .debug_aranges
                0x0000000000000100       0x30 ./Core/Src/i2c.o
 .debug_aranges
                0x0000000000000130       0xd8 ./Core/Src/lcd.o
 .debug_aranges
                0x0000000000000208       0x48 ./Core/Src/led_7seg.o
 .debug_aranges
                0x0000000000000250       0x60 ./Core/Src/main.o
 .debug_aranges
                0x00000000000002b0       0x50 ./Core/Src/sensor.o
 .debug_aranges
                0x0000000000000300       0x40 ./Core/Src/software_timer.o
 .debug_aranges
                0x0000000000000340       0x30 ./Core/Src/spi.o
 .debug_aranges
                0x0000000000000370       0x20 ./Core/Src/stm32f4xx_hal_msp.o
 .debug_aranges
                0x0000000000000390       0x78 ./Core/Src/stm32f4xx_it.o
 .debug_aranges
                0x0000000000000408       0x28 ./Core/Src/system_stm32f4xx.o
 .debug_aranges
                0x0000000000000430       0x48 ./Core/Src/tim.o
 .debug_aranges
                0x0000000000000478       0x28 ./Core/Startup/startup_stm32f407zetx.o
 .debug_aranges
                0x00000000000004a0       0xf0 ./Drivers/STM32F4xx_HAL_Driver/Src/stm32f4xx_hal.o
 .debug_aranges
                0x0000000000000590       0xe8 ./Drivers/STM32F4xx_HAL_Driver/Src/stm32f4xx_hal_adc.o
 .debug_aranges
                0x0000000000000678      0x118 ./Drivers/STM32F4xx_HAL_Driver/Src/stm32f4xx_hal_cortex.o
 .debug_aranges
                0x0000000000000790       0x90 ./Drivers/STM32F4xx_HAL_Driver/Src/stm32f4xx_hal_dma.o
 .debug_aranges
                0x0000000000000820       0x58 ./Drivers/STM32F4xx_HAL_Driver/Src/stm32f4xx_hal_gpio.o
 .debug_aranges
                0x0000000000000878      0x2a0 ./Drivers/STM32F4xx_HAL_Driver/Src/stm32f4xx_hal_i2c.o
 .debug_aranges
                0x0000000000000b18       0x88 ./Drivers/STM32F4xx_HAL_Driver/Src/stm32f4xx_hal_rcc.o
 .debug_aranges
                0x0000000000000ba0      0x1d0 ./Drivers/STM32F4xx_HAL_Driver/Src/stm32f4xx_hal_spi.o
 .debug_aranges
                0x0000000000000d70       0xa0 ./Drivers/STM32F4xx_HAL_Driver/Src/stm32f4xx_hal_sram.o
 .debug_aranges
                0x0000000000000e10      0x3d0 ./Drivers/STM32F4xx_HAL_Driver/Src/stm32f4xx_hal_tim.o
 .debug_aranges
                0x00000000000011e0      0x168 ./Drivers/STM32F4xx_HAL_Driver/Src/stm32f4xx_hal_tim_ex.o
 .debug_aranges
                0x0000000000001348       0xa8 ./Drivers/STM32F4xx_HAL_Driver/Src/stm32f4xx_ll_fsmc.o

.debug_rnglists
                0x0000000000000000      0xf62
 .debug_rnglists
                0x0000000000000000       0x21 ./Core/Src/adc.o
 .debug_rnglists
                0x0000000000000021       0x1a ./Core/Src/button.o
 .debug_rnglists
                0x000000000000003b       0x19 ./Core/Src/buzzer.o
 .debug_rnglists
                0x0000000000000054       0x13 ./Core/Src/dma.o
 .debug_rnglists
                0x0000000000000067       0x2d ./Core/Src/fsmc.o
 .debug_rnglists
                0x0000000000000094       0x14 ./Core/Src/gpio.o
 .debug_rnglists
                0x00000000000000a8       0x20 ./Core/Src/i2c.o
 .debug_rnglists
                0x00000000000000c8       0xa8 ./Core/Src/lcd.o
 .debug_rnglists
                0x0000000000000170       0x32 ./Core/Src/led_7seg.o
 .debug_rnglists
                0x00000000000001a2       0x45 ./Core/Src/main.o
 .debug_rnglists
                0x00000000000001e7       0x38 ./Core/Src/sensor.o
 .debug_rnglists
                0x000000000000021f       0x2c ./Core/Src/software_timer.o
 .debug_rnglists
                0x000000000000024b       0x20 ./Core/Src/spi.o
 .debug_rnglists
                0x000000000000026b       0x13 ./Core/Src/stm32f4xx_hal_msp.o
 .debug_rnglists
                0x000000000000027e       0x55 ./Core/Src/stm32f4xx_it.o
 .debug_rnglists
                0x00000000000002d3       0x1a ./Core/Src/system_stm32f4xx.o
 .debug_rnglists
                0x00000000000002ed       0x35 ./Core/Src/tim.o
 .debug_rnglists
                0x0000000000000322       0x19 ./Core/Startup/startup_stm32f407zetx.o
 .debug_rnglists
                0x000000000000033b       0xaf ./Drivers/STM32F4xx_HAL_Driver/Src/stm32f4xx_hal.o
 .debug_rnglists
                0x00000000000003ea       0xb5 ./Drivers/STM32F4xx_HAL_Driver/Src/stm32f4xx_hal_adc.o
 .debug_rnglists
                0x000000000000049f       0xce ./Drivers/STM32F4xx_HAL_Driver/Src/stm32f4xx_hal_cortex.o
 .debug_rnglists
                0x000000000000056d       0x70 ./Drivers/STM32F4xx_HAL_Driver/Src/stm32f4xx_hal_dma.o
 .debug_rnglists
                0x00000000000005dd       0x3f ./Drivers/STM32F4xx_HAL_Driver/Src/stm32f4xx_hal_gpio.o
 .debug_rnglists
                0x000000000000061c      0x23f ./Drivers/STM32F4xx_HAL_Driver/Src/stm32f4xx_hal_i2c.o
 .debug_rnglists
                0x000000000000085b       0x66 ./Drivers/STM32F4xx_HAL_Driver/Src/stm32f4xx_hal_rcc.o
 .debug_rnglists
                0x00000000000008c1      0x16f ./Drivers/STM32F4xx_HAL_Driver/Src/stm32f4xx_hal_spi.o
 .debug_rnglists
                0x0000000000000a30       0x76 ./Drivers/STM32F4xx_HAL_Driver/Src/stm32f4xx_hal_sram.o
 .debug_rnglists
                0x0000000000000aa6      0x31a ./Drivers/STM32F4xx_HAL_Driver/Src/stm32f4xx_hal_tim.o
 .debug_rnglists
                0x0000000000000dc0      0x125 ./Drivers/STM32F4xx_HAL_Driver/Src/stm32f4xx_hal_tim_ex.o
 .debug_rnglists
                0x0000000000000ee5       0x7d ./Drivers/STM32F4xx_HAL_Driver/Src/stm32f4xx_ll_fsmc.o

.debug_macro    0x0000000000000000    0x250b0
 .debug_macro   0x0000000000000000      0x244 ./Core/Src/adc.o
 .debug_macro   0x0000000000000244      0xaa8 ./Core/Src/adc.o
 .debug_macro   0x0000000000000cec      0x2ad ./Core/Src/adc.o
 .debug_macro   0x0000000000000f99       0x2e ./Core/Src/adc.o
 .debug_macro   0x0000000000000fc7       0x2f ./Core/Src/adc.o
 .debug_macro   0x0000000000000ff6       0x22 ./Core/Src/adc.o
 .debug_macro   0x0000000000001018       0x8e ./Core/Src/adc.o
 .debug_macro   0x00000000000010a6       0x51 ./Core/Src/adc.o
 .debug_macro   0x00000000000010f7      0x103 ./Core/Src/adc.o
 .debug_macro   0x00000000000011fa       0x6a ./Core/Src/adc.o
 .debug_macro   0x0000000000001264      0x1df ./Core/Src/adc.o
 .debug_macro   0x0000000000001443       0x1c ./Core/Src/adc.o
 .debug_macro   0x000000000000145f       0x22 ./Core/Src/adc.o
 .debug_macro   0x0000000000001481       0xd9 ./Core/Src/adc.o
 .debug_macro   0x000000000000155a     0x102d ./Core/Src/adc.o
 .debug_macro   0x0000000000002587      0x11f ./Core/Src/adc.o
 .debug_macro   0x00000000000026a6    0x15e58 ./Core/Src/adc.o
 .debug_macro   0x00000000000184fe       0x6d ./Core/Src/adc.o
 .debug_macro   0x000000000001856b     0x3666 ./Core/Src/adc.o
 .debug_macro   0x000000000001bbd1      0x174 ./Core/Src/adc.o
 .debug_macro   0x000000000001bd45       0x5c ./Core/Src/adc.o
 .debug_macro   0x000000000001bda1      0x96b ./Core/Src/adc.o
 .debug_macro   0x000000000001c70c      0x9fe ./Core/Src/adc.o
 .debug_macro   0x000000000001d10a      0x116 ./Core/Src/adc.o
 .debug_macro   0x000000000001d220      0x13e ./Core/Src/adc.o
 .debug_macro   0x000000000001d35e       0xa5 ./Core/Src/adc.o
 .debug_macro   0x000000000001d403      0x174 ./Core/Src/adc.o
 .debug_macro   0x000000000001d577      0x287 ./Core/Src/adc.o
 .debug_macro   0x000000000001d7fe       0x5f ./Core/Src/adc.o
 .debug_macro   0x000000000001d85d      0x236 ./Core/Src/adc.o
 .debug_macro   0x000000000001da93      0xb5b ./Core/Src/adc.o
 .debug_macro   0x000000000001e5ee      0x38b ./Core/Src/adc.o
 .debug_macro   0x000000000001e979      0x176 ./Core/Src/adc.o
 .debug_macro   0x000000000001eaef       0xf9 ./Core/Src/adc.o
 .debug_macro   0x000000000001ebe8      0x12c ./Core/Src/adc.o
 .debug_macro   0x000000000001ed14      0x21e ./Core/Src/adc.o
 .debug_macro   0x000000000001ef32       0x2e ./Core/Src/adc.o
 .debug_macro   0x000000000001ef60      0x543 ./Core/Src/adc.o
 .debug_macro   0x000000000001f4a3      0x1b5 ./Core/Src/adc.o
 .debug_macro   0x000000000001f658       0xd6 ./Core/Src/adc.o
 .debug_macro   0x000000000001f72e      0x11a ./Core/Src/adc.o
 .debug_macro   0x000000000001f848       0x7e ./Core/Src/adc.o
 .debug_macro   0x000000000001f8c6       0x89 ./Core/Src/adc.o
 .debug_macro   0x000000000001f94f      0x225 ./Core/Src/adc.o
 .debug_macro   0x000000000001fb74      0x8d1 ./Core/Src/adc.o
 .debug_macro   0x0000000000020445       0x47 ./Core/Src/adc.o
 .debug_macro   0x000000000002048c      0x12d ./Core/Src/adc.o
 .debug_macro   0x00000000000205b9       0x88 ./Core/Src/adc.o
 .debug_macro   0x0000000000020641      0x258 ./Core/Src/button.o
 .debug_macro   0x0000000000020899      0x24e ./Core/Src/buzzer.o
 .debug_macro   0x0000000000020ae7      0x244 ./Core/Src/dma.o
 .debug_macro   0x0000000000020d2b      0x244 ./Core/Src/fsmc.o
 .debug_macro   0x0000000000020f6f      0x244 ./Core/Src/gpio.o
 .debug_macro   0x00000000000211b3      0x244 ./Core/Src/i2c.o
 .debug_macro   0x00000000000213f7      0x363 ./Core/Src/lcd.o
 .debug_macro   0x000000000002175a       0xca ./Core/Src/lcd.o
 .debug_macro   0x0000000000021824       0x2a ./Core/Src/lcd.o
 .debug_macro   0x000000000002184e       0x61 ./Core/Src/lcd.o
 .debug_macro   0x00000000000218af       0x43 ./Core/Src/lcd.o
 .debug_macro   0x00000000000218f2       0x34 ./Core/Src/lcd.o
 .debug_macro   0x0000000000021926       0x16 ./Core/Src/lcd.o
 .debug_macro   0x000000000002193c       0x35 ./Core/Src/lcd.o
 .debug_macro   0x0000000000021971       0x16 ./Core/Src/lcd.o
 .debug_macro   0x0000000000021987       0x43 ./Core/Src/lcd.o
 .debug_macro   0x00000000000219ca       0x34 ./Core/Src/lcd.o
 .debug_macro   0x00000000000219fe       0x10 ./Core/Src/lcd.o
 .debug_macro   0x0000000000021a0e       0x58 ./Core/Src/lcd.o
 .debug_macro   0x0000000000021a66       0x8e ./Core/Src/lcd.o
 .debug_macro   0x0000000000021af4       0x1c ./Core/Src/lcd.o
 .debug_macro   0x0000000000021b10      0x177 ./Core/Src/lcd.o
 .debug_macro   0x0000000000021c87      0x369 ./Core/Src/lcd.o
 .debug_macro   0x0000000000021ff0       0x16 ./Core/Src/lcd.o
 .debug_macro   0x0000000000022006       0x29 ./Core/Src/lcd.o
 .debug_macro   0x000000000002202f       0x16 ./Core/Src/lcd.o
 .debug_macro   0x0000000000022045       0x20 ./Core/Src/lcd.o
 .debug_macro   0x0000000000022065      0x24e ./Core/Src/led_7seg.o
 .debug_macro   0x00000000000222b3      0x2db ./Core/Src/main.o
 .debug_macro   0x000000000002258e       0x16 ./Core/Src/main.o
 .debug_macro   0x00000000000225a4       0x34 ./Core/Src/main.o
 .debug_macro   0x00000000000225d8      0x24e ./Core/Src/sensor.o
 .debug_macro   0x0000000000022826      0x25d ./Core/Src/software_timer.o
 .debug_macro   0x0000000000022a83       0x10 ./Core/Src/software_timer.o
 .debug_macro   0x0000000000022a93      0x244 ./Core/Src/spi.o
 .debug_macro   0x0000000000022cd7      0x23a ./Core/Src/stm32f4xx_hal_msp.o
 .debug_macro   0x0000000000022f11      0x244 ./Core/Src/stm32f4xx_it.o
 .debug_macro   0x0000000000023155      0x22b ./Core/Src/system_stm32f4xx.o
 .debug_macro   0x0000000000023380      0x244 ./Core/Src/tim.o
 .debug_macro   0x00000000000235c4      0x28b ./Drivers/STM32F4xx_HAL_Driver/Src/stm32f4xx_hal.o
 .debug_macro   0x000000000002384f      0x22c ./Drivers/STM32F4xx_HAL_Driver/Src/stm32f4xx_hal_adc.o
 .debug_macro   0x0000000000023a7b      0x22b ./Drivers/STM32F4xx_HAL_Driver/Src/stm32f4xx_hal_cortex.o
 .debug_macro   0x0000000000023ca6      0x231 ./Drivers/STM32F4xx_HAL_Driver/Src/stm32f4xx_hal_dma.o
 .debug_macro   0x0000000000023ed7      0x231 ./Drivers/STM32F4xx_HAL_Driver/Src/stm32f4xx_hal_gpio.o
 .debug_macro   0x0000000000024108      0x272 ./Drivers/STM32F4xx_HAL_Driver/Src/stm32f4xx_hal_i2c.o
 .debug_macro   0x000000000002437a      0x24f ./Drivers/STM32F4xx_HAL_Driver/Src/stm32f4xx_hal_rcc.o
 .debug_macro   0x00000000000245c9      0x23a ./Drivers/STM32F4xx_HAL_Driver/Src/stm32f4xx_hal_spi.o
 .debug_macro   0x0000000000024803      0x22b ./Drivers/STM32F4xx_HAL_Driver/Src/stm32f4xx_hal_sram.o
 .debug_macro   0x0000000000024a2e      0x22c ./Drivers/STM32F4xx_HAL_Driver/Src/stm32f4xx_hal_tim.o
 .debug_macro   0x0000000000024c5a      0x22b ./Drivers/STM32F4xx_HAL_Driver/Src/stm32f4xx_hal_tim_ex.o
 .debug_macro   0x0000000000024e85      0x22b ./Drivers/STM32F4xx_HAL_Driver/Src/stm32f4xx_ll_fsmc.o

.debug_line     0x0000000000000000    0x1b5cd
 .debug_line    0x0000000000000000      0x8e4 ./Core/Src/adc.o
 .debug_line    0x00000000000008e4      0x87a ./Core/Src/button.o
 .debug_line    0x000000000000115e      0x817 ./Core/Src/buzzer.o
 .debug_line    0x0000000000001975      0x7f0 ./Core/Src/dma.o
 .debug_line    0x0000000000002165      0x8f5 ./Core/Src/fsmc.o
 .debug_line    0x0000000000002a5a      0x854 ./Core/Src/gpio.o
 .debug_line    0x00000000000032ae      0x85e ./Core/Src/i2c.o
 .debug_line    0x0000000000003b0c     0x1040 ./Core/Src/lcd.o
 .debug_line    0x0000000000004b4c      0x8e8 ./Core/Src/led_7seg.o
 .debug_line    0x0000000000005434      0xa07 ./Core/Src/main.o
 .debug_line    0x0000000000005e3b      0x8b1 ./Core/Src/sensor.o
 .debug_line    0x00000000000066ec      0x8b9 ./Core/Src/software_timer.o
 .debug_line    0x0000000000006fa5      0x866 ./Core/Src/spi.o
 .debug_line    0x000000000000780b      0x7f5 ./Core/Src/stm32f4xx_hal_msp.o
 .debug_line    0x0000000000008000      0x8ff ./Core/Src/stm32f4xx_it.o
 .debug_line    0x00000000000088ff      0x876 ./Core/Src/system_stm32f4xx.o
 .debug_line    0x0000000000009175      0x977 ./Core/Src/tim.o
 .debug_line    0x0000000000009aec       0x7a ./Core/Startup/startup_stm32f407zetx.o
 .debug_line    0x0000000000009b66      0xadc ./Drivers/STM32F4xx_HAL_Driver/Src/stm32f4xx_hal.o
 .debug_line    0x000000000000a642     0x135a ./Drivers/STM32F4xx_HAL_Driver/Src/stm32f4xx_hal_adc.o
 .debug_line    0x000000000000b99c      0xd8b ./Drivers/STM32F4xx_HAL_Driver/Src/stm32f4xx_hal_cortex.o
 .debug_line    0x000000000000c727     0x1043 ./Drivers/STM32F4xx_HAL_Driver/Src/stm32f4xx_hal_dma.o
 .debug_line    0x000000000000d76a      0xc52 ./Drivers/STM32F4xx_HAL_Driver/Src/stm32f4xx_hal_gpio.o
 .debug_line    0x000000000000e3bc     0x3a95 ./Drivers/STM32F4xx_HAL_Driver/Src/stm32f4xx_hal_i2c.o
 .debug_line    0x0000000000011e51      0xe55 ./Drivers/STM32F4xx_HAL_Driver/Src/stm32f4xx_hal_rcc.o
 .debug_line    0x0000000000012ca6     0x1d6b ./Drivers/STM32F4xx_HAL_Driver/Src/stm32f4xx_hal_spi.o
 .debug_line    0x0000000000014a11      0xc7e ./Drivers/STM32F4xx_HAL_Driver/Src/stm32f4xx_hal_sram.o
 .debug_line    0x000000000001568f     0x37d4 ./Drivers/STM32F4xx_HAL_Driver/Src/stm32f4xx_hal_tim.o
 .debug_line    0x0000000000018e63     0x1ad9 ./Drivers/STM32F4xx_HAL_Driver/Src/stm32f4xx_hal_tim_ex.o
 .debug_line    0x000000000001a93c      0xc91 ./Drivers/STM32F4xx_HAL_Driver/Src/stm32f4xx_ll_fsmc.o

.debug_str      0x0000000000000000    0xdc485
 .debug_str     0x0000000000000000    0xd3dc7 ./Core/Src/adc.o
                                      0xd40ef (size before relaxing)
 .debug_str     0x00000000000d3dc7      0x296 ./Core/Src/button.o
                                      0xd3feb (size before relaxing)
 .debug_str     0x00000000000d405d      0x2e0 ./Core/Src/buzzer.o
                                      0xd404a (size before relaxing)
 .debug_str     0x00000000000d433d      0x52c ./Core/Src/dma.o
                                      0xd40a9 (size before relaxing)
 .debug_str     0x00000000000d4869      0x290 ./Core/Src/fsmc.o
                                      0xd41a9 (size before relaxing)
 .debug_str     0x00000000000d4af9       0x20 ./Core/Src/gpio.o
                                      0xd3c57 (size before relaxing)
 .debug_str     0x00000000000d4b19      0x2bb ./Core/Src/i2c.o
                                      0xd4186 (size before relaxing)
 .debug_str     0x00000000000d4dd4     0x36ce ./Core/Src/lcd.o
                                      0xd71fe (size before relaxing)
 .debug_str     0x00000000000d84a2       0xe5 ./Core/Src/led_7seg.o
                                      0xd4068 (size before relaxing)
 .debug_str     0x00000000000d8587      0x384 ./Core/Src/main.o
                                      0xd42aa (size before relaxing)
 .debug_str     0x00000000000d890b       0x33 ./Core/Src/sensor.o
                                      0xd3f53 (size before relaxing)
 .debug_str     0x00000000000d893e       0xb9 ./Core/Src/software_timer.o
                                      0xd411c (size before relaxing)
 .debug_str     0x00000000000d89f7       0x4b ./Core/Src/spi.o
                                      0xd40e3 (size before relaxing)
 .debug_str     0x00000000000d8a42       0x2c ./Core/Src/stm32f4xx_hal_msp.o
                                      0xd3b8c (size before relaxing)
 .debug_str     0x00000000000d8a6e      0x127 ./Core/Src/stm32f4xx_it.o
                                      0xd40bb (size before relaxing)
 .debug_str     0x00000000000d8b95       0xdb ./Core/Src/system_stm32f4xx.o
                                      0xd3a1a (size before relaxing)
 .debug_str     0x00000000000d8c70      0x1ef ./Core/Src/tim.o
                                      0xd48d3 (size before relaxing)
 .debug_str     0x00000000000d8e5f       0x34 ./Core/Startup/startup_stm32f407zetx.o
                                         0x63 (size before relaxing)
 .debug_str     0x00000000000d8e93      0x603 ./Drivers/STM32F4xx_HAL_Driver/Src/stm32f4xx_hal.o
                                      0xd459e (size before relaxing)
 .debug_str     0x00000000000d9496      0x2a7 ./Drivers/STM32F4xx_HAL_Driver/Src/stm32f4xx_hal_adc.o
                                      0xd3ff8 (size before relaxing)
 .debug_str     0x00000000000d973d      0x326 ./Drivers/STM32F4xx_HAL_Driver/Src/stm32f4xx_hal_cortex.o
                                      0xd42d1 (size before relaxing)
 .debug_str     0x00000000000d9a63      0x2c7 ./Drivers/STM32F4xx_HAL_Driver/Src/stm32f4xx_hal_dma.o
                                      0xd3e34 (size before relaxing)
 .debug_str     0x00000000000d9d2a      0x11c ./Drivers/STM32F4xx_HAL_Driver/Src/stm32f4xx_hal_gpio.o
                                      0xd3b95 (size before relaxing)
 .debug_str     0x00000000000d9e46      0xabb ./Drivers/STM32F4xx_HAL_Driver/Src/stm32f4xx_hal_i2c.o
                                      0xd49e5 (size before relaxing)
 .debug_str     0x00000000000da901      0x213 ./Drivers/STM32F4xx_HAL_Driver/Src/stm32f4xx_hal_rcc.o
                                      0xd3e4e (size before relaxing)
 .debug_str     0x00000000000dab14      0x536 ./Drivers/STM32F4xx_HAL_Driver/Src/stm32f4xx_hal_spi.o
                                      0xd42de (size before relaxing)
 .debug_str     0x00000000000db04a      0x1a6 ./Drivers/STM32F4xx_HAL_Driver/Src/stm32f4xx_hal_sram.o
                                      0xd3fc1 (size before relaxing)
 .debug_str     0x00000000000db1f0      0xcfd ./Drivers/STM32F4xx_HAL_Driver/Src/stm32f4xx_hal_tim.o
                                      0xd4d94 (size before relaxing)
 .debug_str     0x00000000000dbeed      0x493 ./Drivers/STM32F4xx_HAL_Driver/Src/stm32f4xx_hal_tim_ex.o
                                      0xd45b0 (size before relaxing)
 .debug_str     0x00000000000dc380      0x105 ./Drivers/STM32F4xx_HAL_Driver/Src/stm32f4xx_ll_fsmc.o
                                      0xd3dc9 (size before relaxing)

.debug_frame    0x0000000000000000     0x5294
 .debug_frame   0x0000000000000000       0x7c ./Core/Src/adc.o
 .debug_frame   0x000000000000007c       0x50 ./Core/Src/button.o
 .debug_frame   0x00000000000000cc       0x54 ./Core/Src/buzzer.o
 .debug_frame   0x0000000000000120       0x34 ./Core/Src/dma.o
 .debug_frame   0x0000000000000154       0xbc ./Core/Src/fsmc.o
 .debug_frame   0x0000000000000210       0x34 ./Core/Src/gpio.o
 .debug_frame   0x0000000000000244       0x74 ./Core/Src/i2c.o
 .debug_frame   0x00000000000002b8      0x394 ./Core/Src/lcd.o
 .debug_frame   0x000000000000064c       0xe8 ./Core/Src/led_7seg.o
 .debug_frame   0x0000000000000734      0x124 ./Core/Src/main.o
 .debug_frame   0x0000000000000858       0xe0 ./Core/Src/sensor.o
 .debug_frame   0x0000000000000938       0xbc ./Core/Src/software_timer.o
 .debug_frame   0x00000000000009f4       0x74 ./Core/Src/spi.o
 .debug_frame   0x0000000000000a68       0x38 ./Core/Src/stm32f4xx_hal_msp.o
 .debug_frame   0x0000000000000aa0      0x158 ./Core/Src/stm32f4xx_it.o
 .debug_frame   0x0000000000000bf8       0x58 ./Core/Src/system_stm32f4xx.o
 .debug_frame   0x0000000000000c50       0xe8 ./Core/Src/tim.o
 .debug_frame   0x0000000000000d38      0x374 ./Drivers/STM32F4xx_HAL_Driver/Src/stm32f4xx_hal.o
 .debug_frame   0x00000000000010ac      0x3fc ./Drivers/STM32F4xx_HAL_Driver/Src/stm32f4xx_hal_adc.o
 .debug_frame   0x00000000000014a8      0x498 ./Drivers/STM32F4xx_HAL_Driver/Src/stm32f4xx_hal_cortex.o
 .debug_frame   0x0000000000001940      0x250 ./Drivers/STM32F4xx_HAL_Driver/Src/stm32f4xx_hal_dma.o
 .debug_frame   0x0000000000001b90      0x14c ./Drivers/STM32F4xx_HAL_Driver/Src/stm32f4xx_hal_gpio.o
 .debug_frame   0x0000000000001cdc      0xc5c ./Drivers/STM32F4xx_HAL_Driver/Src/stm32f4xx_hal_i2c.o
 .debug_frame   0x0000000000002938      0x1f4 ./Drivers/STM32F4xx_HAL_Driver/Src/stm32f4xx_hal_rcc.o
 .debug_frame   0x0000000000002b2c      0x824 ./Drivers/STM32F4xx_HAL_Driver/Src/stm32f4xx_hal_spi.o
 .debug_frame   0x0000000000003350      0x2a0 ./Drivers/STM32F4xx_HAL_Driver/Src/stm32f4xx_hal_sram.o
 .debug_frame   0x00000000000035f0     0x11c4 ./Drivers/STM32F4xx_HAL_Driver/Src/stm32f4xx_hal_tim.o
 .debug_frame   0x00000000000047b4      0x638 ./Drivers/STM32F4xx_HAL_Driver/Src/stm32f4xx_hal_tim_ex.o
 .debug_frame   0x0000000000004dec      0x2dc ./Drivers/STM32F4xx_HAL_Driver/Src/stm32f4xx_ll_fsmc.o
 .debug_frame   0x00000000000050c8       0x20 C:/ST/STM32CubeIDE_1.13.2/STM32CubeIDE/plugins/com.st.stm32cube.ide.mcu.externaltools.gnu-tools-for-stm32.11.3.rel1.win32_1.1.100.202309141235/tools/bin/../lib/gcc/arm-none-eabi/11.3.1/../../../../arm-none-eabi/lib/thumb/v7e-m+fp/hard\libc_nano.a(libc_a-memset.o)
 .debug_frame   0x00000000000050e8       0x2c C:/ST/STM32CubeIDE_1.13.2/STM32CubeIDE/plugins/com.st.stm32cube.ide.mcu.externaltools.gnu-tools-for-stm32.11.3.rel1.win32_1.1.100.202309141235/tools/bin/../lib/gcc/arm-none-eabi/11.3.1/../../../../arm-none-eabi/lib/thumb/v7e-m+fp/hard\libc_nano.a(libc_a-init.o)
 .debug_frame   0x0000000000005114       0xac C:/ST/STM32CubeIDE_1.13.2/STM32CubeIDE/plugins/com.st.stm32cube.ide.mcu.externaltools.gnu-tools-for-stm32.11.3.rel1.win32_1.1.100.202309141235/tools/bin/../lib/gcc/arm-none-eabi/11.3.1/thumb/v7e-m+fp/hard\libgcc.a(_arm_addsubdf3.o)
 .debug_frame   0x00000000000051c0       0x50 C:/ST/STM32CubeIDE_1.13.2/STM32CubeIDE/plugins/com.st.stm32cube.ide.mcu.externaltools.gnu-tools-for-stm32.11.3.rel1.win32_1.1.100.202309141235/tools/bin/../lib/gcc/arm-none-eabi/11.3.1/thumb/v7e-m+fp/hard\libgcc.a(_arm_muldivdf3.o)
 .debug_frame   0x0000000000005210       0x24 C:/ST/STM32CubeIDE_1.13.2/STM32CubeIDE/plugins/com.st.stm32cube.ide.mcu.externaltools.gnu-tools-for-stm32.11.3.rel1.win32_1.1.100.202309141235/tools/bin/../lib/gcc/arm-none-eabi/11.3.1/thumb/v7e-m+fp/hard\libgcc.a(_arm_truncdfsf2.o)
 .debug_frame   0x0000000000005234       0x2c C:/ST/STM32CubeIDE_1.13.2/STM32CubeIDE/plugins/com.st.stm32cube.ide.mcu.externaltools.gnu-tools-for-stm32.11.3.rel1.win32_1.1.100.202309141235/tools/bin/../lib/gcc/arm-none-eabi/11.3.1/thumb/v7e-m+fp/hard\libgcc.a(_aeabi_uldivmod.o)
 .debug_frame   0x0000000000005260       0x34 C:/ST/STM32CubeIDE_1.13.2/STM32CubeIDE/plugins/com.st.stm32cube.ide.mcu.externaltools.gnu-tools-for-stm32.11.3.rel1.win32_1.1.100.202309141235/tools/bin/../lib/gcc/arm-none-eabi/11.3.1/thumb/v7e-m+fp/hard\libgcc.a(_udivmoddi4.o)

.debug_line_str
                0x0000000000000000       0x57
 .debug_line_str
                0x0000000000000000       0x57 ./Core/Startup/startup_stm32f407zetx.o
                                         0x6f (size before relaxing)
