../Core/Src/main.c:131:6:SystemClock_Config	88	static,ignoring_inline_asm
../Core/Src/main.c:169:6:init_system	8	static
../Core/Src/main.c:184:6:TestLedDebug	0	static
../Core/Src/main.c:191:6:TestLedY0	0	static
../Core/Src/main.c:200:6:test_led_y1	0	static
../Core/Src/main.c:209:6:test_led_7seg	8	static
../Core/Src/main.c:215:6:TestButtonMatrix	40	static
../Core/Src/main.c:222:6:TestLcd	32	static
../Core/Src/main.c:79:5:main	8	static
../Core/Src/main.c:236:6:Error_Handler	0	static,ignoring_inline_asm
