../Core/Src/lcd.c:18:6:LCD_WR_REG	16	static
../Core/Src/lcd.c:22:6:LCD_WR_DATA	16	static
../Core/Src/lcd.c:26:10:LCD_RD_DATA	16	static
../Core/Src/lcd.c:32:6:lcd_set_address	24	static
../Core/Src/lcd.c:46:6:lcd_set_cursor	16	static
../Core/Src/lcd.c:55:6:lcd_set_display_on	8	static
../Core/Src/lcd.c:59:6:lcd_set_display_off	8	static
../Core/Src/lcd.c:63:10:lcd_read_point	24	static
../Core/Src/lcd.c:80:6:lcd_clear	24	static
../Core/Src/lcd.c:100:6:lcd_fill	32	static
../Core/Src/lcd.c:119:6:lcd_draw_point	16	static
../Core/Src/lcd.c:134:6:lcd_draw_line	64	static
../Core/Src/lcd.c:179:6:lcd_draw_rectangle	32	static
../Core/Src/lcd.c:188:6:lcd_ShowChar	40	static
../Core/Src/lcd.c:234:10:mypow	24	static
../Core/Src/lcd.c:241:6:lcd_ShowIntNum	48	static
../Core/Src/lcd.c:261:6:lcd_ShowFloatNum	56	static
../Core/Src/lcd.c:278:6:lcd_ShowPicture	40	static
../Core/Src/lcd.c:295:6:lcd_SetDir	16	static
../Core/Src/lcd.c:306:6:lcd_init	8	static
../Core/Src/lcd.c:415:13:_draw_circle_8	24	static
../Core/Src/lcd.c:433:6:lcd_DrawCircle	48	static
../Core/Src/lcd.c:466:6:lcd_ShowStr	56	static
../Core/Src/lcd.c:491:6:lcd_StrCenter	48	static
