../Core/Src/lcd.c:15:6:LCD_WR_REG	16	static
../Core/Src/lcd.c:20:6:LCD_WR_DATA	16	static
../Core/Src/lcd.c:25:10:LCD_RD_DATA	16	static
../Core/Src/lcd.c:33:6:lcd_AddressSet	24	static
../Core/Src/lcd.c:49:6:lcd_SetCursor	16	static
../Core/Src/lcd.c:59:6:lcd_DisplayOn	8	static
../Core/Src/lcd.c:64:6:lcd_DisplayOff	8	static
../Core/Src/lcd.c:69:10:lcd_ReadPoint	24	static
../Core/Src/lcd.c:87:6:lcd_Clear	24	static
../Core/Src/lcd.c:109:6:lcd_Fill	32	static
../Core/Src/lcd.c:129:6:lcd_DrawPoint	16	static
../Core/Src/lcd.c:144:6:lcd_DrawLine	64	static
../Core/Src/lcd.c:180:6:lcd_DrawRectangle	32	static
../Core/Src/lcd.c:188:6:lcd_ShowChar	40	static
../Core/Src/lcd.c:232:10:mypow	24	static
../Core/Src/lcd.c:239:6:lcd_ShowIntNum	48	static
../Core/Src/lcd.c:261:6:lcd_ShowFloatNum	56	static
../Core/Src/lcd.c:280:6:lcd_ShowPicture	40	static
../Core/Src/lcd.c:299:6:lcd_SetDir	16	static
../Core/Src/lcd.c:313:6:lcd_init	8	static
../Core/Src/lcd.c:423:13:_draw_circle_8	24	static
../Core/Src/lcd.c:442:6:lcd_DrawCircle	48	static
../Core/Src/lcd.c:478:6:lcd_ShowStr	56	static
../Core/Src/lcd.c:506:6:lcd_StrCenter	48	static
