../Core/Src/main.c:82:5:main	8	static
../Core/Src/main.c:142:6:SystemClock_Config	88	static
../Core/Src/main.c:182:6:init_system	8	static
../Core/Src/main.c:191:6:delay_ms	16	static
../Core/Src/main.c:195:6:OpenOutput	16	static
../Core/Src/main.c:202:6:CloseOutput	16	static
../Core/Src/main.c:209:6:TestOutput	16	static
../Core/Src/main.c:219:6:ReverseOutput	16	static
../Core/Src/main.c:229:6:Led_0	8	static
../Core/Src/main.c:237:6:Led_1	8	static
../Core/Src/main.c:250:6:Error_Handler	4	static,ignoring_inline_asm
