../Core/Src/main.c:82:5:main	8	static
../Core/Src/main.c:135:6:SystemClock_Config	88	static
../Core/Src/main.c:175:6:init_system	8	static
../Core/Src/main.c:187:6:delay_ms	16	static
../Core/Src/main.c:191:6:OpenOutput	16	static
../Core/Src/main.c:198:6:CloseOutput	16	static
../Core/Src/main.c:205:6:TestOutput	16	static
../Core/Src/main.c:215:6:ReverseOutput	16	static
../Core/Src/main.c:225:6:Led_0	8	static
../Core/Src/main.c:233:6:Led_1	8	static
../Core/Src/main.c:246:6:Error_Handler	4	static,ignoring_inline_asm
